[0.173s] DEBUG:colcon:Command line arguments: ['/usr/bin/colcon', 'build']
[0.173s] DEBUG:colcon:Parsed command line arguments: Namespace(log_base=None, log_level=None, verb_name='build', build_base='build', install_base='install', merge_install=False, symlink_install=False, test_result_base=None, continue_on_error=False, executor='parallel', parallel_workers=12, event_handlers=None, ignore_user_meta=False, metas=['./colcon.meta'], base_paths=['.'], packages_ignore=None, packages_ignore_regex=None, paths=None, packages_up_to=None, packages_up_to_regex=None, packages_above=None, packages_above_and_dependencies=None, packages_above_depth=None, packages_select_by_dep=None, packages_skip_by_dep=None, packages_skip_up_to=None, packages_select_build_failed=False, packages_skip_build_finished=False, packages_select_test_failures=False, packages_skip_test_passed=False, packages_select=None, packages_skip=None, packages_select_regex=None, packages_skip_regex=None, packages_start=None, packages_end=None, allow_overriding=[], cmake_args=None, cmake_target=None, cmake_target_skip_unavailable=False, cmake_clean_cache=False, cmake_clean_first=False, cmake_force_configure=False, ament_cmake_args=None, catkin_cmake_args=None, catkin_skip_building_tests=False, verb_parser=<colcon_defaults.argument_parser.defaults.DefaultArgumentsDecorator object at 0x7d3975a10df0>, verb_extension=<colcon_core.verb.build.BuildVerb object at 0x7d3975a10a30>, main=<bound method BuildVerb.main of <colcon_core.verb.build.BuildVerb object at 0x7d3975a10a30>>)
[0.405s] Level 1:colcon.colcon_core.package_discovery:discover_packages(colcon_meta) check parameters
[0.405s] Level 1:colcon.colcon_core.package_discovery:discover_packages(recursive) check parameters
[0.405s] Level 1:colcon.colcon_core.package_discovery:discover_packages(ignore) check parameters
[0.405s] Level 1:colcon.colcon_core.package_discovery:discover_packages(path) check parameters
[0.405s] Level 1:colcon.colcon_core.package_discovery:discover_packages(colcon_meta) discover
[0.405s] Level 1:colcon.colcon_core.package_discovery:discover_packages(recursive) discover
[0.405s] INFO:colcon.colcon_core.package_discovery:Crawling recursively for packages in '/home/sam/g1_humble_ws/unitree_g1_description'
[0.405s] Level 1:colcon.colcon_core.package_identification:_identify(.) by extensions ['ignore', 'ignore_ament_install']
[0.405s] Level 1:colcon.colcon_core.package_identification:_identify(.) by extension 'ignore'
[0.406s] Level 1:colcon.colcon_core.package_identification:_identify(.) by extension 'ignore_ament_install'
[0.406s] Level 1:colcon.colcon_core.package_identification:_identify(.) by extensions ['colcon_pkg']
[0.406s] Level 1:colcon.colcon_core.package_identification:_identify(.) by extension 'colcon_pkg'
[0.406s] Level 1:colcon.colcon_core.package_identification:_identify(.) by extensions ['colcon_meta']
[0.406s] Level 1:colcon.colcon_core.package_identification:_identify(.) by extension 'colcon_meta'
[0.406s] Level 1:colcon.colcon_core.package_identification:_identify(.) by extensions ['ros']
[0.406s] Level 1:colcon.colcon_core.package_identification:_identify(.) by extension 'ros'
[0.421s] DEBUG:colcon.colcon_core.package_identification:Package '.' with type 'ros.ament_cmake' and name 'unitree_g1_description'
[0.421s] Level 1:colcon.colcon_core.package_discovery:discover_packages(recursive) using defaults
[0.421s] Level 1:colcon.colcon_core.package_discovery:discover_packages(ignore) discover
[0.421s] Level 1:colcon.colcon_core.package_discovery:discover_packages(ignore) using defaults
[0.421s] Level 1:colcon.colcon_core.package_discovery:discover_packages(path) discover
[0.421s] Level 1:colcon.colcon_core.package_discovery:discover_packages(path) using defaults
[0.448s] Level 1:colcon.colcon_core.package_discovery:discover_packages(prefix_path) check parameters
[0.448s] Level 1:colcon.colcon_core.package_discovery:discover_packages(prefix_path) discover
[0.451s] DEBUG:colcon.colcon_installed_package_information.package_discovery:Found 1 installed packages in /home/sam/g1_humble_ws/install
[0.452s] DEBUG:colcon.colcon_installed_package_information.package_discovery:Found 257 installed packages in /opt/ros/humble
[0.452s] Level 1:colcon.colcon_core.package_discovery:discover_packages(prefix_path) using defaults
[0.483s] Level 5:colcon.colcon_core.verb:set package 'unitree_g1_description' build argument 'cmake_args' from command line to 'None'
[0.483s] Level 5:colcon.colcon_core.verb:set package 'unitree_g1_description' build argument 'cmake_target' from command line to 'None'
[0.483s] Level 5:colcon.colcon_core.verb:set package 'unitree_g1_description' build argument 'cmake_target_skip_unavailable' from command line to 'False'
[0.483s] Level 5:colcon.colcon_core.verb:set package 'unitree_g1_description' build argument 'cmake_clean_cache' from command line to 'False'
[0.483s] Level 5:colcon.colcon_core.verb:set package 'unitree_g1_description' build argument 'cmake_clean_first' from command line to 'False'
[0.483s] Level 5:colcon.colcon_core.verb:set package 'unitree_g1_description' build argument 'cmake_force_configure' from command line to 'False'
[0.483s] Level 5:colcon.colcon_core.verb:set package 'unitree_g1_description' build argument 'ament_cmake_args' from command line to 'None'
[0.483s] Level 5:colcon.colcon_core.verb:set package 'unitree_g1_description' build argument 'catkin_cmake_args' from command line to 'None'
[0.483s] Level 5:colcon.colcon_core.verb:set package 'unitree_g1_description' build argument 'catkin_skip_building_tests' from command line to 'False'
[0.483s] DEBUG:colcon.colcon_core.verb:Building package 'unitree_g1_description' with the following arguments: {'ament_cmake_args': None, 'build_base': '/home/sam/g1_humble_ws/unitree_g1_description/build/unitree_g1_description', 'catkin_cmake_args': None, 'catkin_skip_building_tests': False, 'cmake_args': None, 'cmake_clean_cache': False, 'cmake_clean_first': False, 'cmake_force_configure': False, 'cmake_target': None, 'cmake_target_skip_unavailable': False, 'install_base': '/home/sam/g1_humble_ws/unitree_g1_description/install/unitree_g1_description', 'merge_install': False, 'path': '/home/sam/g1_humble_ws/unitree_g1_description', 'symlink_install': False, 'test_result_base': None}
[0.483s] INFO:colcon.colcon_core.executor:Executing jobs using 'parallel' executor
[0.484s] DEBUG:colcon.colcon_parallel_executor.executor.parallel:run_until_complete
[0.484s] INFO:colcon.colcon_ros.task.ament_cmake.build:Building ROS package in '/home/sam/g1_humble_ws/unitree_g1_description' with build type 'ament_cmake'
[0.485s] INFO:colcon.colcon_cmake.task.cmake.build:Building CMake package in '/home/sam/g1_humble_ws/unitree_g1_description'
[0.491s] INFO:colcon.colcon_core.plugin_system:Skipping extension 'colcon_core.shell.bat': Not used on non-Windows systems
[0.491s] INFO:colcon.colcon_core.shell:Skip shell extension 'powershell' for command environment: Not usable outside of PowerShell
[0.491s] DEBUG:colcon.colcon_core.shell:Skip shell extension 'dsv' for command environment
[0.502s] DEBUG:colcon.colcon_core.event_handler.log_command:Invoking command in '/home/sam/g1_humble_ws/unitree_g1_description/build/unitree_g1_description': CMAKE_PREFIX_PATH=${CMAKE_PREFIX_PATH}:/opt/ros/humble /usr/bin/cmake /home/sam/g1_humble_ws/unitree_g1_description -DCMAKE_INSTALL_PREFIX=/home/sam/g1_humble_ws/unitree_g1_description/install/unitree_g1_description
[1.700s] DEBUG:colcon.colcon_core.event_handler.log_command:Invoked command in '/home/sam/g1_humble_ws/unitree_g1_description/build/unitree_g1_description' returned '0': CMAKE_PREFIX_PATH=${CMAKE_PREFIX_PATH}:/opt/ros/humble /usr/bin/cmake /home/sam/g1_humble_ws/unitree_g1_description -DCMAKE_INSTALL_PREFIX=/home/sam/g1_humble_ws/unitree_g1_description/install/unitree_g1_description
[1.702s] DEBUG:colcon.colcon_core.event_handler.log_command:Invoking command in '/home/sam/g1_humble_ws/unitree_g1_description/build/unitree_g1_description': CMAKE_PREFIX_PATH=${CMAKE_PREFIX_PATH}:/opt/ros/humble /usr/bin/cmake --build /home/sam/g1_humble_ws/unitree_g1_description/build/unitree_g1_description -- -j12 -l12
[1.741s] DEBUG:colcon.colcon_core.event_handler.log_command:Invoked command in '/home/sam/g1_humble_ws/unitree_g1_description/build/unitree_g1_description' returned '0': CMAKE_PREFIX_PATH=${CMAKE_PREFIX_PATH}:/opt/ros/humble /usr/bin/cmake --build /home/sam/g1_humble_ws/unitree_g1_description/build/unitree_g1_description -- -j12 -l12
[1.751s] DEBUG:colcon.colcon_core.event_handler.log_command:Invoking command in '/home/sam/g1_humble_ws/unitree_g1_description/build/unitree_g1_description': CMAKE_PREFIX_PATH=${CMAKE_PREFIX_PATH}:/opt/ros/humble /usr/bin/cmake --install /home/sam/g1_humble_ws/unitree_g1_description/build/unitree_g1_description
[2.146s] Level 1:colcon.colcon_core.environment:create_environment_scripts_only(unitree_g1_description)
[2.147s] DEBUG:colcon.colcon_core.event_handler.log_command:Invoked command in '/home/sam/g1_humble_ws/unitree_g1_description/build/unitree_g1_description' returned '0': CMAKE_PREFIX_PATH=${CMAKE_PREFIX_PATH}:/opt/ros/humble /usr/bin/cmake --install /home/sam/g1_humble_ws/unitree_g1_description/build/unitree_g1_description
[2.152s] Level 1:colcon.colcon_core.environment:checking '/home/sam/g1_humble_ws/unitree_g1_description/install/unitree_g1_description' for CMake module files
[2.152s] Level 1:colcon.colcon_core.environment:checking '/home/sam/g1_humble_ws/unitree_g1_description/install/unitree_g1_description' for CMake config files
[2.152s] Level 1:colcon.colcon_core.shell:create_environment_hook('unitree_g1_description', 'cmake_prefix_path')
[2.152s] INFO:colcon.colcon_core.shell:Creating environment hook '/home/sam/g1_humble_ws/unitree_g1_description/install/unitree_g1_description/share/unitree_g1_description/hook/cmake_prefix_path.ps1'
[2.154s] INFO:colcon.colcon_core.shell:Creating environment descriptor '/home/sam/g1_humble_ws/unitree_g1_description/install/unitree_g1_description/share/unitree_g1_description/hook/cmake_prefix_path.dsv'
[2.154s] INFO:colcon.colcon_core.shell:Creating environment hook '/home/sam/g1_humble_ws/unitree_g1_description/install/unitree_g1_description/share/unitree_g1_description/hook/cmake_prefix_path.sh'
[2.156s] Level 1:colcon.colcon_core.environment:checking '/home/sam/g1_humble_ws/unitree_g1_description/install/unitree_g1_description/bin'
[2.156s] Level 1:colcon.colcon_core.environment:checking '/home/sam/g1_humble_ws/unitree_g1_description/install/unitree_g1_description/lib/pkgconfig/unitree_g1_description.pc'
[2.156s] Level 1:colcon.colcon_core.environment:checking '/home/sam/g1_humble_ws/unitree_g1_description/install/unitree_g1_description/lib/python3.10/site-packages'
[2.156s] Level 1:colcon.colcon_core.environment:checking '/home/sam/g1_humble_ws/unitree_g1_description/install/unitree_g1_description/bin'
[2.156s] INFO:colcon.colcon_core.shell:Creating package script '/home/sam/g1_humble_ws/unitree_g1_description/install/unitree_g1_description/share/unitree_g1_description/package.ps1'
[2.157s] INFO:colcon.colcon_core.shell:Creating package descriptor '/home/sam/g1_humble_ws/unitree_g1_description/install/unitree_g1_description/share/unitree_g1_description/package.dsv'
[2.158s] INFO:colcon.colcon_core.shell:Creating package script '/home/sam/g1_humble_ws/unitree_g1_description/install/unitree_g1_description/share/unitree_g1_description/package.sh'
[2.160s] INFO:colcon.colcon_core.shell:Creating package script '/home/sam/g1_humble_ws/unitree_g1_description/install/unitree_g1_description/share/unitree_g1_description/package.bash'
[2.161s] INFO:colcon.colcon_core.shell:Creating package script '/home/sam/g1_humble_ws/unitree_g1_description/install/unitree_g1_description/share/unitree_g1_description/package.zsh'
[2.162s] Level 1:colcon.colcon_core.environment:create_file_with_runtime_dependencies(/home/sam/g1_humble_ws/unitree_g1_description/install/unitree_g1_description/share/colcon-core/packages/unitree_g1_description)
[2.163s] Level 1:colcon.colcon_core.environment:create_environment_scripts_only(unitree_g1_description)
[2.163s] Level 1:colcon.colcon_core.environment:checking '/home/sam/g1_humble_ws/unitree_g1_description/install/unitree_g1_description' for CMake module files
[2.163s] Level 1:colcon.colcon_core.environment:checking '/home/sam/g1_humble_ws/unitree_g1_description/install/unitree_g1_description' for CMake config files
[2.164s] Level 1:colcon.colcon_core.shell:create_environment_hook('unitree_g1_description', 'cmake_prefix_path')
[2.164s] INFO:colcon.colcon_core.shell:Creating environment hook '/home/sam/g1_humble_ws/unitree_g1_description/install/unitree_g1_description/share/unitree_g1_description/hook/cmake_prefix_path.ps1'
[2.164s] INFO:colcon.colcon_core.shell:Creating environment descriptor '/home/sam/g1_humble_ws/unitree_g1_description/install/unitree_g1_description/share/unitree_g1_description/hook/cmake_prefix_path.dsv'
[2.164s] INFO:colcon.colcon_core.shell:Creating environment hook '/home/sam/g1_humble_ws/unitree_g1_description/install/unitree_g1_description/share/unitree_g1_description/hook/cmake_prefix_path.sh'
[2.165s] Level 1:colcon.colcon_core.environment:checking '/home/sam/g1_humble_ws/unitree_g1_description/install/unitree_g1_description/bin'
[2.165s] Level 1:colcon.colcon_core.environment:checking '/home/sam/g1_humble_ws/unitree_g1_description/install/unitree_g1_description/lib/pkgconfig/unitree_g1_description.pc'
[2.165s] Level 1:colcon.colcon_core.environment:checking '/home/sam/g1_humble_ws/unitree_g1_description/install/unitree_g1_description/lib/python3.10/site-packages'
[2.165s] Level 1:colcon.colcon_core.environment:checking '/home/sam/g1_humble_ws/unitree_g1_description/install/unitree_g1_description/bin'
[2.165s] INFO:colcon.colcon_core.shell:Creating package script '/home/sam/g1_humble_ws/unitree_g1_description/install/unitree_g1_description/share/unitree_g1_description/package.ps1'
[2.166s] INFO:colcon.colcon_core.shell:Creating package descriptor '/home/sam/g1_humble_ws/unitree_g1_description/install/unitree_g1_description/share/unitree_g1_description/package.dsv'
[2.166s] INFO:colcon.colcon_core.shell:Creating package script '/home/sam/g1_humble_ws/unitree_g1_description/install/unitree_g1_description/share/unitree_g1_description/package.sh'
[2.166s] INFO:colcon.colcon_core.shell:Creating package script '/home/sam/g1_humble_ws/unitree_g1_description/install/unitree_g1_description/share/unitree_g1_description/package.bash'
[2.167s] INFO:colcon.colcon_core.shell:Creating package script '/home/sam/g1_humble_ws/unitree_g1_description/install/unitree_g1_description/share/unitree_g1_description/package.zsh'
[2.167s] Level 1:colcon.colcon_core.environment:create_file_with_runtime_dependencies(/home/sam/g1_humble_ws/unitree_g1_description/install/unitree_g1_description/share/colcon-core/packages/unitree_g1_description)
[2.167s] DEBUG:colcon.colcon_parallel_executor.executor.parallel:closing loop
[2.168s] DEBUG:colcon.colcon_parallel_executor.executor.parallel:loop closed
[2.168s] DEBUG:colcon.colcon_parallel_executor.executor.parallel:run_until_complete finished with '0'
[2.168s] DEBUG:colcon.colcon_core.event_reactor:joining thread
[2.194s] INFO:colcon.colcon_core.plugin_system:Skipping extension 'colcon_notification.desktop_notification.notify_send': Could not find 'notify-send'
[2.194s] INFO:colcon.colcon_core.plugin_system:Skipping extension 'colcon_notification.desktop_notification.terminal_notifier': Not used on non-Darwin systems
[2.194s] INFO:colcon.colcon_core.plugin_system:Skipping extension 'colcon_notification.desktop_notification.win32': Not used on non-Windows systems
[2.194s] INFO:colcon.colcon_notification.desktop_notification:Sending desktop notification using 'notify2'
[2.195s] DEBUG:colcon.colcon_notification.desktop_notification.notify2:Failed to initialize notify2: org.freedesktop.DBus.Error.FileNotFound: Failed to connect to socket /run/user/1000/bus: No such file or directory
[2.195s] DEBUG:colcon.colcon_core.event_reactor:joined thread
[2.195s] INFO:colcon.colcon_core.shell:Creating prefix script '/home/sam/g1_humble_ws/unitree_g1_description/install/local_setup.ps1'
[2.198s] INFO:colcon.colcon_core.shell:Creating prefix util module '/home/sam/g1_humble_ws/unitree_g1_description/install/_local_setup_util_ps1.py'
[2.199s] INFO:colcon.colcon_core.shell:Creating prefix chain script '/home/sam/g1_humble_ws/unitree_g1_description/install/setup.ps1'
[2.200s] INFO:colcon.colcon_core.shell:Creating prefix script '/home/sam/g1_humble_ws/unitree_g1_description/install/local_setup.sh'
[2.201s] INFO:colcon.colcon_core.shell:Creating prefix util module '/home/sam/g1_humble_ws/unitree_g1_description/install/_local_setup_util_sh.py'
[2.202s] INFO:colcon.colcon_core.shell:Creating prefix chain script '/home/sam/g1_humble_ws/unitree_g1_description/install/setup.sh'
[2.203s] INFO:colcon.colcon_core.shell:Creating prefix script '/home/sam/g1_humble_ws/unitree_g1_description/install/local_setup.bash'
[2.204s] INFO:colcon.colcon_core.shell:Creating prefix chain script '/home/sam/g1_humble_ws/unitree_g1_description/install/setup.bash'
[2.205s] INFO:colcon.colcon_core.shell:Creating prefix script '/home/sam/g1_humble_ws/unitree_g1_description/install/local_setup.zsh'
[2.206s] INFO:colcon.colcon_core.shell:Creating prefix chain script '/home/sam/g1_humble_ws/unitree_g1_description/install/setup.zsh'
