[0.000000] (-) TimerEvent: {}
[0.001753] (unitree_g1_description) JobQueued: {'identifier': 'unitree_g1_description', 'dependencies': OrderedDict()}
[0.002019] (unitree_g1_description) JobStarted: {'identifier': 'unitree_g1_description'}
[0.019890] (unitree_g1_description) JobProgress: {'identifier': 'unitree_g1_description', 'progress': 'cmake'}
[0.022548] (unitree_g1_description) JobProgress: {'identifier': 'unitree_g1_description', 'progress': 'build'}
[0.024130] (unitree_g1_description) Command: {'cmd': ['/usr/bin/cmake', '--build', '/home/sam/g1_humble_ws/build/unitree_g1_description', '--', '-j12', '-l12'], 'cwd': '/home/sam/g1_humble_ws/build/unitree_g1_description', 'env': OrderedDict([('USER', 'sam'), ('SHLVL', '0'), ('LD_LIBRARY_PATH', '/usr/lib/x86_64-linux-gnu/gazebo-11/plugins:/opt/ros/humble/opt/rviz_ogre_vendor/lib:/opt/ros/humble/lib/x86_64-linux-gnu:/opt/ros/humble/lib'), ('HOME', '/home/sam'), ('OLDPWD', '/home/sam/g1_humble_ws'), ('DBUS_SESSION_BUS_ADDRESS', 'unix:path=/run/user/1000/bus'), ('WSL_DISTRO_NAME', 'Ubuntu-22.04'), ('WAYLAND_DISPLAY', 'wayland-0'), ('LOGNAME', 'sam'), ('NAME', 'LIBL-GZTMKY3'), ('WSL_INTEROP', '/run/WSL/194299_interop'), ('PULSE_SERVER', 'unix:/mnt/wslg/PulseServer'), ('_', '/usr/bin/colcon'), ('TERM', 'xterm-256color'), ('PATH', '/opt/ros/humble/bin:/usr/local/sbin:/usr/local/bin:/usr/sbin:/usr/bin:/sbin:/bin:/usr/games:/usr/local/games:/usr/lib/wsl/lib:/mnt/c/Windows/system32:/mnt/c/Windows:/mnt/c/Windows/System32/Wbem:/mnt/c/Windows/System32/WindowsPowerShell/v1.0/:/mnt/c/Windows/System32/OpenSSH/:/mnt/c/Program Files/cursor/resources/app/bin:/mnt/c/Users/sbatra/AppData/Local/Programs/Python/Python312/Scripts/:/mnt/c/Users/sbatra/AppData/Local/Programs/Python/Python312/:/mnt/c/Users/sbatra/AppData/Local/Programs/Python/Launcher/:/mnt/c/Users/sbatra/AppData/Local/Microsoft/WindowsApps:/mnt/c/Users/sbatra/AppData/Local/Programs/Microsoft VS Code/bin'), ('XDG_RUNTIME_DIR', '/run/user/1000/'), ('DISPLAY', ':0'), ('LANG', 'C.UTF-8'), ('AMENT_PREFIX_PATH', '/opt/ros/humble'), ('SHELL', '/bin/bash'), ('PWD', '/home/sam/g1_humble_ws/build/unitree_g1_description'), ('PYTHONPATH', '/opt/ros/humble/lib/python3.10/site-packages:/opt/ros/humble/local/lib/python3.10/dist-packages'), ('COLCON', '1'), ('WSL2_GUI_APPS_ENABLED', '1'), ('HOSTTYPE', 'x86_64'), ('WSLENV', ''), ('CMAKE_PREFIX_PATH', '/opt/ros/humble')]), 'shell': False}
[0.099431] (-) TimerEvent: {}
[0.141665] (unitree_g1_description) CommandEnded: {'returncode': 0}
[0.142945] (unitree_g1_description) JobProgress: {'identifier': 'unitree_g1_description', 'progress': 'install'}
[0.159543] (unitree_g1_description) Command: {'cmd': ['/usr/bin/cmake', '--install', '/home/sam/g1_humble_ws/build/unitree_g1_description'], 'cwd': '/home/sam/g1_humble_ws/build/unitree_g1_description', 'env': OrderedDict([('USER', 'sam'), ('SHLVL', '0'), ('LD_LIBRARY_PATH', '/usr/lib/x86_64-linux-gnu/gazebo-11/plugins:/opt/ros/humble/opt/rviz_ogre_vendor/lib:/opt/ros/humble/lib/x86_64-linux-gnu:/opt/ros/humble/lib'), ('HOME', '/home/sam'), ('OLDPWD', '/home/sam/g1_humble_ws'), ('DBUS_SESSION_BUS_ADDRESS', 'unix:path=/run/user/1000/bus'), ('WSL_DISTRO_NAME', 'Ubuntu-22.04'), ('WAYLAND_DISPLAY', 'wayland-0'), ('LOGNAME', 'sam'), ('NAME', 'LIBL-GZTMKY3'), ('WSL_INTEROP', '/run/WSL/194299_interop'), ('PULSE_SERVER', 'unix:/mnt/wslg/PulseServer'), ('_', '/usr/bin/colcon'), ('TERM', 'xterm-256color'), ('PATH', '/opt/ros/humble/bin:/usr/local/sbin:/usr/local/bin:/usr/sbin:/usr/bin:/sbin:/bin:/usr/games:/usr/local/games:/usr/lib/wsl/lib:/mnt/c/Windows/system32:/mnt/c/Windows:/mnt/c/Windows/System32/Wbem:/mnt/c/Windows/System32/WindowsPowerShell/v1.0/:/mnt/c/Windows/System32/OpenSSH/:/mnt/c/Program Files/cursor/resources/app/bin:/mnt/c/Users/sbatra/AppData/Local/Programs/Python/Python312/Scripts/:/mnt/c/Users/sbatra/AppData/Local/Programs/Python/Python312/:/mnt/c/Users/sbatra/AppData/Local/Programs/Python/Launcher/:/mnt/c/Users/sbatra/AppData/Local/Microsoft/WindowsApps:/mnt/c/Users/sbatra/AppData/Local/Programs/Microsoft VS Code/bin'), ('XDG_RUNTIME_DIR', '/run/user/1000/'), ('DISPLAY', ':0'), ('LANG', 'C.UTF-8'), ('AMENT_PREFIX_PATH', '/opt/ros/humble'), ('SHELL', '/bin/bash'), ('PWD', '/home/sam/g1_humble_ws/build/unitree_g1_description'), ('PYTHONPATH', '/opt/ros/humble/lib/python3.10/site-packages:/opt/ros/humble/local/lib/python3.10/dist-packages'), ('COLCON', '1'), ('WSL2_GUI_APPS_ENABLED', '1'), ('HOSTTYPE', 'x86_64'), ('WSLENV', ''), ('CMAKE_PREFIX_PATH', '/opt/ros/humble')]), 'shell': False}
[0.176916] (unitree_g1_description) StdoutLine: {'line': b'-- Install configuration: ""\n'}
[0.178300] (unitree_g1_description) StdoutLine: {'line': b'-- Execute custom install script\n'}
[0.179988] (unitree_g1_description) StdoutLine: {'line': b'-- Up-to-date symlink: /home/sam/g1_humble_ws/install/unitree_g1_description/share/unitree_g1_description/urdf/g1_23dof.urdf\n'}
[0.180648] (unitree_g1_description) StdoutLine: {'line': b'-- Up-to-date symlink: /home/sam/g1_humble_ws/install/unitree_g1_description/share/unitree_g1_description/urdf/g1_23dof.xml\n'}
[0.181747] (unitree_g1_description) StdoutLine: {'line': b'-- Up-to-date symlink: /home/sam/g1_humble_ws/install/unitree_g1_description/share/unitree_g1_description/urdf/g1_23dof_mode_10.urdf\n'}
[0.182971] (unitree_g1_description) StdoutLine: {'line': b'-- Up-to-date symlink: /home/sam/g1_humble_ws/install/unitree_g1_description/share/unitree_g1_description/urdf/g1_23dof_rev_1_0.urdf\n'}
[0.183787] (unitree_g1_description) StdoutLine: {'line': b'-- Up-to-date symlink: /home/sam/g1_humble_ws/install/unitree_g1_description/share/unitree_g1_description/urdf/g1_23dof_rev_1_0.xml\n'}
[0.184212] (unitree_g1_description) StdoutLine: {'line': b'-- Up-to-date symlink: /home/sam/g1_humble_ws/install/unitree_g1_description/share/unitree_g1_description/urdf/g1_29dof.urdf\n'}
[0.184636] (unitree_g1_description) StdoutLine: {'line': b'-- Up-to-date symlink: /home/sam/g1_humble_ws/install/unitree_g1_description/share/unitree_g1_description/urdf/g1_29dof.xml\n'}
[0.185248] (unitree_g1_description) StdoutLine: {'line': b'-- Up-to-date symlink: /home/sam/g1_humble_ws/install/unitree_g1_description/share/unitree_g1_description/urdf/g1_29dof_lock_waist.urdf\n'}
[0.186433] (unitree_g1_description) StdoutLine: {'line': b'-- Up-to-date symlink: /home/sam/g1_humble_ws/install/unitree_g1_description/share/unitree_g1_description/urdf/g1_29dof_lock_waist.xml\n'}
[0.186959] (unitree_g1_description) StdoutLine: {'line': b'-- Up-to-date symlink: /home/sam/g1_humble_ws/install/unitree_g1_description/share/unitree_g1_description/urdf/g1_29dof_lock_waist_rev_1_0.urdf\n'}
[0.187198] (unitree_g1_description) StdoutLine: {'line': b'-- Up-to-date symlink: /home/sam/g1_humble_ws/install/unitree_g1_description/share/unitree_g1_description/urdf/g1_29dof_lock_waist_rev_1_0.xml\n'}
[0.187365] (unitree_g1_description) StdoutLine: {'line': b'-- Up-to-date symlink: /home/sam/g1_humble_ws/install/unitree_g1_description/share/unitree_g1_description/urdf/g1_29dof_lock_waist_with_hand_rev_1_0.urdf\n'}
[0.191673] (unitree_g1_description) StdoutLine: {'line': b'-- Up-to-date symlink: /home/sam/g1_humble_ws/install/unitree_g1_description/share/unitree_g1_description/urdf/g1_29dof_lock_waist_with_hand_rev_1_0.xml\n'}
[0.192012] (unitree_g1_description) StdoutLine: {'line': b'-- Up-to-date symlink: /home/sam/g1_humble_ws/install/unitree_g1_description/share/unitree_g1_description/urdf/g1_29dof_mode_11.urdf\n'}
[0.192139] (unitree_g1_description) StdoutLine: {'line': b'-- Up-to-date symlink: /home/sam/g1_humble_ws/install/unitree_g1_description/share/unitree_g1_description/urdf/g1_29dof_mode_12.urdf\n'}
[0.192235] (unitree_g1_description) StdoutLine: {'line': b'-- Up-to-date symlink: /home/sam/g1_humble_ws/install/unitree_g1_description/share/unitree_g1_description/urdf/g1_29dof_mode_13.urdf\n'}
[0.192323] (unitree_g1_description) StdoutLine: {'line': b'-- Up-to-date symlink: /home/sam/g1_humble_ws/install/unitree_g1_description/share/unitree_g1_description/urdf/g1_29dof_mode_14.urdf\n'}
[0.192841] (unitree_g1_description) StdoutLine: {'line': b'-- Up-to-date symlink: /home/sam/g1_humble_ws/install/unitree_g1_description/share/unitree_g1_description/urdf/g1_29dof_mode_15.urdf\n'}
[0.193090] (unitree_g1_description) StdoutLine: {'line': b'-- Up-to-date symlink: /home/sam/g1_humble_ws/install/unitree_g1_description/share/unitree_g1_description/urdf/g1_29dof_mode_16.urdf\n'}
[0.193252] (unitree_g1_description) StdoutLine: {'line': b'-- Up-to-date symlink: /home/sam/g1_humble_ws/install/unitree_g1_description/share/unitree_g1_description/urdf/g1_29dof_rev_1_0.urdf\n'}
[0.193395] (unitree_g1_description) StdoutLine: {'line': b'-- Up-to-date symlink: /home/sam/g1_humble_ws/install/unitree_g1_description/share/unitree_g1_description/urdf/g1_29dof_rev_1_0.xml\n'}
[0.193794] (unitree_g1_description) StdoutLine: {'line': b'-- Up-to-date symlink: /home/sam/g1_humble_ws/install/unitree_g1_description/share/unitree_g1_description/urdf/g1_29dof_rev_1_0_with_inspire_hand_DFQ.urdf\n'}
[0.193999] (unitree_g1_description) StdoutLine: {'line': b'-- Up-to-date symlink: /home/sam/g1_humble_ws/install/unitree_g1_description/share/unitree_g1_description/urdf/g1_29dof_rev_1_0_with_inspire_hand_FTP.urdf\n'}
[0.194172] (unitree_g1_description) StdoutLine: {'line': b'-- Up-to-date symlink: /home/sam/g1_humble_ws/install/unitree_g1_description/share/unitree_g1_description/urdf/g1_29dof_with_hand.urdf\n'}
[0.194351] (unitree_g1_description) StdoutLine: {'line': b'-- Up-to-date symlink: /home/sam/g1_humble_ws/install/unitree_g1_description/share/unitree_g1_description/urdf/g1_29dof_with_hand.xml\n'}
[0.194509] (unitree_g1_description) StdoutLine: {'line': b'-- Up-to-date symlink: /home/sam/g1_humble_ws/install/unitree_g1_description/share/unitree_g1_description/urdf/g1_29dof_with_hand_rev_1_0.urdf\n'}
[0.194652] (unitree_g1_description) StdoutLine: {'line': b'-- Up-to-date symlink: /home/sam/g1_humble_ws/install/unitree_g1_description/share/unitree_g1_description/urdf/g1_29dof_with_hand_rev_1_0.xml\n'}
[0.194792] (unitree_g1_description) StdoutLine: {'line': b'-- Up-to-date symlink: /home/sam/g1_humble_ws/install/unitree_g1_description/share/unitree_g1_description/urdf/g1_comp.urdf\n'}
[0.194925] (unitree_g1_description) StdoutLine: {'line': b'-- Up-to-date symlink: /home/sam/g1_humble_ws/install/unitree_g1_description/share/unitree_g1_description/urdf/g1_dual_arm.urdf\n'}
[0.195054] (unitree_g1_description) StdoutLine: {'line': b'-- Up-to-date symlink: /home/sam/g1_humble_ws/install/unitree_g1_description/share/unitree_g1_description/urdf/g1_dual_arm.xml\n'}
[0.197364] (unitree_g1_description) StdoutLine: {'line': b'-- Up-to-date symlink: /home/sam/g1_humble_ws/install/unitree_g1_description/share/unitree_g1_description/meshes/L_hand_base_link.STL\n'}
[0.197833] (unitree_g1_description) StdoutLine: {'line': b'-- Up-to-date symlink: /home/sam/g1_humble_ws/install/unitree_g1_description/share/unitree_g1_description/meshes/Link11_L.STL\n'}
[0.199058] (unitree_g1_description) StdoutLine: {'line': b'-- Up-to-date symlink: /home/sam/g1_humble_ws/install/unitree_g1_description/share/unitree_g1_description/meshes/Link11_R.STL\n'}
[0.199703] (-) TimerEvent: {}
[0.199943] (unitree_g1_description) StdoutLine: {'line': b'-- Up-to-date symlink: /home/sam/g1_humble_ws/install/unitree_g1_description/share/unitree_g1_description/meshes/Link12_L.STL\n'}
[0.200555] (unitree_g1_description) StdoutLine: {'line': b'-- Up-to-date symlink: /home/sam/g1_humble_ws/install/unitree_g1_description/share/unitree_g1_description/meshes/Link12_R.STL\n'}
[0.200754] (unitree_g1_description) StdoutLine: {'line': b'-- Up-to-date symlink: /home/sam/g1_humble_ws/install/unitree_g1_description/share/unitree_g1_description/meshes/Link13_L.STL\n'}
[0.200915] (unitree_g1_description) StdoutLine: {'line': b'-- Up-to-date symlink: /home/sam/g1_humble_ws/install/unitree_g1_description/share/unitree_g1_description/meshes/Link13_R.STL\n'}
[0.201073] (unitree_g1_description) StdoutLine: {'line': b'-- Up-to-date symlink: /home/sam/g1_humble_ws/install/unitree_g1_description/share/unitree_g1_description/meshes/Link14_L.STL\n'}
[0.201229] (unitree_g1_description) StdoutLine: {'line': b'-- Up-to-date symlink: /home/sam/g1_humble_ws/install/unitree_g1_description/share/unitree_g1_description/meshes/Link14_R.STL\n'}
[0.201450] (unitree_g1_description) StdoutLine: {'line': b'-- Up-to-date symlink: /home/sam/g1_humble_ws/install/unitree_g1_description/share/unitree_g1_description/meshes/Link15_L.STL\n'}
[0.201755] (unitree_g1_description) StdoutLine: {'line': b'-- Up-to-date symlink: /home/sam/g1_humble_ws/install/unitree_g1_description/share/unitree_g1_description/meshes/Link15_R.STL\n'}
[0.202595] (unitree_g1_description) StdoutLine: {'line': b'-- Up-to-date symlink: /home/sam/g1_humble_ws/install/unitree_g1_description/share/unitree_g1_description/meshes/Link16_L.STL\n'}
[0.202851] (unitree_g1_description) StdoutLine: {'line': b'-- Up-to-date symlink: /home/sam/g1_humble_ws/install/unitree_g1_description/share/unitree_g1_description/meshes/Link16_R.STL\n'}
[0.203183] (unitree_g1_description) StdoutLine: {'line': b'-- Up-to-date symlink: /home/sam/g1_humble_ws/install/unitree_g1_description/share/unitree_g1_description/meshes/Link17_L.STL\n'}
[0.203361] (unitree_g1_description) StdoutLine: {'line': b'-- Up-to-date symlink: /home/sam/g1_humble_ws/install/unitree_g1_description/share/unitree_g1_description/meshes/Link17_R.STL\n'}
[0.203512] (unitree_g1_description) StdoutLine: {'line': b'-- Up-to-date symlink: /home/sam/g1_humble_ws/install/unitree_g1_description/share/unitree_g1_description/meshes/Link18_L.STL\n'}
[0.203795] (unitree_g1_description) StdoutLine: {'line': b'-- Up-to-date symlink: /home/sam/g1_humble_ws/install/unitree_g1_description/share/unitree_g1_description/meshes/Link18_R.STL\n'}
[0.203954] (unitree_g1_description) StdoutLine: {'line': b'-- Up-to-date symlink: /home/sam/g1_humble_ws/install/unitree_g1_description/share/unitree_g1_description/meshes/Link19_L.STL\n'}
[0.205373] (unitree_g1_description) StdoutLine: {'line': b'-- Up-to-date symlink: /home/sam/g1_humble_ws/install/unitree_g1_description/share/unitree_g1_description/meshes/Link19_R.STL\n'}
[0.206515] (unitree_g1_description) StdoutLine: {'line': b'-- Up-to-date symlink: /home/sam/g1_humble_ws/install/unitree_g1_description/share/unitree_g1_description/meshes/Link20_L.STL\n'}
[0.207050] (unitree_g1_description) StdoutLine: {'line': b'-- Up-to-date symlink: /home/sam/g1_humble_ws/install/unitree_g1_description/share/unitree_g1_description/meshes/Link20_R.STL\n'}
[0.207215] (unitree_g1_description) StdoutLine: {'line': b'-- Up-to-date symlink: /home/sam/g1_humble_ws/install/unitree_g1_description/share/unitree_g1_description/meshes/Link21_L.STL\n'}
[0.207356] (unitree_g1_description) StdoutLine: {'line': b'-- Up-to-date symlink: /home/sam/g1_humble_ws/install/unitree_g1_description/share/unitree_g1_description/meshes/Link21_R.STL\n'}
[0.207498] (unitree_g1_description) StdoutLine: {'line': b'-- Up-to-date symlink: /home/sam/g1_humble_ws/install/unitree_g1_description/share/unitree_g1_description/meshes/Link22_L.STL\n'}
[0.207664] (unitree_g1_description) StdoutLine: {'line': b'-- Up-to-date symlink: /home/sam/g1_humble_ws/install/unitree_g1_description/share/unitree_g1_description/meshes/Link22_R.STL\n'}
[0.207871] (unitree_g1_description) StdoutLine: {'line': b'-- Up-to-date symlink: /home/sam/g1_humble_ws/install/unitree_g1_description/share/unitree_g1_description/meshes/R_hand_base_link.STL\n'}
[0.208068] (unitree_g1_description) StdoutLine: {'line': b'-- Up-to-date symlink: /home/sam/g1_humble_ws/install/unitree_g1_description/share/unitree_g1_description/meshes/d455_link.STL\n'}
[0.209180] (unitree_g1_description) StdoutLine: {'line': b'-- Up-to-date symlink: /home/sam/g1_humble_ws/install/unitree_g1_description/share/unitree_g1_description/meshes/head_link.STL\n'}
[0.209414] (unitree_g1_description) StdoutLine: {'line': b'-- Up-to-date symlink: /home/sam/g1_humble_ws/install/unitree_g1_description/share/unitree_g1_description/meshes/head_servo_link.STL\n'}
[0.210258] (unitree_g1_description) StdoutLine: {'line': b'-- Up-to-date symlink: /home/sam/g1_humble_ws/install/unitree_g1_description/share/unitree_g1_description/meshes/left_ankle_pitch_link.STL\n'}
[0.211677] (unitree_g1_description) StdoutLine: {'line': b'-- Up-to-date symlink: /home/sam/g1_humble_ws/install/unitree_g1_description/share/unitree_g1_description/meshes/left_ankle_roll_link.STL\n'}
[0.211871] (unitree_g1_description) StdoutLine: {'line': b'-- Up-to-date symlink: /home/sam/g1_humble_ws/install/unitree_g1_description/share/unitree_g1_description/meshes/left_base_link.STL\n'}
[0.212060] (unitree_g1_description) StdoutLine: {'line': b'-- Up-to-date symlink: /home/sam/g1_humble_ws/install/unitree_g1_description/share/unitree_g1_description/meshes/left_elbow_link.STL\n'}
[0.212220] (unitree_g1_description) StdoutLine: {'line': b'-- Up-to-date symlink: /home/sam/g1_humble_ws/install/unitree_g1_description/share/unitree_g1_description/meshes/left_hand_index_0_link.STL\n'}
[0.212370] (unitree_g1_description) StdoutLine: {'line': b'-- Up-to-date symlink: /home/sam/g1_humble_ws/install/unitree_g1_description/share/unitree_g1_description/meshes/left_hand_index_1_link.STL\n'}
[0.212633] (unitree_g1_description) StdoutLine: {'line': b'-- Up-to-date symlink: /home/sam/g1_humble_ws/install/unitree_g1_description/share/unitree_g1_description/meshes/left_hand_middle_0_link.STL\n'}
[0.212801] (unitree_g1_description) StdoutLine: {'line': b'-- Up-to-date symlink: /home/sam/g1_humble_ws/install/unitree_g1_description/share/unitree_g1_description/meshes/left_hand_middle_1_link.STL\n'}
[0.212948] (unitree_g1_description) StdoutLine: {'line': b'-- Up-to-date symlink: /home/sam/g1_humble_ws/install/unitree_g1_description/share/unitree_g1_description/meshes/left_hand_palm_link.STL\n'}
[0.213090] (unitree_g1_description) StdoutLine: {'line': b'-- Up-to-date symlink: /home/sam/g1_humble_ws/install/unitree_g1_description/share/unitree_g1_description/meshes/left_hand_thumb_0_link.STL\n'}
[0.213242] (unitree_g1_description) StdoutLine: {'line': b'-- Up-to-date symlink: /home/sam/g1_humble_ws/install/unitree_g1_description/share/unitree_g1_description/meshes/left_hand_thumb_1_link.STL\n'}
[0.213382] (unitree_g1_description) StdoutLine: {'line': b'-- Up-to-date symlink: /home/sam/g1_humble_ws/install/unitree_g1_description/share/unitree_g1_description/meshes/left_hand_thumb_2_link.STL\n'}
[0.213519] (unitree_g1_description) StdoutLine: {'line': b'-- Up-to-date symlink: /home/sam/g1_humble_ws/install/unitree_g1_description/share/unitree_g1_description/meshes/left_hip_pitch_link.STL\n'}
[0.213729] (unitree_g1_description) StdoutLine: {'line': b'-- Up-to-date symlink: /home/sam/g1_humble_ws/install/unitree_g1_description/share/unitree_g1_description/meshes/left_hip_roll_link.STL\n'}
[0.215518] (unitree_g1_description) StdoutLine: {'line': b'-- Up-to-date symlink: /home/sam/g1_humble_ws/install/unitree_g1_description/share/unitree_g1_description/meshes/left_hip_yaw_link.STL\n'}
[0.216617] (unitree_g1_description) StdoutLine: {'line': b'-- Up-to-date symlink: /home/sam/g1_humble_ws/install/unitree_g1_description/share/unitree_g1_description/meshes/left_index_1.STL\n'}
[0.219261] (unitree_g1_description) StdoutLine: {'line': b'-- Up-to-date symlink: /home/sam/g1_humble_ws/install/unitree_g1_description/share/unitree_g1_description/meshes/left_index_2.STL\n'}
[0.222034] (unitree_g1_description) StdoutLine: {'line': b'-- Up-to-date symlink: /home/sam/g1_humble_ws/install/unitree_g1_description/share/unitree_g1_description/meshes/left_index_force_sensor_1.STL\n'}
[0.222371] (unitree_g1_description) StdoutLine: {'line': b'-- Up-to-date symlink: /home/sam/g1_humble_ws/install/unitree_g1_description/share/unitree_g1_description/meshes/left_index_force_sensor_2.STL\n'}
[0.222492] (unitree_g1_description) StdoutLine: {'line': b'-- Up-to-date symlink: /home/sam/g1_humble_ws/install/unitree_g1_description/share/unitree_g1_description/meshes/left_index_force_sensor_3.STL\n'}
[0.222585] (unitree_g1_description) StdoutLine: {'line': b'-- Up-to-date symlink: /home/sam/g1_humble_ws/install/unitree_g1_description/share/unitree_g1_description/meshes/left_knee_link.STL\n'}
[0.222913] (unitree_g1_description) StdoutLine: {'line': b'-- Up-to-date symlink: /home/sam/g1_humble_ws/install/unitree_g1_description/share/unitree_g1_description/meshes/left_little_1.STL\n'}
[0.223118] (unitree_g1_description) StdoutLine: {'line': b'-- Up-to-date symlink: /home/sam/g1_humble_ws/install/unitree_g1_description/share/unitree_g1_description/meshes/left_little_2.STL\n'}
[0.223361] (unitree_g1_description) StdoutLine: {'line': b'-- Up-to-date symlink: /home/sam/g1_humble_ws/install/unitree_g1_description/share/unitree_g1_description/meshes/left_little_force_sensor_1.STL\n'}
[0.223461] (unitree_g1_description) StdoutLine: {'line': b'-- Up-to-date symlink: /home/sam/g1_humble_ws/install/unitree_g1_description/share/unitree_g1_description/meshes/left_little_force_sensor_2.STL\n'}
[0.223541] (unitree_g1_description) StdoutLine: {'line': b'-- Up-to-date symlink: /home/sam/g1_humble_ws/install/unitree_g1_description/share/unitree_g1_description/meshes/left_little_force_sensor_3.STL\n'}
[0.224072] (unitree_g1_description) StdoutLine: {'line': b'-- Up-to-date symlink: /home/sam/g1_humble_ws/install/unitree_g1_description/share/unitree_g1_description/meshes/left_middle_1.STL\n'}
[0.224239] (unitree_g1_description) StdoutLine: {'line': b'-- Up-to-date symlink: /home/sam/g1_humble_ws/install/unitree_g1_description/share/unitree_g1_description/meshes/left_middle_2.STL\n'}
[0.224775] (unitree_g1_description) StdoutLine: {'line': b'-- Up-to-date symlink: /home/sam/g1_humble_ws/install/unitree_g1_description/share/unitree_g1_description/meshes/left_middle_force_sensor_1.STL\n'}
[0.224939] (unitree_g1_description) StdoutLine: {'line': b'-- Up-to-date symlink: /home/sam/g1_humble_ws/install/unitree_g1_description/share/unitree_g1_description/meshes/left_middle_force_sensor_2.STL\n'}
[0.225072] (unitree_g1_description) StdoutLine: {'line': b'-- Up-to-date symlink: /home/sam/g1_humble_ws/install/unitree_g1_description/share/unitree_g1_description/meshes/left_middle_force_sensor_3.STL\n'}
[0.225418] (unitree_g1_description) StdoutLine: {'line': b'-- Up-to-date symlink: /home/sam/g1_humble_ws/install/unitree_g1_description/share/unitree_g1_description/meshes/left_palm_force_sensor.STL\n'}
[0.226483] (unitree_g1_description) StdoutLine: {'line': b'-- Up-to-date symlink: /home/sam/g1_humble_ws/install/unitree_g1_description/share/unitree_g1_description/meshes/left_ring_1.STL\n'}
[0.227244] (unitree_g1_description) StdoutLine: {'line': b'-- Up-to-date symlink: /home/sam/g1_humble_ws/install/unitree_g1_description/share/unitree_g1_description/meshes/left_ring_2.STL\n'}
[0.227484] (unitree_g1_description) StdoutLine: {'line': b'-- Up-to-date symlink: /home/sam/g1_humble_ws/install/unitree_g1_description/share/unitree_g1_description/meshes/left_ring_force_sensor_1.STL\n'}
[0.227775] (unitree_g1_description) StdoutLine: {'line': b'-- Up-to-date symlink: /home/sam/g1_humble_ws/install/unitree_g1_description/share/unitree_g1_description/meshes/left_ring_force_sensor_2.STL\n'}
[0.228230] (unitree_g1_description) StdoutLine: {'line': b'-- Up-to-date symlink: /home/sam/g1_humble_ws/install/unitree_g1_description/share/unitree_g1_description/meshes/left_ring_force_sensor_3.STL\n'}
[0.228525] (unitree_g1_description) StdoutLine: {'line': b'-- Up-to-date symlink: /home/sam/g1_humble_ws/install/unitree_g1_description/share/unitree_g1_description/meshes/left_rubber_hand.STL\n'}
[0.229231] (unitree_g1_description) StdoutLine: {'line': b'-- Up-to-date symlink: /home/sam/g1_humble_ws/install/unitree_g1_description/share/unitree_g1_description/meshes/left_shoulder_pitch_link.STL\n'}
[0.229420] (unitree_g1_description) StdoutLine: {'line': b'-- Up-to-date symlink: /home/sam/g1_humble_ws/install/unitree_g1_description/share/unitree_g1_description/meshes/left_shoulder_roll_link.STL\n'}
[0.229521] (unitree_g1_description) StdoutLine: {'line': b'-- Up-to-date symlink: /home/sam/g1_humble_ws/install/unitree_g1_description/share/unitree_g1_description/meshes/left_shoulder_yaw_link.STL\n'}
[0.229680] (unitree_g1_description) StdoutLine: {'line': b'-- Up-to-date symlink: /home/sam/g1_humble_ws/install/unitree_g1_description/share/unitree_g1_description/meshes/left_thumb_1.STL\n'}
[0.229862] (unitree_g1_description) StdoutLine: {'line': b'-- Up-to-date symlink: /home/sam/g1_humble_ws/install/unitree_g1_description/share/unitree_g1_description/meshes/left_thumb_2.STL\n'}
[0.230118] (unitree_g1_description) StdoutLine: {'line': b'-- Up-to-date symlink: /home/sam/g1_humble_ws/install/unitree_g1_description/share/unitree_g1_description/meshes/left_thumb_3.STL\n'}
[0.230270] (unitree_g1_description) StdoutLine: {'line': b'-- Up-to-date symlink: /home/sam/g1_humble_ws/install/unitree_g1_description/share/unitree_g1_description/meshes/left_thumb_4.STL\n'}
[0.230739] (unitree_g1_description) StdoutLine: {'line': b'-- Up-to-date symlink: /home/sam/g1_humble_ws/install/unitree_g1_description/share/unitree_g1_description/meshes/left_thumb_force_sensor_1.STL\n'}
[0.231640] (unitree_g1_description) StdoutLine: {'line': b'-- Up-to-date symlink: /home/sam/g1_humble_ws/install/unitree_g1_description/share/unitree_g1_description/meshes/left_thumb_force_sensor_2.STL\n'}
[0.235002] (unitree_g1_description) StdoutLine: {'line': b'-- Up-to-date symlink: /home/sam/g1_humble_ws/install/unitree_g1_description/share/unitree_g1_description/meshes/left_thumb_force_sensor_3.STL\n'}
[0.235202] (unitree_g1_description) StdoutLine: {'line': b'-- Up-to-date symlink: /home/sam/g1_humble_ws/install/unitree_g1_description/share/unitree_g1_description/meshes/left_thumb_force_sensor_4.STL\n'}
[0.235347] (unitree_g1_description) StdoutLine: {'line': b'-- Up-to-date symlink: /home/sam/g1_humble_ws/install/unitree_g1_description/share/unitree_g1_description/meshes/left_thumb_swing.STL\n'}
[0.240291] (unitree_g1_description) StdoutLine: {'line': b'-- Up-to-date symlink: /home/sam/g1_humble_ws/install/unitree_g1_description/share/unitree_g1_description/meshes/left_wrist_pitch_link.STL\n'}
[0.240901] (unitree_g1_description) StdoutLine: {'line': b'-- Up-to-date symlink: /home/sam/g1_humble_ws/install/unitree_g1_description/share/unitree_g1_description/meshes/left_wrist_pitch_link_5010.STL\n'}
[0.241159] (unitree_g1_description) StdoutLine: {'line': b'-- Up-to-date symlink: /home/sam/g1_humble_ws/install/unitree_g1_description/share/unitree_g1_description/meshes/left_wrist_roll_link.STL\n'}
[0.241340] (unitree_g1_description) StdoutLine: {'line': b'-- Up-to-date symlink: /home/sam/g1_humble_ws/install/unitree_g1_description/share/unitree_g1_description/meshes/left_wrist_roll_link_5010.STL\n'}
[0.241502] (unitree_g1_description) StdoutLine: {'line': b'-- Up-to-date symlink: /home/sam/g1_humble_ws/install/unitree_g1_description/share/unitree_g1_description/meshes/left_wrist_roll_rubber_hand.STL\n'}
[0.241838] (unitree_g1_description) StdoutLine: {'line': b'-- Up-to-date symlink: /home/sam/g1_humble_ws/install/unitree_g1_description/share/unitree_g1_description/meshes/left_wrist_yaw_link.STL\n'}
[0.242005] (unitree_g1_description) StdoutLine: {'line': b'-- Up-to-date symlink: /home/sam/g1_humble_ws/install/unitree_g1_description/share/unitree_g1_description/meshes/left_wrist_yaw_link_5010.STL\n'}
[0.242191] (unitree_g1_description) StdoutLine: {'line': b'-- Up-to-date symlink: /home/sam/g1_humble_ws/install/unitree_g1_description/share/unitree_g1_description/meshes/logo_link.STL\n'}
[0.242341] (unitree_g1_description) StdoutLine: {'line': b'-- Up-to-date symlink: /home/sam/g1_humble_ws/install/unitree_g1_description/share/unitree_g1_description/meshes/pelvis.STL\n'}
[0.242556] (unitree_g1_description) StdoutLine: {'line': b'-- Up-to-date symlink: /home/sam/g1_humble_ws/install/unitree_g1_description/share/unitree_g1_description/meshes/pelvis_contour_link.STL\n'}
[0.242711] (unitree_g1_description) StdoutLine: {'line': b'-- Up-to-date symlink: /home/sam/g1_humble_ws/install/unitree_g1_description/share/unitree_g1_description/meshes/right_ankle_pitch_link.STL\n'}
[0.245478] (unitree_g1_description) StdoutLine: {'line': b'-- Up-to-date symlink: /home/sam/g1_humble_ws/install/unitree_g1_description/share/unitree_g1_description/meshes/right_ankle_roll_link.STL\n'}
[0.246027] (unitree_g1_description) StdoutLine: {'line': b'-- Up-to-date symlink: /home/sam/g1_humble_ws/install/unitree_g1_description/share/unitree_g1_description/meshes/right_base_link.STL\n'}
[0.254060] (unitree_g1_description) StdoutLine: {'line': b'-- Up-to-date symlink: /home/sam/g1_humble_ws/install/unitree_g1_description/share/unitree_g1_description/meshes/right_elbow_link.STL\n'}
[0.254530] (unitree_g1_description) StdoutLine: {'line': b'-- Up-to-date symlink: /home/sam/g1_humble_ws/install/unitree_g1_description/share/unitree_g1_description/meshes/right_hand_index_0_link.STL\n'}
[0.254717] (unitree_g1_description) StdoutLine: {'line': b'-- Up-to-date symlink: /home/sam/g1_humble_ws/install/unitree_g1_description/share/unitree_g1_description/meshes/right_hand_index_1_link.STL\n'}
[0.254881] (unitree_g1_description) StdoutLine: {'line': b'-- Up-to-date symlink: /home/sam/g1_humble_ws/install/unitree_g1_description/share/unitree_g1_description/meshes/right_hand_middle_0_link.STL\n'}
[0.255035] (unitree_g1_description) StdoutLine: {'line': b'-- Up-to-date symlink: /home/sam/g1_humble_ws/install/unitree_g1_description/share/unitree_g1_description/meshes/right_hand_middle_1_link.STL\n'}
[0.255187] (unitree_g1_description) StdoutLine: {'line': b'-- Up-to-date symlink: /home/sam/g1_humble_ws/install/unitree_g1_description/share/unitree_g1_description/meshes/right_hand_palm_link.STL\n'}
[0.255330] (unitree_g1_description) StdoutLine: {'line': b'-- Up-to-date symlink: /home/sam/g1_humble_ws/install/unitree_g1_description/share/unitree_g1_description/meshes/right_hand_thumb_0_link.STL\n'}
[0.255469] (unitree_g1_description) StdoutLine: {'line': b'-- Up-to-date symlink: /home/sam/g1_humble_ws/install/unitree_g1_description/share/unitree_g1_description/meshes/right_hand_thumb_1_link.STL\n'}
[0.255607] (unitree_g1_description) StdoutLine: {'line': b'-- Up-to-date symlink: /home/sam/g1_humble_ws/install/unitree_g1_description/share/unitree_g1_description/meshes/right_hand_thumb_2_link.STL\n'}
[0.255741] (unitree_g1_description) StdoutLine: {'line': b'-- Up-to-date symlink: /home/sam/g1_humble_ws/install/unitree_g1_description/share/unitree_g1_description/meshes/right_hip_pitch_link.STL\n'}
[0.255875] (unitree_g1_description) StdoutLine: {'line': b'-- Up-to-date symlink: /home/sam/g1_humble_ws/install/unitree_g1_description/share/unitree_g1_description/meshes/right_hip_roll_link.STL\n'}
[0.256005] (unitree_g1_description) StdoutLine: {'line': b'-- Up-to-date symlink: /home/sam/g1_humble_ws/install/unitree_g1_description/share/unitree_g1_description/meshes/right_hip_yaw_link.STL\n'}
[0.256129] (unitree_g1_description) StdoutLine: {'line': b'-- Up-to-date symlink: /home/sam/g1_humble_ws/install/unitree_g1_description/share/unitree_g1_description/meshes/right_index_1.STL\n'}
[0.256256] (unitree_g1_description) StdoutLine: {'line': b'-- Up-to-date symlink: /home/sam/g1_humble_ws/install/unitree_g1_description/share/unitree_g1_description/meshes/right_index_2.STL\n'}
[0.256453] (unitree_g1_description) StdoutLine: {'line': b'-- Up-to-date symlink: /home/sam/g1_humble_ws/install/unitree_g1_description/share/unitree_g1_description/meshes/right_index_force_sensor_1.STL\n'}
[0.256623] (unitree_g1_description) StdoutLine: {'line': b'-- Up-to-date symlink: /home/sam/g1_humble_ws/install/unitree_g1_description/share/unitree_g1_description/meshes/right_index_force_sensor_2.STL\n'}
[0.256783] (unitree_g1_description) StdoutLine: {'line': b'-- Up-to-date symlink: /home/sam/g1_humble_ws/install/unitree_g1_description/share/unitree_g1_description/meshes/right_index_force_sensor_3.STL\n'}
[0.256913] (unitree_g1_description) StdoutLine: {'line': b'-- Up-to-date symlink: /home/sam/g1_humble_ws/install/unitree_g1_description/share/unitree_g1_description/meshes/right_knee_link.STL\n'}
[0.257036] (unitree_g1_description) StdoutLine: {'line': b'-- Up-to-date symlink: /home/sam/g1_humble_ws/install/unitree_g1_description/share/unitree_g1_description/meshes/right_little_1.STL\n'}
[0.257159] (unitree_g1_description) StdoutLine: {'line': b'-- Up-to-date symlink: /home/sam/g1_humble_ws/install/unitree_g1_description/share/unitree_g1_description/meshes/right_little_2.STL\n'}
[0.257292] (unitree_g1_description) StdoutLine: {'line': b'-- Up-to-date symlink: /home/sam/g1_humble_ws/install/unitree_g1_description/share/unitree_g1_description/meshes/right_little_force_sensor_1.STL\n'}
[0.257415] (unitree_g1_description) StdoutLine: {'line': b'-- Up-to-date symlink: /home/sam/g1_humble_ws/install/unitree_g1_description/share/unitree_g1_description/meshes/right_little_force_sensor_2.STL\n'}
[0.257592] (unitree_g1_description) StdoutLine: {'line': b'-- Up-to-date symlink: /home/sam/g1_humble_ws/install/unitree_g1_description/share/unitree_g1_description/meshes/right_little_force_sensor_3.STL\n'}
[0.258309] (unitree_g1_description) StdoutLine: {'line': b'-- Up-to-date symlink: /home/sam/g1_humble_ws/install/unitree_g1_description/share/unitree_g1_description/meshes/right_middle_1.STL\n'}
[0.258773] (unitree_g1_description) StdoutLine: {'line': b'-- Up-to-date symlink: /home/sam/g1_humble_ws/install/unitree_g1_description/share/unitree_g1_description/meshes/right_middle_2.STL\n'}
[0.258944] (unitree_g1_description) StdoutLine: {'line': b'-- Up-to-date symlink: /home/sam/g1_humble_ws/install/unitree_g1_description/share/unitree_g1_description/meshes/right_middle_force_sensor_1.STL\n'}
[0.259093] (unitree_g1_description) StdoutLine: {'line': b'-- Up-to-date symlink: /home/sam/g1_humble_ws/install/unitree_g1_description/share/unitree_g1_description/meshes/right_middle_force_sensor_2.STL\n'}
[0.259237] (unitree_g1_description) StdoutLine: {'line': b'-- Up-to-date symlink: /home/sam/g1_humble_ws/install/unitree_g1_description/share/unitree_g1_description/meshes/right_middle_force_sensor_3.STL\n'}
[0.259376] (unitree_g1_description) StdoutLine: {'line': b'-- Up-to-date symlink: /home/sam/g1_humble_ws/install/unitree_g1_description/share/unitree_g1_description/meshes/right_palm_force_sensor.STL\n'}
[0.259552] (unitree_g1_description) StdoutLine: {'line': b'-- Up-to-date symlink: /home/sam/g1_humble_ws/install/unitree_g1_description/share/unitree_g1_description/meshes/right_ring_1.STL\n'}
[0.259698] (unitree_g1_description) StdoutLine: {'line': b'-- Up-to-date symlink: /home/sam/g1_humble_ws/install/unitree_g1_description/share/unitree_g1_description/meshes/right_ring_2.STL\n'}
[0.259843] (unitree_g1_description) StdoutLine: {'line': b'-- Up-to-date symlink: /home/sam/g1_humble_ws/install/unitree_g1_description/share/unitree_g1_description/meshes/right_ring_force_sensor_1.STL\n'}
[0.260105] (unitree_g1_description) StdoutLine: {'line': b'-- Up-to-date symlink: /home/sam/g1_humble_ws/install/unitree_g1_description/share/unitree_g1_description/meshes/right_ring_force_sensor_2.STL\n'}
[0.260263] (unitree_g1_description) StdoutLine: {'line': b'-- Up-to-date symlink: /home/sam/g1_humble_ws/install/unitree_g1_description/share/unitree_g1_description/meshes/right_ring_force_sensor_3.STL\n'}
[0.260404] (unitree_g1_description) StdoutLine: {'line': b'-- Up-to-date symlink: /home/sam/g1_humble_ws/install/unitree_g1_description/share/unitree_g1_description/meshes/right_rubber_hand.STL\n'}
[0.260536] (unitree_g1_description) StdoutLine: {'line': b'-- Up-to-date symlink: /home/sam/g1_humble_ws/install/unitree_g1_description/share/unitree_g1_description/meshes/right_shoulder_pitch_link.STL\n'}
[0.260742] (unitree_g1_description) StdoutLine: {'line': b'-- Up-to-date symlink: /home/sam/g1_humble_ws/install/unitree_g1_description/share/unitree_g1_description/meshes/right_shoulder_roll_link.STL\n'}
[0.260891] (unitree_g1_description) StdoutLine: {'line': b'-- Up-to-date symlink: /home/sam/g1_humble_ws/install/unitree_g1_description/share/unitree_g1_description/meshes/right_shoulder_yaw_link.STL\n'}
[0.261028] (unitree_g1_description) StdoutLine: {'line': b'-- Up-to-date symlink: /home/sam/g1_humble_ws/install/unitree_g1_description/share/unitree_g1_description/meshes/right_thumb_1.STL\n'}
[0.261159] (unitree_g1_description) StdoutLine: {'line': b'-- Up-to-date symlink: /home/sam/g1_humble_ws/install/unitree_g1_description/share/unitree_g1_description/meshes/right_thumb_2.STL\n'}
[0.261312] (unitree_g1_description) StdoutLine: {'line': b'-- Up-to-date symlink: /home/sam/g1_humble_ws/install/unitree_g1_description/share/unitree_g1_description/meshes/right_thumb_3.STL\n'}
[0.261443] (unitree_g1_description) StdoutLine: {'line': b'-- Up-to-date symlink: /home/sam/g1_humble_ws/install/unitree_g1_description/share/unitree_g1_description/meshes/right_thumb_4.STL\n'}
[0.262077] (unitree_g1_description) StdoutLine: {'line': b'-- Up-to-date symlink: /home/sam/g1_humble_ws/install/unitree_g1_description/share/unitree_g1_description/meshes/right_thumb_force_sensor_1.STL\n'}
[0.262504] (unitree_g1_description) StdoutLine: {'line': b'-- Up-to-date symlink: /home/sam/g1_humble_ws/install/unitree_g1_description/share/unitree_g1_description/meshes/right_thumb_force_sensor_2.STL\n'}
[0.262752] (unitree_g1_description) StdoutLine: {'line': b'-- Up-to-date symlink: /home/sam/g1_humble_ws/install/unitree_g1_description/share/unitree_g1_description/meshes/right_thumb_force_sensor_3.STL\n'}
[0.262915] (unitree_g1_description) StdoutLine: {'line': b'-- Up-to-date symlink: /home/sam/g1_humble_ws/install/unitree_g1_description/share/unitree_g1_description/meshes/right_thumb_force_sensor_4.STL\n'}
[0.263056] (unitree_g1_description) StdoutLine: {'line': b'-- Up-to-date symlink: /home/sam/g1_humble_ws/install/unitree_g1_description/share/unitree_g1_description/meshes/right_wrist_pitch_link.STL\n'}
[0.263191] (unitree_g1_description) StdoutLine: {'line': b'-- Up-to-date symlink: /home/sam/g1_humble_ws/install/unitree_g1_description/share/unitree_g1_description/meshes/right_wrist_pitch_link_5010.STL\n'}
[0.263323] (unitree_g1_description) StdoutLine: {'line': b'-- Up-to-date symlink: /home/sam/g1_humble_ws/install/unitree_g1_description/share/unitree_g1_description/meshes/right_wrist_roll_link.STL\n'}
[0.263452] (unitree_g1_description) StdoutLine: {'line': b'-- Up-to-date symlink: /home/sam/g1_humble_ws/install/unitree_g1_description/share/unitree_g1_description/meshes/right_wrist_roll_link_5010.STL\n'}
[0.274150] (unitree_g1_description) StdoutLine: {'line': b'-- Up-to-date symlink: /home/sam/g1_humble_ws/install/unitree_g1_description/share/unitree_g1_description/meshes/right_wrist_roll_rubber_hand.STL\n'}
[0.274924] (unitree_g1_description) StdoutLine: {'line': b'-- Up-to-date symlink: /home/sam/g1_humble_ws/install/unitree_g1_description/share/unitree_g1_description/meshes/right_wrist_yaw_link.STL\n'}
[0.275176] (unitree_g1_description) StdoutLine: {'line': b'-- Up-to-date symlink: /home/sam/g1_humble_ws/install/unitree_g1_description/share/unitree_g1_description/meshes/right_wrist_yaw_link_5010.STL\n'}
[0.275390] (unitree_g1_description) StdoutLine: {'line': b'-- Up-to-date symlink: /home/sam/g1_humble_ws/install/unitree_g1_description/share/unitree_g1_description/meshes/torso_constraint_L_link.STL\n'}
[0.275576] (unitree_g1_description) StdoutLine: {'line': b'-- Up-to-date symlink: /home/sam/g1_humble_ws/install/unitree_g1_description/share/unitree_g1_description/meshes/torso_constraint_L_rod_link.STL\n'}
[0.275715] (unitree_g1_description) StdoutLine: {'line': b'-- Up-to-date symlink: /home/sam/g1_humble_ws/install/unitree_g1_description/share/unitree_g1_description/meshes/torso_constraint_R_link.STL\n'}
[0.275948] (unitree_g1_description) StdoutLine: {'line': b'-- Up-to-date symlink: /home/sam/g1_humble_ws/install/unitree_g1_description/share/unitree_g1_description/meshes/torso_constraint_R_rod_link.STL\n'}
[0.276109] (unitree_g1_description) StdoutLine: {'line': b'-- Up-to-date symlink: /home/sam/g1_humble_ws/install/unitree_g1_description/share/unitree_g1_description/meshes/torso_link.STL\n'}
[0.276250] (unitree_g1_description) StdoutLine: {'line': b'-- Up-to-date symlink: /home/sam/g1_humble_ws/install/unitree_g1_description/share/unitree_g1_description/meshes/torso_link_23dof_rev_1_0.STL\n'}
[0.276546] (unitree_g1_description) StdoutLine: {'line': b'-- Up-to-date symlink: /home/sam/g1_humble_ws/install/unitree_g1_description/share/unitree_g1_description/meshes/torso_link_rev_1_0.STL\n'}
[0.276705] (unitree_g1_description) StdoutLine: {'line': b'-- Up-to-date symlink: /home/sam/g1_humble_ws/install/unitree_g1_description/share/unitree_g1_description/meshes/waist_constraint_L.STL\n'}
[0.276839] (unitree_g1_description) StdoutLine: {'line': b'-- Up-to-date symlink: /home/sam/g1_humble_ws/install/unitree_g1_description/share/unitree_g1_description/meshes/waist_constraint_R.STL\n'}
[0.277087] (unitree_g1_description) StdoutLine: {'line': b'-- Up-to-date symlink: /home/sam/g1_humble_ws/install/unitree_g1_description/share/unitree_g1_description/meshes/waist_roll_link.STL\n'}
[0.277231] (unitree_g1_description) StdoutLine: {'line': b'-- Up-to-date symlink: /home/sam/g1_humble_ws/install/unitree_g1_description/share/unitree_g1_description/meshes/waist_roll_link_rev_1_0.STL\n'}
[0.277433] (unitree_g1_description) StdoutLine: {'line': b'-- Up-to-date symlink: /home/sam/g1_humble_ws/install/unitree_g1_description/share/unitree_g1_description/meshes/waist_support_link.STL\n'}
[0.277613] (unitree_g1_description) StdoutLine: {'line': b'-- Up-to-date symlink: /home/sam/g1_humble_ws/install/unitree_g1_description/share/unitree_g1_description/meshes/waist_yaw_link.STL\n'}
[0.277755] (unitree_g1_description) StdoutLine: {'line': b'-- Up-to-date symlink: /home/sam/g1_humble_ws/install/unitree_g1_description/share/unitree_g1_description/meshes/waist_yaw_link_rev_1_0.STL\n'}
[0.277882] (unitree_g1_description) StdoutLine: {'line': b'-- Up-to-date symlink: /home/sam/g1_humble_ws/install/unitree_g1_description/share/unitree_g1_description/meshes/xl330_link.STL\n'}
[0.278006] (unitree_g1_description) StdoutLine: {'line': b'-- Up-to-date symlink: /home/sam/g1_humble_ws/install/unitree_g1_description/share/unitree_g1_description/images/g1_23dof.png\n'}
[0.278129] (unitree_g1_description) StdoutLine: {'line': b'-- Up-to-date symlink: /home/sam/g1_humble_ws/install/unitree_g1_description/share/unitree_g1_description/images/g1_29dof.png\n'}
[0.278252] (unitree_g1_description) StdoutLine: {'line': b'-- Up-to-date symlink: /home/sam/g1_humble_ws/install/unitree_g1_description/share/unitree_g1_description/images/g1_29dof_with_hand.png\n'}
[0.278397] (unitree_g1_description) StdoutLine: {'line': b'-- Up-to-date symlink: /home/sam/g1_humble_ws/install/unitree_g1_description/share/unitree_g1_description/images/g1_dual_arm.png\n'}
[0.278522] (unitree_g1_description) StdoutLine: {'line': b'-- Up-to-date symlink: /home/sam/g1_humble_ws/install/unitree_g1_description/share/unitree_g1_description/inspire_hand/DFQ_left_hand.urdf\n'}
[0.278646] (unitree_g1_description) StdoutLine: {'line': b'-- Up-to-date symlink: /home/sam/g1_humble_ws/install/unitree_g1_description/share/unitree_g1_description/inspire_hand/DFQ_right_hand.urdf\n'}
[0.278772] (unitree_g1_description) StdoutLine: {'line': b'-- Up-to-date symlink: /home/sam/g1_humble_ws/install/unitree_g1_description/share/unitree_g1_description/inspire_hand/FTP_left_hand.urdf\n'}
[0.278899] (unitree_g1_description) StdoutLine: {'line': b'-- Up-to-date symlink: /home/sam/g1_humble_ws/install/unitree_g1_description/share/unitree_g1_description/inspire_hand/FTP_right_hand.urdf\n'}
[0.279120] (unitree_g1_description) StdoutLine: {'line': b'-- Up-to-date symlink: /home/sam/g1_humble_ws/install/unitree_g1_description/share/unitree_g1_description/inspire_hand/config.yaml\n'}
[0.279263] (unitree_g1_description) StdoutLine: {'line': b'-- Up-to-date symlink: /home/sam/g1_humble_ws/install/unitree_g1_description/share/unitree_g1_description/config/g1_controllers.yaml\n'}
[0.279395] (unitree_g1_description) StdoutLine: {'line': b'-- Up-to-date symlink: /home/sam/g1_humble_ws/install/unitree_g1_description/share/unitree_g1_description/launch/__pycache__/spawn_gazebo.launch.cpython-310.pyc\n'}
[0.279525] (unitree_g1_description) StdoutLine: {'line': b'-- Up-to-date symlink: /home/sam/g1_humble_ws/install/unitree_g1_description/share/unitree_g1_description/launch/display.launch.py\n'}
[0.279653] (unitree_g1_description) StdoutLine: {'line': b'-- Up-to-date symlink: /home/sam/g1_humble_ws/install/unitree_g1_description/share/unitree_g1_description/launch/spawn_gazebo.launch.py\n'}
[0.279806] (unitree_g1_description) StdoutLine: {'line': b'-- Up-to-date symlink: /home/sam/g1_humble_ws/install/unitree_g1_description/share/unitree_g1_description/launch/spawn_with_controllers.launch.py\n'}
[0.279934] (unitree_g1_description) StdoutLine: {'line': b'-- Up-to-date symlink: /home/sam/g1_humble_ws/install/unitree_g1_description/lib/unitree_g1_description/send_standing_pose.py\n'}
[0.280185] (unitree_g1_description) StdoutLine: {'line': b'-- Up-to-date symlink: /home/sam/g1_humble_ws/install/unitree_g1_description/share/ament_index/resource_index/package_run_dependencies/unitree_g1_description\n'}
[0.280327] (unitree_g1_description) StdoutLine: {'line': b'-- Up-to-date symlink: /home/sam/g1_humble_ws/install/unitree_g1_description/share/ament_index/resource_index/parent_prefix_path/unitree_g1_description\n'}
[0.280462] (unitree_g1_description) StdoutLine: {'line': b'-- Up-to-date symlink: /home/sam/g1_humble_ws/install/unitree_g1_description/share/unitree_g1_description/environment/ament_prefix_path.sh\n'}
[0.280704] (unitree_g1_description) StdoutLine: {'line': b'-- Up-to-date symlink: /home/sam/g1_humble_ws/install/unitree_g1_description/share/unitree_g1_description/environment/ament_prefix_path.dsv\n'}
[0.280844] (unitree_g1_description) StdoutLine: {'line': b'-- Up-to-date symlink: /home/sam/g1_humble_ws/install/unitree_g1_description/share/unitree_g1_description/environment/path.sh\n'}
[0.281001] (unitree_g1_description) StdoutLine: {'line': b'-- Up-to-date symlink: /home/sam/g1_humble_ws/install/unitree_g1_description/share/unitree_g1_description/environment/path.dsv\n'}
[0.281131] (unitree_g1_description) StdoutLine: {'line': b'-- Up-to-date symlink: /home/sam/g1_humble_ws/install/unitree_g1_description/share/unitree_g1_description/local_setup.bash\n'}
[0.281257] (unitree_g1_description) StdoutLine: {'line': b'-- Up-to-date symlink: /home/sam/g1_humble_ws/install/unitree_g1_description/share/unitree_g1_description/local_setup.sh\n'}
[0.281383] (unitree_g1_description) StdoutLine: {'line': b'-- Up-to-date symlink: /home/sam/g1_humble_ws/install/unitree_g1_description/share/unitree_g1_description/local_setup.zsh\n'}
[0.281508] (unitree_g1_description) StdoutLine: {'line': b'-- Up-to-date symlink: /home/sam/g1_humble_ws/install/unitree_g1_description/share/unitree_g1_description/local_setup.dsv\n'}
[0.281835] (unitree_g1_description) StdoutLine: {'line': b'-- Symlinking: /home/sam/g1_humble_ws/install/unitree_g1_description/share/unitree_g1_description/package.dsv\n'}
[0.300231] (-) TimerEvent: {}
[0.321223] (unitree_g1_description) StdoutLine: {'line': b'-- Up-to-date symlink: /home/sam/g1_humble_ws/install/unitree_g1_description/share/ament_index/resource_index/packages/unitree_g1_description\n'}
[0.322078] (unitree_g1_description) StdoutLine: {'line': b'-- Up-to-date symlink: /home/sam/g1_humble_ws/install/unitree_g1_description/share/unitree_g1_description/cmake/unitree_g1_descriptionConfig.cmake\n'}
[0.322641] (unitree_g1_description) StdoutLine: {'line': b'-- Up-to-date symlink: /home/sam/g1_humble_ws/install/unitree_g1_description/share/unitree_g1_description/cmake/unitree_g1_descriptionConfig-version.cmake\n'}
[0.323197] (unitree_g1_description) StdoutLine: {'line': b'-- Up-to-date symlink: /home/sam/g1_humble_ws/install/unitree_g1_description/share/unitree_g1_description/package.xml\n'}
[0.328806] (unitree_g1_description) CommandEnded: {'returncode': 0}
[0.377412] (unitree_g1_description) JobEnded: {'identifier': 'unitree_g1_description', 'rc': 0}
[0.380483] (-) EventReactorShutdown: {}
