[0.029s] Invoking command in '/home/sam/g1_humble_ws/unitree_g1_description/build/unitree_g1_description': CMAKE_PREFIX_PATH=${CMAKE_PREFIX_PATH}:/opt/ros/humble /usr/bin/cmake /home/sam/g1_humble_ws/unitree_g1_description -DAMENT_CMAKE_SYMLINK_INSTALL=1 -DCMAKE_INSTALL_PREFIX=/home/sam/g1_humble_ws/unitree_g1_description/install/unitree_g1_description
[0.116s] -- Found ament_cmake: 1.3.12 (/opt/ros/humble/share/ament_cmake/cmake)
[0.320s] -- Override CMake install command with custom implementation using symlinks instead of copying resources
[0.374s] -- Found ament_lint_auto: 0.12.14 (/opt/ros/humble/share/ament_lint_auto/cmake)
[0.505s] -- Added test 'cppcheck' to perform static code analysis on C / C++ code
[0.505s] -- Configured cppcheck include dirs: 
[0.505s] -- Configured cppcheck exclude dirs and/or files: 
[0.508s] -- Added test 'flake8' to check Python code syntax and style conventions
[0.515s] -- Added test 'lint_cmake' to check CMake code style
[0.519s] -- Added test 'pep257' to check Python code against some of the docstring style conventions in PEP 257
[0.541s] -- Added test 'uncrustify' to check C / C++ code style
[0.542s] -- Configured uncrustify additional arguments: 
[0.548s] -- Added test 'xmllint' to check XML markup files
[0.552s] -- Configuring done
[0.561s] -- Generating done
[0.566s] -- Build files have been written to: /home/sam/g1_humble_ws/unitree_g1_description/build/unitree_g1_description
[0.570s] Invoked command in '/home/sam/g1_humble_ws/unitree_g1_description/build/unitree_g1_description' returned '0': CMAKE_PREFIX_PATH=${CMAKE_PREFIX_PATH}:/opt/ros/humble /usr/bin/cmake /home/sam/g1_humble_ws/unitree_g1_description -DAMENT_CMAKE_SYMLINK_INSTALL=1 -DCMAKE_INSTALL_PREFIX=/home/sam/g1_humble_ws/unitree_g1_description/install/unitree_g1_description
[0.574s] Invoking command in '/home/sam/g1_humble_ws/unitree_g1_description/build/unitree_g1_description': CMAKE_PREFIX_PATH=${CMAKE_PREFIX_PATH}:/opt/ros/humble /usr/bin/cmake --build /home/sam/g1_humble_ws/unitree_g1_description/build/unitree_g1_description -- -j12 -l12
[0.634s] Invoked command in '/home/sam/g1_humble_ws/unitree_g1_description/build/unitree_g1_description' returned '0': CMAKE_PREFIX_PATH=${CMAKE_PREFIX_PATH}:/opt/ros/humble /usr/bin/cmake --build /home/sam/g1_humble_ws/unitree_g1_description/build/unitree_g1_description -- -j12 -l12
[0.648s] Invoking command in '/home/sam/g1_humble_ws/unitree_g1_description/build/unitree_g1_description': CMAKE_PREFIX_PATH=${CMAKE_PREFIX_PATH}:/opt/ros/humble /usr/bin/cmake --install /home/sam/g1_humble_ws/unitree_g1_description/build/unitree_g1_description
[0.668s] -- Install configuration: ""
[0.668s] -- Execute custom install script
[0.668s] -- Symlinking: /home/sam/g1_humble_ws/unitree_g1_description/install/unitree_g1_description/share/unitree_g1_description/urdf/g1_23dof.urdf
[0.677s] -- Symlinking: /home/sam/g1_humble_ws/unitree_g1_description/install/unitree_g1_description/share/unitree_g1_description/urdf/g1_23dof.xml
[0.690s] -- Symlinking: /home/sam/g1_humble_ws/unitree_g1_description/install/unitree_g1_description/share/unitree_g1_description/urdf/g1_23dof_mode_10.urdf
[0.702s] -- Symlinking: /home/sam/g1_humble_ws/unitree_g1_description/install/unitree_g1_description/share/unitree_g1_description/urdf/g1_23dof_rev_1_0.urdf
[0.724s] -- Symlinking: /home/sam/g1_humble_ws/unitree_g1_description/install/unitree_g1_description/share/unitree_g1_description/urdf/g1_23dof_rev_1_0.xml
[0.732s] -- Symlinking: /home/sam/g1_humble_ws/unitree_g1_description/install/unitree_g1_description/share/unitree_g1_description/urdf/g1_29dof.urdf
[0.742s] -- Symlinking: /home/sam/g1_humble_ws/unitree_g1_description/install/unitree_g1_description/share/unitree_g1_description/urdf/g1_29dof.xml
[0.754s] -- Symlinking: /home/sam/g1_humble_ws/unitree_g1_description/install/unitree_g1_description/share/unitree_g1_description/urdf/g1_29dof_lock_waist.urdf
[0.765s] -- Symlinking: /home/sam/g1_humble_ws/unitree_g1_description/install/unitree_g1_description/share/unitree_g1_description/urdf/g1_29dof_lock_waist.xml
[0.782s] -- Symlinking: /home/sam/g1_humble_ws/unitree_g1_description/install/unitree_g1_description/share/unitree_g1_description/urdf/g1_29dof_lock_waist_rev_1_0.urdf
[0.793s] -- Symlinking: /home/sam/g1_humble_ws/unitree_g1_description/install/unitree_g1_description/share/unitree_g1_description/urdf/g1_29dof_lock_waist_rev_1_0.xml
[0.804s] -- Symlinking: /home/sam/g1_humble_ws/unitree_g1_description/install/unitree_g1_description/share/unitree_g1_description/urdf/g1_29dof_lock_waist_with_hand_rev_1_0.urdf
[0.816s] -- Symlinking: /home/sam/g1_humble_ws/unitree_g1_description/install/unitree_g1_description/share/unitree_g1_description/urdf/g1_29dof_lock_waist_with_hand_rev_1_0.xml
[0.836s] -- Symlinking: /home/sam/g1_humble_ws/unitree_g1_description/install/unitree_g1_description/share/unitree_g1_description/urdf/g1_29dof_mode_11.urdf
[0.846s] -- Symlinking: /home/sam/g1_humble_ws/unitree_g1_description/install/unitree_g1_description/share/unitree_g1_description/urdf/g1_29dof_mode_12.urdf
[0.861s] -- Symlinking: /home/sam/g1_humble_ws/unitree_g1_description/install/unitree_g1_description/share/unitree_g1_description/urdf/g1_29dof_mode_13.urdf
[0.871s] -- Symlinking: /home/sam/g1_humble_ws/unitree_g1_description/install/unitree_g1_description/share/unitree_g1_description/urdf/g1_29dof_mode_14.urdf
[0.882s] -- Symlinking: /home/sam/g1_humble_ws/unitree_g1_description/install/unitree_g1_description/share/unitree_g1_description/urdf/g1_29dof_mode_15.urdf
[0.897s] -- Symlinking: /home/sam/g1_humble_ws/unitree_g1_description/install/unitree_g1_description/share/unitree_g1_description/urdf/g1_29dof_mode_16.urdf
[0.910s] -- Symlinking: /home/sam/g1_humble_ws/unitree_g1_description/install/unitree_g1_description/share/unitree_g1_description/urdf/g1_29dof_rev_1_0.urdf
[0.920s] -- Symlinking: /home/sam/g1_humble_ws/unitree_g1_description/install/unitree_g1_description/share/unitree_g1_description/urdf/g1_29dof_rev_1_0.xml
[0.930s] -- Symlinking: /home/sam/g1_humble_ws/unitree_g1_description/install/unitree_g1_description/share/unitree_g1_description/urdf/g1_29dof_rev_1_0_with_inspire_hand_DFQ.urdf
[0.940s] -- Symlinking: /home/sam/g1_humble_ws/unitree_g1_description/install/unitree_g1_description/share/unitree_g1_description/urdf/g1_29dof_rev_1_0_with_inspire_hand_FTP.urdf
[0.954s] -- Symlinking: /home/sam/g1_humble_ws/unitree_g1_description/install/unitree_g1_description/share/unitree_g1_description/urdf/g1_29dof_with_hand.urdf
[0.971s] -- Symlinking: /home/sam/g1_humble_ws/unitree_g1_description/install/unitree_g1_description/share/unitree_g1_description/urdf/g1_29dof_with_hand.xml
[0.981s] -- Symlinking: /home/sam/g1_humble_ws/unitree_g1_description/install/unitree_g1_description/share/unitree_g1_description/urdf/g1_29dof_with_hand_rev_1_0.urdf
[0.990s] -- Symlinking: /home/sam/g1_humble_ws/unitree_g1_description/install/unitree_g1_description/share/unitree_g1_description/urdf/g1_29dof_with_hand_rev_1_0.xml
[1.003s] -- Symlinking: /home/sam/g1_humble_ws/unitree_g1_description/install/unitree_g1_description/share/unitree_g1_description/urdf/g1_comp.urdf
[1.018s] -- Symlinking: /home/sam/g1_humble_ws/unitree_g1_description/install/unitree_g1_description/share/unitree_g1_description/urdf/g1_dual_arm.urdf
[1.029s] -- Symlinking: /home/sam/g1_humble_ws/unitree_g1_description/install/unitree_g1_description/share/unitree_g1_description/urdf/g1_dual_arm.xml
[1.040s] -- Symlinking: /home/sam/g1_humble_ws/unitree_g1_description/install/unitree_g1_description/share/unitree_g1_description/meshes/L_hand_base_link.STL
[1.072s] -- Symlinking: /home/sam/g1_humble_ws/unitree_g1_description/install/unitree_g1_description/share/unitree_g1_description/meshes/Link11_L.STL
[1.084s] -- Symlinking: /home/sam/g1_humble_ws/unitree_g1_description/install/unitree_g1_description/share/unitree_g1_description/meshes/Link11_R.STL
[1.096s] -- Symlinking: /home/sam/g1_humble_ws/unitree_g1_description/install/unitree_g1_description/share/unitree_g1_description/meshes/Link12_L.STL
[1.106s] -- Symlinking: /home/sam/g1_humble_ws/unitree_g1_description/install/unitree_g1_description/share/unitree_g1_description/meshes/Link12_R.STL
[1.120s] -- Symlinking: /home/sam/g1_humble_ws/unitree_g1_description/install/unitree_g1_description/share/unitree_g1_description/meshes/Link13_L.STL
[1.134s] -- Symlinking: /home/sam/g1_humble_ws/unitree_g1_description/install/unitree_g1_description/share/unitree_g1_description/meshes/Link13_R.STL
[1.144s] -- Symlinking: /home/sam/g1_humble_ws/unitree_g1_description/install/unitree_g1_description/share/unitree_g1_description/meshes/Link14_L.STL
[1.157s] -- Symlinking: /home/sam/g1_humble_ws/unitree_g1_description/install/unitree_g1_description/share/unitree_g1_description/meshes/Link14_R.STL
[1.172s] -- Symlinking: /home/sam/g1_humble_ws/unitree_g1_description/install/unitree_g1_description/share/unitree_g1_description/meshes/Link15_L.STL
[1.184s] -- Symlinking: /home/sam/g1_humble_ws/unitree_g1_description/install/unitree_g1_description/share/unitree_g1_description/meshes/Link15_R.STL
[1.199s] -- Symlinking: /home/sam/g1_humble_ws/unitree_g1_description/install/unitree_g1_description/share/unitree_g1_description/meshes/Link16_L.STL
[1.210s] -- Symlinking: /home/sam/g1_humble_ws/unitree_g1_description/install/unitree_g1_description/share/unitree_g1_description/meshes/Link16_R.STL
[1.221s] -- Symlinking: /home/sam/g1_humble_ws/unitree_g1_description/install/unitree_g1_description/share/unitree_g1_description/meshes/Link17_L.STL
[1.238s] -- Symlinking: /home/sam/g1_humble_ws/unitree_g1_description/install/unitree_g1_description/share/unitree_g1_description/meshes/Link17_R.STL
[1.251s] -- Symlinking: /home/sam/g1_humble_ws/unitree_g1_description/install/unitree_g1_description/share/unitree_g1_description/meshes/Link18_L.STL
[1.265s] -- Symlinking: /home/sam/g1_humble_ws/unitree_g1_description/install/unitree_g1_description/share/unitree_g1_description/meshes/Link18_R.STL
[1.275s] -- Symlinking: /home/sam/g1_humble_ws/unitree_g1_description/install/unitree_g1_description/share/unitree_g1_description/meshes/Link19_L.STL
[1.292s] -- Symlinking: /home/sam/g1_humble_ws/unitree_g1_description/install/unitree_g1_description/share/unitree_g1_description/meshes/Link19_R.STL
[1.304s] -- Symlinking: /home/sam/g1_humble_ws/unitree_g1_description/install/unitree_g1_description/share/unitree_g1_description/meshes/Link20_L.STL
[1.314s] -- Symlinking: /home/sam/g1_humble_ws/unitree_g1_description/install/unitree_g1_description/share/unitree_g1_description/meshes/Link20_R.STL
[1.327s] -- Symlinking: /home/sam/g1_humble_ws/unitree_g1_description/install/unitree_g1_description/share/unitree_g1_description/meshes/Link21_L.STL
[1.342s] -- Symlinking: /home/sam/g1_humble_ws/unitree_g1_description/install/unitree_g1_description/share/unitree_g1_description/meshes/Link21_R.STL
[1.354s] -- Symlinking: /home/sam/g1_humble_ws/unitree_g1_description/install/unitree_g1_description/share/unitree_g1_description/meshes/Link22_L.STL
[1.370s] -- Symlinking: /home/sam/g1_humble_ws/unitree_g1_description/install/unitree_g1_description/share/unitree_g1_description/meshes/Link22_R.STL
[1.380s] -- Symlinking: /home/sam/g1_humble_ws/unitree_g1_description/install/unitree_g1_description/share/unitree_g1_description/meshes/R_hand_base_link.STL
[1.392s] -- Symlinking: /home/sam/g1_humble_ws/unitree_g1_description/install/unitree_g1_description/share/unitree_g1_description/meshes/d455_link.STL
[1.408s] -- Symlinking: /home/sam/g1_humble_ws/unitree_g1_description/install/unitree_g1_description/share/unitree_g1_description/meshes/head_link.STL
[1.419s] -- Symlinking: /home/sam/g1_humble_ws/unitree_g1_description/install/unitree_g1_description/share/unitree_g1_description/meshes/head_servo_link.STL
[1.431s] -- Symlinking: /home/sam/g1_humble_ws/unitree_g1_description/install/unitree_g1_description/share/unitree_g1_description/meshes/left_ankle_pitch_link.STL
[1.444s] -- Symlinking: /home/sam/g1_humble_ws/unitree_g1_description/install/unitree_g1_description/share/unitree_g1_description/meshes/left_ankle_roll_link.STL
[1.468s] -- Symlinking: /home/sam/g1_humble_ws/unitree_g1_description/install/unitree_g1_description/share/unitree_g1_description/meshes/left_base_link.STL
[1.485s] -- Symlinking: /home/sam/g1_humble_ws/unitree_g1_description/install/unitree_g1_description/share/unitree_g1_description/meshes/left_elbow_link.STL
[1.494s] -- Symlinking: /home/sam/g1_humble_ws/unitree_g1_description/install/unitree_g1_description/share/unitree_g1_description/meshes/left_hand_index_0_link.STL
[1.504s] -- Symlinking: /home/sam/g1_humble_ws/unitree_g1_description/install/unitree_g1_description/share/unitree_g1_description/meshes/left_hand_index_1_link.STL
[1.524s] -- Symlinking: /home/sam/g1_humble_ws/unitree_g1_description/install/unitree_g1_description/share/unitree_g1_description/meshes/left_hand_middle_0_link.STL
[1.537s] -- Symlinking: /home/sam/g1_humble_ws/unitree_g1_description/install/unitree_g1_description/share/unitree_g1_description/meshes/left_hand_middle_1_link.STL
[1.548s] -- Symlinking: /home/sam/g1_humble_ws/unitree_g1_description/install/unitree_g1_description/share/unitree_g1_description/meshes/left_hand_palm_link.STL
[1.561s] -- Symlinking: /home/sam/g1_humble_ws/unitree_g1_description/install/unitree_g1_description/share/unitree_g1_description/meshes/left_hand_thumb_0_link.STL
[1.579s] -- Symlinking: /home/sam/g1_humble_ws/unitree_g1_description/install/unitree_g1_description/share/unitree_g1_description/meshes/left_hand_thumb_1_link.STL
[1.585s] -- Symlinking: /home/sam/g1_humble_ws/unitree_g1_description/install/unitree_g1_description/share/unitree_g1_description/meshes/left_hand_thumb_2_link.STL
[1.596s] -- Symlinking: /home/sam/g1_humble_ws/unitree_g1_description/install/unitree_g1_description/share/unitree_g1_description/meshes/left_hip_pitch_link.STL
[1.609s] -- Symlinking: /home/sam/g1_humble_ws/unitree_g1_description/install/unitree_g1_description/share/unitree_g1_description/meshes/left_hip_roll_link.STL
[1.619s] -- Symlinking: /home/sam/g1_humble_ws/unitree_g1_description/install/unitree_g1_description/share/unitree_g1_description/meshes/left_hip_yaw_link.STL
[1.636s] -- Symlinking: /home/sam/g1_humble_ws/unitree_g1_description/install/unitree_g1_description/share/unitree_g1_description/meshes/left_index_1.STL
[1.645s] -- Symlinking: /home/sam/g1_humble_ws/unitree_g1_description/install/unitree_g1_description/share/unitree_g1_description/meshes/left_index_2.STL
[1.661s] -- Symlinking: /home/sam/g1_humble_ws/unitree_g1_description/install/unitree_g1_description/share/unitree_g1_description/meshes/left_index_force_sensor_1.STL
[1.671s] -- Symlinking: /home/sam/g1_humble_ws/unitree_g1_description/install/unitree_g1_description/share/unitree_g1_description/meshes/left_index_force_sensor_2.STL
[1.680s] -- Symlinking: /home/sam/g1_humble_ws/unitree_g1_description/install/unitree_g1_description/share/unitree_g1_description/meshes/left_index_force_sensor_3.STL
[1.692s] -- Symlinking: /home/sam/g1_humble_ws/unitree_g1_description/install/unitree_g1_description/share/unitree_g1_description/meshes/left_knee_link.STL
[1.705s] -- Symlinking: /home/sam/g1_humble_ws/unitree_g1_description/install/unitree_g1_description/share/unitree_g1_description/meshes/left_little_1.STL
[1.718s] -- Symlinking: /home/sam/g1_humble_ws/unitree_g1_description/install/unitree_g1_description/share/unitree_g1_description/meshes/left_little_2.STL
[1.729s] -- Symlinking: /home/sam/g1_humble_ws/unitree_g1_description/install/unitree_g1_description/share/unitree_g1_description/meshes/left_little_force_sensor_1.STL
[1.744s] -- Symlinking: /home/sam/g1_humble_ws/unitree_g1_description/install/unitree_g1_description/share/unitree_g1_description/meshes/left_little_force_sensor_2.STL
[1.760s] -- Symlinking: /home/sam/g1_humble_ws/unitree_g1_description/install/unitree_g1_description/share/unitree_g1_description/meshes/left_little_force_sensor_3.STL
[1.770s] -- Symlinking: /home/sam/g1_humble_ws/unitree_g1_description/install/unitree_g1_description/share/unitree_g1_description/meshes/left_middle_1.STL
[1.781s] -- Symlinking: /home/sam/g1_humble_ws/unitree_g1_description/install/unitree_g1_description/share/unitree_g1_description/meshes/left_middle_2.STL
[1.792s] -- Symlinking: /home/sam/g1_humble_ws/unitree_g1_description/install/unitree_g1_description/share/unitree_g1_description/meshes/left_middle_force_sensor_1.STL
[1.813s] -- Symlinking: /home/sam/g1_humble_ws/unitree_g1_description/install/unitree_g1_description/share/unitree_g1_description/meshes/left_middle_force_sensor_2.STL
[1.824s] -- Symlinking: /home/sam/g1_humble_ws/unitree_g1_description/install/unitree_g1_description/share/unitree_g1_description/meshes/left_middle_force_sensor_3.STL
[1.836s] -- Symlinking: /home/sam/g1_humble_ws/unitree_g1_description/install/unitree_g1_description/share/unitree_g1_description/meshes/left_palm_force_sensor.STL
[1.847s] -- Symlinking: /home/sam/g1_humble_ws/unitree_g1_description/install/unitree_g1_description/share/unitree_g1_description/meshes/left_ring_1.STL
[1.867s] -- Symlinking: /home/sam/g1_humble_ws/unitree_g1_description/install/unitree_g1_description/share/unitree_g1_description/meshes/left_ring_2.STL
[1.873s] -- Symlinking: /home/sam/g1_humble_ws/unitree_g1_description/install/unitree_g1_description/share/unitree_g1_description/meshes/left_ring_force_sensor_1.STL
[1.884s] -- Symlinking: /home/sam/g1_humble_ws/unitree_g1_description/install/unitree_g1_description/share/unitree_g1_description/meshes/left_ring_force_sensor_2.STL
[1.894s] -- Symlinking: /home/sam/g1_humble_ws/unitree_g1_description/install/unitree_g1_description/share/unitree_g1_description/meshes/left_ring_force_sensor_3.STL
[1.907s] -- Symlinking: /home/sam/g1_humble_ws/unitree_g1_description/install/unitree_g1_description/share/unitree_g1_description/meshes/left_rubber_hand.STL
[1.937s] -- Symlinking: /home/sam/g1_humble_ws/unitree_g1_description/install/unitree_g1_description/share/unitree_g1_description/meshes/left_shoulder_pitch_link.STL
[1.951s] -- Symlinking: /home/sam/g1_humble_ws/unitree_g1_description/install/unitree_g1_description/share/unitree_g1_description/meshes/left_shoulder_roll_link.STL
[1.961s] -- Symlinking: /home/sam/g1_humble_ws/unitree_g1_description/install/unitree_g1_description/share/unitree_g1_description/meshes/left_shoulder_yaw_link.STL
[1.973s] -- Symlinking: /home/sam/g1_humble_ws/unitree_g1_description/install/unitree_g1_description/share/unitree_g1_description/meshes/left_thumb_1.STL
[1.992s] -- Symlinking: /home/sam/g1_humble_ws/unitree_g1_description/install/unitree_g1_description/share/unitree_g1_description/meshes/left_thumb_2.STL
[2.002s] -- Symlinking: /home/sam/g1_humble_ws/unitree_g1_description/install/unitree_g1_description/share/unitree_g1_description/meshes/left_thumb_3.STL
[2.013s] -- Symlinking: /home/sam/g1_humble_ws/unitree_g1_description/install/unitree_g1_description/share/unitree_g1_description/meshes/left_thumb_4.STL
[2.024s] -- Symlinking: /home/sam/g1_humble_ws/unitree_g1_description/install/unitree_g1_description/share/unitree_g1_description/meshes/left_thumb_force_sensor_1.STL
[2.043s] -- Symlinking: /home/sam/g1_humble_ws/unitree_g1_description/install/unitree_g1_description/share/unitree_g1_description/meshes/left_thumb_force_sensor_2.STL
[2.049s] -- Symlinking: /home/sam/g1_humble_ws/unitree_g1_description/install/unitree_g1_description/share/unitree_g1_description/meshes/left_thumb_force_sensor_3.STL
[2.067s] -- Symlinking: /home/sam/g1_humble_ws/unitree_g1_description/install/unitree_g1_description/share/unitree_g1_description/meshes/left_thumb_force_sensor_4.STL
[2.077s] -- Symlinking: /home/sam/g1_humble_ws/unitree_g1_description/install/unitree_g1_description/share/unitree_g1_description/meshes/left_thumb_swing.STL
[2.088s] -- Symlinking: /home/sam/g1_humble_ws/unitree_g1_description/install/unitree_g1_description/share/unitree_g1_description/meshes/left_wrist_pitch_link.STL
[2.105s] -- Symlinking: /home/sam/g1_humble_ws/unitree_g1_description/install/unitree_g1_description/share/unitree_g1_description/meshes/left_wrist_pitch_link_5010.STL
[2.119s] -- Symlinking: /home/sam/g1_humble_ws/unitree_g1_description/install/unitree_g1_description/share/unitree_g1_description/meshes/left_wrist_roll_link.STL
[2.131s] -- Symlinking: /home/sam/g1_humble_ws/unitree_g1_description/install/unitree_g1_description/share/unitree_g1_description/meshes/left_wrist_roll_link_5010.STL
[2.142s] -- Symlinking: /home/sam/g1_humble_ws/unitree_g1_description/install/unitree_g1_description/share/unitree_g1_description/meshes/left_wrist_roll_rubber_hand.STL
[2.163s] -- Symlinking: /home/sam/g1_humble_ws/unitree_g1_description/install/unitree_g1_description/share/unitree_g1_description/meshes/left_wrist_yaw_link.STL
[2.172s] -- Symlinking: /home/sam/g1_humble_ws/unitree_g1_description/install/unitree_g1_description/share/unitree_g1_description/meshes/left_wrist_yaw_link_5010.STL
[2.184s] -- Symlinking: /home/sam/g1_humble_ws/unitree_g1_description/install/unitree_g1_description/share/unitree_g1_description/meshes/logo_link.STL
[2.195s] -- Symlinking: /home/sam/g1_humble_ws/unitree_g1_description/install/unitree_g1_description/share/unitree_g1_description/meshes/pelvis.STL
[2.204s] -- Symlinking: /home/sam/g1_humble_ws/unitree_g1_description/install/unitree_g1_description/share/unitree_g1_description/meshes/pelvis_contour_link.STL
[2.224s] -- Symlinking: /home/sam/g1_humble_ws/unitree_g1_description/install/unitree_g1_description/share/unitree_g1_description/meshes/right_ankle_pitch_link.STL
[2.236s] -- Symlinking: /home/sam/g1_humble_ws/unitree_g1_description/install/unitree_g1_description/share/unitree_g1_description/meshes/right_ankle_roll_link.STL
[2.248s] -- Symlinking: /home/sam/g1_humble_ws/unitree_g1_description/install/unitree_g1_description/share/unitree_g1_description/meshes/right_base_link.STL
[2.261s] -- Symlinking: /home/sam/g1_humble_ws/unitree_g1_description/install/unitree_g1_description/share/unitree_g1_description/meshes/right_elbow_link.STL
[2.275s] -- Symlinking: /home/sam/g1_humble_ws/unitree_g1_description/install/unitree_g1_description/share/unitree_g1_description/meshes/right_hand_index_0_link.STL
[2.287s] -- Symlinking: /home/sam/g1_humble_ws/unitree_g1_description/install/unitree_g1_description/share/unitree_g1_description/meshes/right_hand_index_1_link.STL
[2.301s] -- Symlinking: /home/sam/g1_humble_ws/unitree_g1_description/install/unitree_g1_description/share/unitree_g1_description/meshes/right_hand_middle_0_link.STL
[2.311s] -- Symlinking: /home/sam/g1_humble_ws/unitree_g1_description/install/unitree_g1_description/share/unitree_g1_description/meshes/right_hand_middle_1_link.STL
[2.321s] -- Symlinking: /home/sam/g1_humble_ws/unitree_g1_description/install/unitree_g1_description/share/unitree_g1_description/meshes/right_hand_palm_link.STL
[2.337s] -- Symlinking: /home/sam/g1_humble_ws/unitree_g1_description/install/unitree_g1_description/share/unitree_g1_description/meshes/right_hand_thumb_0_link.STL
[2.349s] -- Symlinking: /home/sam/g1_humble_ws/unitree_g1_description/install/unitree_g1_description/share/unitree_g1_description/meshes/right_hand_thumb_1_link.STL
[2.361s] -- Symlinking: /home/sam/g1_humble_ws/unitree_g1_description/install/unitree_g1_description/share/unitree_g1_description/meshes/right_hand_thumb_2_link.STL
[2.378s] -- Symlinking: /home/sam/g1_humble_ws/unitree_g1_description/install/unitree_g1_description/share/unitree_g1_description/meshes/right_hip_pitch_link.STL
[2.390s] -- Symlinking: /home/sam/g1_humble_ws/unitree_g1_description/install/unitree_g1_description/share/unitree_g1_description/meshes/right_hip_roll_link.STL
[2.408s] -- Symlinking: /home/sam/g1_humble_ws/unitree_g1_description/install/unitree_g1_description/share/unitree_g1_description/meshes/right_hip_yaw_link.STL
[2.419s] -- Symlinking: /home/sam/g1_humble_ws/unitree_g1_description/install/unitree_g1_description/share/unitree_g1_description/meshes/right_index_1.STL
[2.430s] -- Symlinking: /home/sam/g1_humble_ws/unitree_g1_description/install/unitree_g1_description/share/unitree_g1_description/meshes/right_index_2.STL
[2.440s] -- Symlinking: /home/sam/g1_humble_ws/unitree_g1_description/install/unitree_g1_description/share/unitree_g1_description/meshes/right_index_force_sensor_1.STL
[2.460s] -- Symlinking: /home/sam/g1_humble_ws/unitree_g1_description/install/unitree_g1_description/share/unitree_g1_description/meshes/right_index_force_sensor_2.STL
[2.479s] -- Symlinking: /home/sam/g1_humble_ws/unitree_g1_description/install/unitree_g1_description/share/unitree_g1_description/meshes/right_index_force_sensor_3.STL
[2.491s] -- Symlinking: /home/sam/g1_humble_ws/unitree_g1_description/install/unitree_g1_description/share/unitree_g1_description/meshes/right_knee_link.STL
[2.501s] -- Symlinking: /home/sam/g1_humble_ws/unitree_g1_description/install/unitree_g1_description/share/unitree_g1_description/meshes/right_little_1.STL
[2.522s] -- Symlinking: /home/sam/g1_humble_ws/unitree_g1_description/install/unitree_g1_description/share/unitree_g1_description/meshes/right_little_2.STL
[2.536s] -- Symlinking: /home/sam/g1_humble_ws/unitree_g1_description/install/unitree_g1_description/share/unitree_g1_description/meshes/right_little_force_sensor_1.STL
[2.549s] -- Symlinking: /home/sam/g1_humble_ws/unitree_g1_description/install/unitree_g1_description/share/unitree_g1_description/meshes/right_little_force_sensor_2.STL
[2.580s] -- Symlinking: /home/sam/g1_humble_ws/unitree_g1_description/install/unitree_g1_description/share/unitree_g1_description/meshes/right_little_force_sensor_3.STL
[2.609s] -- Symlinking: /home/sam/g1_humble_ws/unitree_g1_description/install/unitree_g1_description/share/unitree_g1_description/meshes/right_middle_1.STL
[2.630s] -- Symlinking: /home/sam/g1_humble_ws/unitree_g1_description/install/unitree_g1_description/share/unitree_g1_description/meshes/right_middle_2.STL
[2.644s] -- Symlinking: /home/sam/g1_humble_ws/unitree_g1_description/install/unitree_g1_description/share/unitree_g1_description/meshes/right_middle_force_sensor_1.STL
[2.668s] -- Symlinking: /home/sam/g1_humble_ws/unitree_g1_description/install/unitree_g1_description/share/unitree_g1_description/meshes/right_middle_force_sensor_2.STL
[2.692s] -- Symlinking: /home/sam/g1_humble_ws/unitree_g1_description/install/unitree_g1_description/share/unitree_g1_description/meshes/right_middle_force_sensor_3.STL
[2.703s] -- Symlinking: /home/sam/g1_humble_ws/unitree_g1_description/install/unitree_g1_description/share/unitree_g1_description/meshes/right_palm_force_sensor.STL
[2.719s] -- Symlinking: /home/sam/g1_humble_ws/unitree_g1_description/install/unitree_g1_description/share/unitree_g1_description/meshes/right_ring_1.STL
[2.729s] -- Symlinking: /home/sam/g1_humble_ws/unitree_g1_description/install/unitree_g1_description/share/unitree_g1_description/meshes/right_ring_2.STL
[2.751s] -- Symlinking: /home/sam/g1_humble_ws/unitree_g1_description/install/unitree_g1_description/share/unitree_g1_description/meshes/right_ring_force_sensor_1.STL
[2.761s] -- Symlinking: /home/sam/g1_humble_ws/unitree_g1_description/install/unitree_g1_description/share/unitree_g1_description/meshes/right_ring_force_sensor_2.STL
[2.777s] -- Symlinking: /home/sam/g1_humble_ws/unitree_g1_description/install/unitree_g1_description/share/unitree_g1_description/meshes/right_ring_force_sensor_3.STL
[2.788s] -- Symlinking: /home/sam/g1_humble_ws/unitree_g1_description/install/unitree_g1_description/share/unitree_g1_description/meshes/right_rubber_hand.STL
[2.812s] -- Symlinking: /home/sam/g1_humble_ws/unitree_g1_description/install/unitree_g1_description/share/unitree_g1_description/meshes/right_shoulder_pitch_link.STL
[2.823s] -- Symlinking: /home/sam/g1_humble_ws/unitree_g1_description/install/unitree_g1_description/share/unitree_g1_description/meshes/right_shoulder_roll_link.STL
[2.833s] -- Symlinking: /home/sam/g1_humble_ws/unitree_g1_description/install/unitree_g1_description/share/unitree_g1_description/meshes/right_shoulder_yaw_link.STL
[2.844s] -- Symlinking: /home/sam/g1_humble_ws/unitree_g1_description/install/unitree_g1_description/share/unitree_g1_description/meshes/right_thumb_1.STL
[2.855s] -- Symlinking: /home/sam/g1_humble_ws/unitree_g1_description/install/unitree_g1_description/share/unitree_g1_description/meshes/right_thumb_2.STL
[2.885s] -- Symlinking: /home/sam/g1_humble_ws/unitree_g1_description/install/unitree_g1_description/share/unitree_g1_description/meshes/right_thumb_3.STL
[2.906s] -- Symlinking: /home/sam/g1_humble_ws/unitree_g1_description/install/unitree_g1_description/share/unitree_g1_description/meshes/right_thumb_4.STL
[2.918s] -- Symlinking: /home/sam/g1_humble_ws/unitree_g1_description/install/unitree_g1_description/share/unitree_g1_description/meshes/right_thumb_force_sensor_1.STL
[2.929s] -- Symlinking: /home/sam/g1_humble_ws/unitree_g1_description/install/unitree_g1_description/share/unitree_g1_description/meshes/right_thumb_force_sensor_2.STL
[2.951s] -- Symlinking: /home/sam/g1_humble_ws/unitree_g1_description/install/unitree_g1_description/share/unitree_g1_description/meshes/right_thumb_force_sensor_3.STL
[2.959s] -- Symlinking: /home/sam/g1_humble_ws/unitree_g1_description/install/unitree_g1_description/share/unitree_g1_description/meshes/right_thumb_force_sensor_4.STL
[2.973s] -- Symlinking: /home/sam/g1_humble_ws/unitree_g1_description/install/unitree_g1_description/share/unitree_g1_description/meshes/right_wrist_pitch_link.STL
[2.985s] -- Symlinking: /home/sam/g1_humble_ws/unitree_g1_description/install/unitree_g1_description/share/unitree_g1_description/meshes/right_wrist_pitch_link_5010.STL
[2.997s] -- Symlinking: /home/sam/g1_humble_ws/unitree_g1_description/install/unitree_g1_description/share/unitree_g1_description/meshes/right_wrist_roll_link.STL
[3.014s] -- Symlinking: /home/sam/g1_humble_ws/unitree_g1_description/install/unitree_g1_description/share/unitree_g1_description/meshes/right_wrist_roll_link_5010.STL
[3.028s] -- Symlinking: /home/sam/g1_humble_ws/unitree_g1_description/install/unitree_g1_description/share/unitree_g1_description/meshes/right_wrist_roll_rubber_hand.STL
[3.040s] -- Symlinking: /home/sam/g1_humble_ws/unitree_g1_description/install/unitree_g1_description/share/unitree_g1_description/meshes/right_wrist_yaw_link.STL
[3.051s] -- Symlinking: /home/sam/g1_humble_ws/unitree_g1_description/install/unitree_g1_description/share/unitree_g1_description/meshes/right_wrist_yaw_link_5010.STL
[3.062s] -- Symlinking: /home/sam/g1_humble_ws/unitree_g1_description/install/unitree_g1_description/share/unitree_g1_description/meshes/torso_constraint_L_link.STL
[3.072s] -- Symlinking: /home/sam/g1_humble_ws/unitree_g1_description/install/unitree_g1_description/share/unitree_g1_description/meshes/torso_constraint_L_rod_link.STL
[3.093s] -- Symlinking: /home/sam/g1_humble_ws/unitree_g1_description/install/unitree_g1_description/share/unitree_g1_description/meshes/torso_constraint_R_link.STL
[3.107s] -- Symlinking: /home/sam/g1_humble_ws/unitree_g1_description/install/unitree_g1_description/share/unitree_g1_description/meshes/torso_constraint_R_rod_link.STL
[3.120s] -- Symlinking: /home/sam/g1_humble_ws/unitree_g1_description/install/unitree_g1_description/share/unitree_g1_description/meshes/torso_link.STL
[3.146s] -- Symlinking: /home/sam/g1_humble_ws/unitree_g1_description/install/unitree_g1_description/share/unitree_g1_description/meshes/torso_link_23dof_rev_1_0.STL
[3.162s] -- Symlinking: /home/sam/g1_humble_ws/unitree_g1_description/install/unitree_g1_description/share/unitree_g1_description/meshes/torso_link_rev_1_0.STL
[3.172s] -- Symlinking: /home/sam/g1_humble_ws/unitree_g1_description/install/unitree_g1_description/share/unitree_g1_description/meshes/waist_constraint_L.STL
[3.183s] -- Symlinking: /home/sam/g1_humble_ws/unitree_g1_description/install/unitree_g1_description/share/unitree_g1_description/meshes/waist_constraint_R.STL
[3.200s] -- Symlinking: /home/sam/g1_humble_ws/unitree_g1_description/install/unitree_g1_description/share/unitree_g1_description/meshes/waist_roll_link.STL
[3.228s] -- Symlinking: /home/sam/g1_humble_ws/unitree_g1_description/install/unitree_g1_description/share/unitree_g1_description/meshes/waist_roll_link_rev_1_0.STL
[3.243s] -- Symlinking: /home/sam/g1_humble_ws/unitree_g1_description/install/unitree_g1_description/share/unitree_g1_description/meshes/waist_support_link.STL
[3.256s] -- Symlinking: /home/sam/g1_humble_ws/unitree_g1_description/install/unitree_g1_description/share/unitree_g1_description/meshes/waist_yaw_link.STL
[3.270s] -- Symlinking: /home/sam/g1_humble_ws/unitree_g1_description/install/unitree_g1_description/share/unitree_g1_description/meshes/waist_yaw_link_rev_1_0.STL
[3.295s] -- Symlinking: /home/sam/g1_humble_ws/unitree_g1_description/install/unitree_g1_description/share/unitree_g1_description/meshes/xl330_link.STL
[3.312s] -- Symlinking: /home/sam/g1_humble_ws/unitree_g1_description/install/unitree_g1_description/share/unitree_g1_description/images/g1_23dof.png
[3.325s] -- Symlinking: /home/sam/g1_humble_ws/unitree_g1_description/install/unitree_g1_description/share/unitree_g1_description/images/g1_29dof.png
[3.338s] -- Symlinking: /home/sam/g1_humble_ws/unitree_g1_description/install/unitree_g1_description/share/unitree_g1_description/images/g1_29dof_with_hand.png
[3.364s] -- Symlinking: /home/sam/g1_humble_ws/unitree_g1_description/install/unitree_g1_description/share/unitree_g1_description/images/g1_dual_arm.png
[3.373s] -- Symlinking: /home/sam/g1_humble_ws/unitree_g1_description/install/unitree_g1_description/share/unitree_g1_description/inspire_hand/DFQ_left_hand.urdf
[3.388s] -- Symlinking: /home/sam/g1_humble_ws/unitree_g1_description/install/unitree_g1_description/share/unitree_g1_description/inspire_hand/DFQ_right_hand.urdf
[3.400s] -- Symlinking: /home/sam/g1_humble_ws/unitree_g1_description/install/unitree_g1_description/share/unitree_g1_description/inspire_hand/FTP_left_hand.urdf
[3.411s] -- Symlinking: /home/sam/g1_humble_ws/unitree_g1_description/install/unitree_g1_description/share/unitree_g1_description/inspire_hand/FTP_right_hand.urdf
[3.421s] -- Symlinking: /home/sam/g1_humble_ws/unitree_g1_description/install/unitree_g1_description/share/unitree_g1_description/inspire_hand/config.yaml
[3.440s] -- Symlinking: /home/sam/g1_humble_ws/unitree_g1_description/install/unitree_g1_description/share/unitree_g1_description/launch/__pycache__/spawn_gazebo.launch.cpython-310.pyc
[3.452s] -- Symlinking: /home/sam/g1_humble_ws/unitree_g1_description/install/unitree_g1_description/share/unitree_g1_description/launch/display.launch.py
[3.464s] -- Symlinking: /home/sam/g1_humble_ws/unitree_g1_description/install/unitree_g1_description/share/unitree_g1_description/launch/spawn_gazebo.launch.py
[3.478s] -- Symlinking: /home/sam/g1_humble_ws/unitree_g1_description/install/unitree_g1_description/share/ament_index/resource_index/package_run_dependencies/unitree_g1_description
[3.494s] -- Symlinking: /home/sam/g1_humble_ws/unitree_g1_description/install/unitree_g1_description/share/ament_index/resource_index/parent_prefix_path/unitree_g1_description
[3.511s] -- Symlinking: /home/sam/g1_humble_ws/unitree_g1_description/install/unitree_g1_description/share/unitree_g1_description/environment/ament_prefix_path.sh
[3.525s] -- Symlinking: /home/sam/g1_humble_ws/unitree_g1_description/install/unitree_g1_description/share/unitree_g1_description/environment/ament_prefix_path.dsv
[3.536s] -- Symlinking: /home/sam/g1_humble_ws/unitree_g1_description/install/unitree_g1_description/share/unitree_g1_description/environment/path.sh
[3.561s] -- Symlinking: /home/sam/g1_humble_ws/unitree_g1_description/install/unitree_g1_description/share/unitree_g1_description/environment/path.dsv
[3.571s] -- Symlinking: /home/sam/g1_humble_ws/unitree_g1_description/install/unitree_g1_description/share/unitree_g1_description/local_setup.bash
[3.585s] -- Symlinking: /home/sam/g1_humble_ws/unitree_g1_description/install/unitree_g1_description/share/unitree_g1_description/local_setup.sh
[3.601s] -- Symlinking: /home/sam/g1_humble_ws/unitree_g1_description/install/unitree_g1_description/share/unitree_g1_description/local_setup.zsh
[3.615s] -- Symlinking: /home/sam/g1_humble_ws/unitree_g1_description/install/unitree_g1_description/share/unitree_g1_description/local_setup.dsv
[3.633s] -- Symlinking: /home/sam/g1_humble_ws/unitree_g1_description/install/unitree_g1_description/share/unitree_g1_description/package.dsv
[3.651s] -- Symlinking: /home/sam/g1_humble_ws/unitree_g1_description/install/unitree_g1_description/share/ament_index/resource_index/packages/unitree_g1_description
[3.664s] -- Symlinking: /home/sam/g1_humble_ws/unitree_g1_description/install/unitree_g1_description/share/unitree_g1_description/cmake/unitree_g1_descriptionConfig.cmake
[3.680s] -- Symlinking: /home/sam/g1_humble_ws/unitree_g1_description/install/unitree_g1_description/share/unitree_g1_description/cmake/unitree_g1_descriptionConfig-version.cmake
[3.693s] -- Symlinking: /home/sam/g1_humble_ws/unitree_g1_description/install/unitree_g1_description/share/unitree_g1_description/package.xml
[3.718s] Invoked command in '/home/sam/g1_humble_ws/unitree_g1_description/build/unitree_g1_description' returned '0': CMAKE_PREFIX_PATH=${CMAKE_PREFIX_PATH}:/opt/ros/humble /usr/bin/cmake --install /home/sam/g1_humble_ws/unitree_g1_description/build/unitree_g1_description
