[0.014s] Invoking command in '/home/sam/g1_humble_ws/build/unitree_g1_description': CMAKE_PREFIX_PATH=/opt/ros/humble /usr/bin/cmake /home/sam/g1_humble_ws/unitree_g1_description -DAMENT_CMAKE_SYMLINK_INSTALL=1 -DCMAKE_INSTALL_PREFIX=/home/sam/g1_humble_ws/install/unitree_g1_description
[0.212s] -- The C compiler identification is GNU 11.4.0
[0.609s] -- The CXX compiler identification is GNU 11.4.0
[0.861s] -- Detecting C compiler ABI info
[0.985s] -- Detecting C compiler ABI info - done
[0.989s] -- Check for working C compiler: /usr/bin/cc - skipped
[0.991s] -- Detecting C compile features
[0.991s] -- Detecting C compile features - done
[0.995s] -- Detecting CXX compiler ABI info
[1.101s] -- Detecting CXX compiler ABI info - done
[1.105s] -- Check for working CXX compiler: /usr/bin/c++ - skipped
[1.105s] -- Detecting CXX compile features
[1.105s] -- Detecting CXX compile features - done
[1.117s] -- Found ament_cmake: 1.3.12 (/opt/ros/humble/share/ament_cmake/cmake)
[1.229s] -- Found Python3: /usr/bin/python3 (found version "3.10.12") found components: Interpreter 
[1.285s] -- Override CMake install command with custom implementation using symlinks instead of copying resources
[1.312s] -- Found ament_lint_auto: 0.12.14 (/opt/ros/humble/share/ament_lint_auto/cmake)
[1.412s] -- Added test 'lint_cmake' to check CMake code style
[1.417s] -- Added test 'xmllint' to check XML markup files
[1.422s] -- Configuring done
[1.426s] -- Generating done
[1.427s] -- Build files have been written to: /home/sam/g1_humble_ws/build/unitree_g1_description
[1.432s] Invoked command in '/home/sam/g1_humble_ws/build/unitree_g1_description' returned '0': CMAKE_PREFIX_PATH=/opt/ros/humble /usr/bin/cmake /home/sam/g1_humble_ws/unitree_g1_description -DAMENT_CMAKE_SYMLINK_INSTALL=1 -DCMAKE_INSTALL_PREFIX=/home/sam/g1_humble_ws/install/unitree_g1_description
[1.433s] Invoking command in '/home/sam/g1_humble_ws/build/unitree_g1_description': CMAKE_PREFIX_PATH=/opt/ros/humble /usr/bin/cmake --build /home/sam/g1_humble_ws/build/unitree_g1_description -- -j12 -l12
[1.460s] Invoked command in '/home/sam/g1_humble_ws/build/unitree_g1_description' returned '0': CMAKE_PREFIX_PATH=/opt/ros/humble /usr/bin/cmake --build /home/sam/g1_humble_ws/build/unitree_g1_description -- -j12 -l12
[1.465s] Invoking command in '/home/sam/g1_humble_ws/build/unitree_g1_description': CMAKE_PREFIX_PATH=/opt/ros/humble /usr/bin/cmake --install /home/sam/g1_humble_ws/build/unitree_g1_description
[1.469s] -- Install configuration: ""
[1.470s] -- Execute custom install script
[1.470s] -- Symlinking: /home/sam/g1_humble_ws/install/unitree_g1_description/share/ament_index/resource_index/package_run_dependencies/unitree_g1_description
[1.477s] -- Symlinking: /home/sam/g1_humble_ws/install/unitree_g1_description/share/ament_index/resource_index/parent_prefix_path/unitree_g1_description
[1.483s] -- Symlinking: /home/sam/g1_humble_ws/install/unitree_g1_description/share/unitree_g1_description/environment/ament_prefix_path.sh
[1.489s] -- Symlinking: /home/sam/g1_humble_ws/install/unitree_g1_description/share/unitree_g1_description/environment/ament_prefix_path.dsv
[1.495s] -- Symlinking: /home/sam/g1_humble_ws/install/unitree_g1_description/share/unitree_g1_description/environment/path.sh
[1.502s] -- Symlinking: /home/sam/g1_humble_ws/install/unitree_g1_description/share/unitree_g1_description/environment/path.dsv
[1.508s] -- Symlinking: /home/sam/g1_humble_ws/install/unitree_g1_description/share/unitree_g1_description/local_setup.bash
[1.514s] -- Symlinking: /home/sam/g1_humble_ws/install/unitree_g1_description/share/unitree_g1_description/local_setup.sh
[1.519s] -- Symlinking: /home/sam/g1_humble_ws/install/unitree_g1_description/share/unitree_g1_description/local_setup.zsh
[1.525s] -- Symlinking: /home/sam/g1_humble_ws/install/unitree_g1_description/share/unitree_g1_description/local_setup.dsv
[1.532s] -- Symlinking: /home/sam/g1_humble_ws/install/unitree_g1_description/share/unitree_g1_description/package.dsv
[1.538s] -- Symlinking: /home/sam/g1_humble_ws/install/unitree_g1_description/share/ament_index/resource_index/packages/unitree_g1_description
[1.545s] -- Symlinking: /home/sam/g1_humble_ws/install/unitree_g1_description/share/unitree_g1_description/cmake/unitree_g1_descriptionConfig.cmake
[1.552s] -- Symlinking: /home/sam/g1_humble_ws/install/unitree_g1_description/share/unitree_g1_description/cmake/unitree_g1_descriptionConfig-version.cmake
[1.558s] -- Symlinking: /home/sam/g1_humble_ws/install/unitree_g1_description/share/unitree_g1_description/package.xml
[1.565s] Invoked command in '/home/sam/g1_humble_ws/build/unitree_g1_description' returned '0': CMAKE_PREFIX_PATH=/opt/ros/humble /usr/bin/cmake --install /home/sam/g1_humble_ws/build/unitree_g1_description
