[0.611s] DEBUG:colcon:Command line arguments: ['/usr/bin/colcon', 'build', '--symlink-install', '--packages-select', 'unitree_g1_description']
[0.611s] DEBUG:colcon:Parsed command line arguments: Namespace(log_base=None, log_level=None, verb_name='build', build_base='build', install_base='install', merge_install=False, symlink_install=True, test_result_base=None, continue_on_error=False, executor='parallel', parallel_workers=12, event_handlers=None, ignore_user_meta=False, metas=['./colcon.meta'], base_paths=['.'], packages_ignore=None, packages_ignore_regex=None, paths=None, packages_up_to=None, packages_up_to_regex=None, packages_above=None, packages_above_and_dependencies=None, packages_above_depth=None, packages_select_by_dep=None, packages_skip_by_dep=None, packages_skip_up_to=None, packages_select_build_failed=False, packages_skip_build_finished=False, packages_select_test_failures=False, packages_skip_test_passed=False, packages_select=['unitree_g1_description'], packages_skip=None, packages_select_regex=None, packages_skip_regex=None, packages_start=None, packages_end=None, allow_overriding=[], cmake_args=None, cmake_target=None, cmake_target_skip_unavailable=False, cmake_clean_cache=False, cmake_clean_first=False, cmake_force_configure=False, ament_cmake_args=None, catkin_cmake_args=None, catkin_skip_building_tests=False, verb_parser=<colcon_defaults.argument_parser.defaults.DefaultArgumentsDecorator object at 0x7d6aa2a14ca0>, verb_extension=<colcon_core.verb.build.BuildVerb object at 0x7d6aa2a148e0>, main=<bound method BuildVerb.main of <colcon_core.verb.build.BuildVerb object at 0x7d6aa2a148e0>>)
[1.125s] Level 1:colcon.colcon_core.package_discovery:discover_packages(colcon_meta) check parameters
[1.125s] Level 1:colcon.colcon_core.package_discovery:discover_packages(recursive) check parameters
[1.125s] Level 1:colcon.colcon_core.package_discovery:discover_packages(ignore) check parameters
[1.125s] Level 1:colcon.colcon_core.package_discovery:discover_packages(path) check parameters
[1.125s] Level 1:colcon.colcon_core.package_discovery:discover_packages(colcon_meta) discover
[1.125s] Level 1:colcon.colcon_core.package_discovery:discover_packages(recursive) discover
[1.125s] INFO:colcon.colcon_core.package_discovery:Crawling recursively for packages in '/home/sam/g1_humble_ws'
[1.126s] Level 1:colcon.colcon_core.package_identification:_identify(.) by extensions ['ignore', 'ignore_ament_install']
[1.126s] Level 1:colcon.colcon_core.package_identification:_identify(.) by extension 'ignore'
[1.126s] Level 1:colcon.colcon_core.package_identification:_identify(.) by extension 'ignore_ament_install'
[1.126s] Level 1:colcon.colcon_core.package_identification:_identify(.) by extensions ['colcon_pkg']
[1.126s] Level 1:colcon.colcon_core.package_identification:_identify(.) by extension 'colcon_pkg'
[1.126s] Level 1:colcon.colcon_core.package_identification:_identify(.) by extensions ['colcon_meta']
[1.127s] Level 1:colcon.colcon_core.package_identification:_identify(.) by extension 'colcon_meta'
[1.127s] Level 1:colcon.colcon_core.package_identification:_identify(.) by extensions ['ros']
[1.127s] Level 1:colcon.colcon_core.package_identification:_identify(.) by extension 'ros'
[1.162s] Level 1:colcon.colcon_core.package_identification:_identify(.) by extensions ['cmake', 'python']
[1.162s] Level 1:colcon.colcon_core.package_identification:_identify(.) by extension 'cmake'
[1.163s] Level 1:colcon.colcon_core.package_identification:_identify(.) by extension 'python'
[1.163s] Level 1:colcon.colcon_core.package_identification:_identify(.) by extensions ['python_setup_py']
[1.163s] Level 1:colcon.colcon_core.package_identification:_identify(.) by extension 'python_setup_py'
[1.163s] Level 1:colcon.colcon_core.package_identification:_identify(build) by extensions ['ignore', 'ignore_ament_install']
[1.163s] Level 1:colcon.colcon_core.package_identification:_identify(build) by extension 'ignore'
[1.163s] Level 1:colcon.colcon_core.package_identification:_identify(build) ignored
[1.164s] Level 1:colcon.colcon_core.package_identification:_identify(install) by extensions ['ignore', 'ignore_ament_install']
[1.164s] Level 1:colcon.colcon_core.package_identification:_identify(install) by extension 'ignore'
[1.164s] Level 1:colcon.colcon_core.package_identification:_identify(install) ignored
[1.164s] Level 1:colcon.colcon_core.package_identification:_identify(log) by extensions ['ignore', 'ignore_ament_install']
[1.164s] Level 1:colcon.colcon_core.package_identification:_identify(log) by extension 'ignore'
[1.164s] Level 1:colcon.colcon_core.package_identification:_identify(log) ignored
[1.165s] Level 1:colcon.colcon_core.package_identification:_identify(src) by extensions ['ignore', 'ignore_ament_install']
[1.165s] Level 1:colcon.colcon_core.package_identification:_identify(src) by extension 'ignore'
[1.165s] Level 1:colcon.colcon_core.package_identification:_identify(src) by extension 'ignore_ament_install'
[1.165s] Level 1:colcon.colcon_core.package_identification:_identify(src) by extensions ['colcon_pkg']
[1.165s] Level 1:colcon.colcon_core.package_identification:_identify(src) by extension 'colcon_pkg'
[1.165s] Level 1:colcon.colcon_core.package_identification:_identify(src) by extensions ['colcon_meta']
[1.165s] Level 1:colcon.colcon_core.package_identification:_identify(src) by extension 'colcon_meta'
[1.165s] Level 1:colcon.colcon_core.package_identification:_identify(src) by extensions ['ros']
[1.165s] Level 1:colcon.colcon_core.package_identification:_identify(src) by extension 'ros'
[1.165s] Level 1:colcon.colcon_core.package_identification:_identify(src) by extensions ['cmake', 'python']
[1.165s] Level 1:colcon.colcon_core.package_identification:_identify(src) by extension 'cmake'
[1.165s] Level 1:colcon.colcon_core.package_identification:_identify(src) by extension 'python'
[1.165s] Level 1:colcon.colcon_core.package_identification:_identify(src) by extensions ['python_setup_py']
[1.165s] Level 1:colcon.colcon_core.package_identification:_identify(src) by extension 'python_setup_py'
[1.166s] Level 1:colcon.colcon_core.package_identification:_identify(src/unitree_g1_description) by extensions ['ignore', 'ignore_ament_install']
[1.166s] Level 1:colcon.colcon_core.package_identification:_identify(src/unitree_g1_description) by extension 'ignore'
[1.166s] Level 1:colcon.colcon_core.package_identification:_identify(src/unitree_g1_description) by extension 'ignore_ament_install'
[1.166s] Level 1:colcon.colcon_core.package_identification:_identify(src/unitree_g1_description) by extensions ['colcon_pkg']
[1.166s] Level 1:colcon.colcon_core.package_identification:_identify(src/unitree_g1_description) by extension 'colcon_pkg'
[1.166s] Level 1:colcon.colcon_core.package_identification:_identify(src/unitree_g1_description) by extensions ['colcon_meta']
[1.166s] Level 1:colcon.colcon_core.package_identification:_identify(src/unitree_g1_description) by extension 'colcon_meta'
[1.166s] Level 1:colcon.colcon_core.package_identification:_identify(src/unitree_g1_description) by extensions ['ros']
[1.166s] Level 1:colcon.colcon_core.package_identification:_identify(src/unitree_g1_description) by extension 'ros'
[1.166s] Level 1:colcon.colcon_core.package_identification:_identify(src/unitree_g1_description) by extensions ['cmake', 'python']
[1.166s] Level 1:colcon.colcon_core.package_identification:_identify(src/unitree_g1_description) by extension 'cmake'
[1.167s] Level 1:colcon.colcon_core.package_identification:_identify(src/unitree_g1_description) by extension 'python'
[1.167s] Level 1:colcon.colcon_core.package_identification:_identify(src/unitree_g1_description) by extensions ['python_setup_py']
[1.167s] Level 1:colcon.colcon_core.package_identification:_identify(src/unitree_g1_description) by extension 'python_setup_py'
[1.167s] Level 1:colcon.colcon_core.package_identification:_identify(src/unitree_g1_description/images) by extensions ['ignore', 'ignore_ament_install']
[1.167s] Level 1:colcon.colcon_core.package_identification:_identify(src/unitree_g1_description/images) by extension 'ignore'
[1.168s] Level 1:colcon.colcon_core.package_identification:_identify(src/unitree_g1_description/images) by extension 'ignore_ament_install'
[1.168s] Level 1:colcon.colcon_core.package_identification:_identify(src/unitree_g1_description/images) by extensions ['colcon_pkg']
[1.168s] Level 1:colcon.colcon_core.package_identification:_identify(src/unitree_g1_description/images) by extension 'colcon_pkg'
[1.168s] Level 1:colcon.colcon_core.package_identification:_identify(src/unitree_g1_description/images) by extensions ['colcon_meta']
[1.168s] Level 1:colcon.colcon_core.package_identification:_identify(src/unitree_g1_description/images) by extension 'colcon_meta'
[1.168s] Level 1:colcon.colcon_core.package_identification:_identify(src/unitree_g1_description/images) by extensions ['ros']
[1.169s] Level 1:colcon.colcon_core.package_identification:_identify(src/unitree_g1_description/images) by extension 'ros'
[1.169s] Level 1:colcon.colcon_core.package_identification:_identify(src/unitree_g1_description/images) by extensions ['cmake', 'python']
[1.169s] Level 1:colcon.colcon_core.package_identification:_identify(src/unitree_g1_description/images) by extension 'cmake'
[1.169s] Level 1:colcon.colcon_core.package_identification:_identify(src/unitree_g1_description/images) by extension 'python'
[1.169s] Level 1:colcon.colcon_core.package_identification:_identify(src/unitree_g1_description/images) by extensions ['python_setup_py']
[1.169s] Level 1:colcon.colcon_core.package_identification:_identify(src/unitree_g1_description/images) by extension 'python_setup_py'
[1.169s] Level 1:colcon.colcon_core.package_identification:_identify(src/unitree_g1_description/inspire_hand) by extensions ['ignore', 'ignore_ament_install']
[1.171s] Level 1:colcon.colcon_core.package_identification:_identify(src/unitree_g1_description/inspire_hand) by extension 'ignore'
[1.172s] Level 1:colcon.colcon_core.package_identification:_identify(src/unitree_g1_description/inspire_hand) by extension 'ignore_ament_install'
[1.172s] Level 1:colcon.colcon_core.package_identification:_identify(src/unitree_g1_description/inspire_hand) by extensions ['colcon_pkg']
[1.172s] Level 1:colcon.colcon_core.package_identification:_identify(src/unitree_g1_description/inspire_hand) by extension 'colcon_pkg'
[1.172s] Level 1:colcon.colcon_core.package_identification:_identify(src/unitree_g1_description/inspire_hand) by extensions ['colcon_meta']
[1.172s] Level 1:colcon.colcon_core.package_identification:_identify(src/unitree_g1_description/inspire_hand) by extension 'colcon_meta'
[1.172s] Level 1:colcon.colcon_core.package_identification:_identify(src/unitree_g1_description/inspire_hand) by extensions ['ros']
[1.172s] Level 1:colcon.colcon_core.package_identification:_identify(src/unitree_g1_description/inspire_hand) by extension 'ros'
[1.173s] Level 1:colcon.colcon_core.package_identification:_identify(src/unitree_g1_description/inspire_hand) by extensions ['cmake', 'python']
[1.173s] Level 1:colcon.colcon_core.package_identification:_identify(src/unitree_g1_description/inspire_hand) by extension 'cmake'
[1.173s] Level 1:colcon.colcon_core.package_identification:_identify(src/unitree_g1_description/inspire_hand) by extension 'python'
[1.173s] Level 1:colcon.colcon_core.package_identification:_identify(src/unitree_g1_description/inspire_hand) by extensions ['python_setup_py']
[1.173s] Level 1:colcon.colcon_core.package_identification:_identify(src/unitree_g1_description/inspire_hand) by extension 'python_setup_py'
[1.173s] Level 1:colcon.colcon_core.package_identification:_identify(src/unitree_g1_description/launch) by extensions ['ignore', 'ignore_ament_install']
[1.173s] Level 1:colcon.colcon_core.package_identification:_identify(src/unitree_g1_description/launch) by extension 'ignore'
[1.173s] Level 1:colcon.colcon_core.package_identification:_identify(src/unitree_g1_description/launch) by extension 'ignore_ament_install'
[1.173s] Level 1:colcon.colcon_core.package_identification:_identify(src/unitree_g1_description/launch) by extensions ['colcon_pkg']
[1.173s] Level 1:colcon.colcon_core.package_identification:_identify(src/unitree_g1_description/launch) by extension 'colcon_pkg'
[1.174s] Level 1:colcon.colcon_core.package_identification:_identify(src/unitree_g1_description/launch) by extensions ['colcon_meta']
[1.174s] Level 1:colcon.colcon_core.package_identification:_identify(src/unitree_g1_description/launch) by extension 'colcon_meta'
[1.174s] Level 1:colcon.colcon_core.package_identification:_identify(src/unitree_g1_description/launch) by extensions ['ros']
[1.174s] Level 1:colcon.colcon_core.package_identification:_identify(src/unitree_g1_description/launch) by extension 'ros'
[1.174s] Level 1:colcon.colcon_core.package_identification:_identify(src/unitree_g1_description/launch) by extensions ['cmake', 'python']
[1.174s] Level 1:colcon.colcon_core.package_identification:_identify(src/unitree_g1_description/launch) by extension 'cmake'
[1.174s] Level 1:colcon.colcon_core.package_identification:_identify(src/unitree_g1_description/launch) by extension 'python'
[1.174s] Level 1:colcon.colcon_core.package_identification:_identify(src/unitree_g1_description/launch) by extensions ['python_setup_py']
[1.175s] Level 1:colcon.colcon_core.package_identification:_identify(src/unitree_g1_description/launch) by extension 'python_setup_py'
[1.175s] Level 1:colcon.colcon_core.package_identification:_identify(src/unitree_g1_description/meshes) by extensions ['ignore', 'ignore_ament_install']
[1.175s] Level 1:colcon.colcon_core.package_identification:_identify(src/unitree_g1_description/meshes) by extension 'ignore'
[1.175s] Level 1:colcon.colcon_core.package_identification:_identify(src/unitree_g1_description/meshes) by extension 'ignore_ament_install'
[1.175s] Level 1:colcon.colcon_core.package_identification:_identify(src/unitree_g1_description/meshes) by extensions ['colcon_pkg']
[1.175s] Level 1:colcon.colcon_core.package_identification:_identify(src/unitree_g1_description/meshes) by extension 'colcon_pkg'
[1.175s] Level 1:colcon.colcon_core.package_identification:_identify(src/unitree_g1_description/meshes) by extensions ['colcon_meta']
[1.175s] Level 1:colcon.colcon_core.package_identification:_identify(src/unitree_g1_description/meshes) by extension 'colcon_meta'
[1.175s] Level 1:colcon.colcon_core.package_identification:_identify(src/unitree_g1_description/meshes) by extensions ['ros']
[1.176s] Level 1:colcon.colcon_core.package_identification:_identify(src/unitree_g1_description/meshes) by extension 'ros'
[1.176s] Level 1:colcon.colcon_core.package_identification:_identify(src/unitree_g1_description/meshes) by extensions ['cmake', 'python']
[1.176s] Level 1:colcon.colcon_core.package_identification:_identify(src/unitree_g1_description/meshes) by extension 'cmake'
[1.176s] Level 1:colcon.colcon_core.package_identification:_identify(src/unitree_g1_description/meshes) by extension 'python'
[1.176s] Level 1:colcon.colcon_core.package_identification:_identify(src/unitree_g1_description/meshes) by extensions ['python_setup_py']
[1.176s] Level 1:colcon.colcon_core.package_identification:_identify(src/unitree_g1_description/meshes) by extension 'python_setup_py'
[1.176s] Level 1:colcon.colcon_core.package_identification:_identify(unitree_g1_description) by extensions ['ignore', 'ignore_ament_install']
[1.177s] Level 1:colcon.colcon_core.package_identification:_identify(unitree_g1_description) by extension 'ignore'
[1.177s] Level 1:colcon.colcon_core.package_identification:_identify(unitree_g1_description) by extension 'ignore_ament_install'
[1.177s] Level 1:colcon.colcon_core.package_identification:_identify(unitree_g1_description) by extensions ['colcon_pkg']
[1.177s] Level 1:colcon.colcon_core.package_identification:_identify(unitree_g1_description) by extension 'colcon_pkg'
[1.177s] Level 1:colcon.colcon_core.package_identification:_identify(unitree_g1_description) by extensions ['colcon_meta']
[1.178s] Level 1:colcon.colcon_core.package_identification:_identify(unitree_g1_description) by extension 'colcon_meta'
[1.178s] Level 1:colcon.colcon_core.package_identification:_identify(unitree_g1_description) by extensions ['ros']
[1.178s] Level 1:colcon.colcon_core.package_identification:_identify(unitree_g1_description) by extension 'ros'
[1.183s] DEBUG:colcon.colcon_core.package_identification:Package 'unitree_g1_description' with type 'ros.ament_cmake' and name 'unitree_g1_description'
[1.183s] Level 1:colcon.colcon_core.package_discovery:discover_packages(recursive) using defaults
[1.184s] Level 1:colcon.colcon_core.package_discovery:discover_packages(ignore) discover
[1.184s] Level 1:colcon.colcon_core.package_discovery:discover_packages(ignore) using defaults
[1.184s] Level 1:colcon.colcon_core.package_discovery:discover_packages(path) discover
[1.184s] Level 1:colcon.colcon_core.package_discovery:discover_packages(path) using defaults
[1.283s] Level 1:colcon.colcon_core.package_discovery:discover_packages(prefix_path) check parameters
[1.284s] Level 1:colcon.colcon_core.package_discovery:discover_packages(prefix_path) discover
[1.296s] DEBUG:colcon.colcon_installed_package_information.package_discovery:Found 257 installed packages in /opt/ros/humble
[1.303s] Level 1:colcon.colcon_core.package_discovery:discover_packages(prefix_path) using defaults
[1.486s] Level 5:colcon.colcon_core.verb:set package 'unitree_g1_description' build argument 'cmake_args' from command line to 'None'
[1.487s] Level 5:colcon.colcon_core.verb:set package 'unitree_g1_description' build argument 'cmake_target' from command line to 'None'
[1.487s] Level 5:colcon.colcon_core.verb:set package 'unitree_g1_description' build argument 'cmake_target_skip_unavailable' from command line to 'False'
[1.487s] Level 5:colcon.colcon_core.verb:set package 'unitree_g1_description' build argument 'cmake_clean_cache' from command line to 'False'
[1.487s] Level 5:colcon.colcon_core.verb:set package 'unitree_g1_description' build argument 'cmake_clean_first' from command line to 'False'
[1.487s] Level 5:colcon.colcon_core.verb:set package 'unitree_g1_description' build argument 'cmake_force_configure' from command line to 'False'
[1.487s] Level 5:colcon.colcon_core.verb:set package 'unitree_g1_description' build argument 'ament_cmake_args' from command line to 'None'
[1.487s] Level 5:colcon.colcon_core.verb:set package 'unitree_g1_description' build argument 'catkin_cmake_args' from command line to 'None'
[1.487s] Level 5:colcon.colcon_core.verb:set package 'unitree_g1_description' build argument 'catkin_skip_building_tests' from command line to 'False'
[1.487s] DEBUG:colcon.colcon_core.verb:Building package 'unitree_g1_description' with the following arguments: {'ament_cmake_args': None, 'build_base': '/home/sam/g1_humble_ws/build/unitree_g1_description', 'catkin_cmake_args': None, 'catkin_skip_building_tests': False, 'cmake_args': None, 'cmake_clean_cache': False, 'cmake_clean_first': False, 'cmake_force_configure': False, 'cmake_target': None, 'cmake_target_skip_unavailable': False, 'install_base': '/home/sam/g1_humble_ws/install/unitree_g1_description', 'merge_install': False, 'path': '/home/sam/g1_humble_ws/unitree_g1_description', 'symlink_install': True, 'test_result_base': None}
[1.488s] INFO:colcon.colcon_core.executor:Executing jobs using 'parallel' executor
[1.494s] DEBUG:colcon.colcon_parallel_executor.executor.parallel:run_until_complete
[1.497s] INFO:colcon.colcon_ros.task.ament_cmake.build:Building ROS package in '/home/sam/g1_humble_ws/unitree_g1_description' with build type 'ament_cmake'
[1.498s] INFO:colcon.colcon_cmake.task.cmake.build:Building CMake package in '/home/sam/g1_humble_ws/unitree_g1_description'
[1.508s] INFO:colcon.colcon_core.plugin_system:Skipping extension 'colcon_core.shell.bat': Not used on non-Windows systems
[1.508s] INFO:colcon.colcon_core.shell:Skip shell extension 'powershell' for command environment: Not usable outside of PowerShell
[1.508s] DEBUG:colcon.colcon_core.shell:Skip shell extension 'dsv' for command environment
[1.564s] DEBUG:colcon.colcon_core.event_handler.log_command:Invoking command in '/home/sam/g1_humble_ws/build/unitree_g1_description': CMAKE_PREFIX_PATH=/opt/ros/humble /usr/bin/cmake --build /home/sam/g1_humble_ws/build/unitree_g1_description -- -j12 -l12
[1.589s] DEBUG:colcon.colcon_parallel_executor.executor.parallel:run_until_complete was interrupted
[1.590s] DEBUG:colcon.colcon_parallel_executor.executor.parallel:run_until_complete again
[1.597s] DEBUG:colcon.colcon_core.event_handler.log_command:Invoked command in '/home/sam/g1_humble_ws/build/unitree_g1_description' returned '-2': CMAKE_PREFIX_PATH=/opt/ros/humble /usr/bin/cmake --build /home/sam/g1_humble_ws/build/unitree_g1_description -- -j12 -l12
[1.599s] Level 1:colcon.colcon_core.environment:create_environment_scripts_only(unitree_g1_description)
[1.611s] Level 1:colcon.colcon_core.environment:checking '/home/sam/g1_humble_ws/install/unitree_g1_description' for CMake module files
[1.613s] Level 1:colcon.colcon_core.environment:checking '/home/sam/g1_humble_ws/install/unitree_g1_description' for CMake config files
[1.617s] Level 1:colcon.colcon_core.shell:create_environment_hook('unitree_g1_description', 'cmake_prefix_path')
[1.618s] INFO:colcon.colcon_core.shell:Creating environment hook '/home/sam/g1_humble_ws/install/unitree_g1_description/share/unitree_g1_description/hook/cmake_prefix_path.ps1'
[1.622s] INFO:colcon.colcon_core.shell:Creating environment descriptor '/home/sam/g1_humble_ws/install/unitree_g1_description/share/unitree_g1_description/hook/cmake_prefix_path.dsv'
[1.624s] INFO:colcon.colcon_core.shell:Creating environment hook '/home/sam/g1_humble_ws/install/unitree_g1_description/share/unitree_g1_description/hook/cmake_prefix_path.sh'
[1.630s] Level 1:colcon.colcon_core.environment:checking '/home/sam/g1_humble_ws/install/unitree_g1_description/lib'
[1.631s] Level 1:colcon.colcon_core.environment:checking '/home/sam/g1_humble_ws/install/unitree_g1_description/bin'
[1.633s] Level 1:colcon.colcon_core.environment:checking '/home/sam/g1_humble_ws/install/unitree_g1_description/lib/pkgconfig/unitree_g1_description.pc'
[1.634s] Level 1:colcon.colcon_core.environment:checking '/home/sam/g1_humble_ws/install/unitree_g1_description/lib/python3.10/site-packages'
[1.637s] Level 1:colcon.colcon_core.environment:checking '/home/sam/g1_humble_ws/install/unitree_g1_description/bin'
[1.638s] INFO:colcon.colcon_core.shell:Creating package script '/home/sam/g1_humble_ws/install/unitree_g1_description/share/unitree_g1_description/package.ps1'
[1.643s] INFO:colcon.colcon_core.shell:Creating package descriptor '/home/sam/g1_humble_ws/install/unitree_g1_description/share/unitree_g1_description/package.dsv'
[1.645s] INFO:colcon.colcon_core.shell:Creating package script '/home/sam/g1_humble_ws/install/unitree_g1_description/share/unitree_g1_description/package.sh'
[1.649s] INFO:colcon.colcon_core.shell:Creating package script '/home/sam/g1_humble_ws/install/unitree_g1_description/share/unitree_g1_description/package.bash'
[1.653s] INFO:colcon.colcon_core.shell:Creating package script '/home/sam/g1_humble_ws/install/unitree_g1_description/share/unitree_g1_description/package.zsh'
[1.655s] Level 1:colcon.colcon_core.environment:create_file_with_runtime_dependencies(/home/sam/g1_humble_ws/install/unitree_g1_description/share/colcon-core/packages/unitree_g1_description)
[1.667s] DEBUG:colcon.colcon_parallel_executor.executor.parallel:run_until_complete finished
[1.668s] DEBUG:colcon.colcon_parallel_executor.executor.parallel:closing loop
[1.669s] DEBUG:colcon.colcon_parallel_executor.executor.parallel:loop closed
[1.669s] DEBUG:colcon.colcon_core.event_reactor:joining thread
[1.807s] INFO:colcon.colcon_core.plugin_system:Skipping extension 'colcon_notification.desktop_notification.notify_send': Could not find 'notify-send'
[1.808s] INFO:colcon.colcon_core.plugin_system:Skipping extension 'colcon_notification.desktop_notification.terminal_notifier': Not used on non-Darwin systems
[1.808s] INFO:colcon.colcon_core.plugin_system:Skipping extension 'colcon_notification.desktop_notification.win32': Not used on non-Windows systems
[1.809s] INFO:colcon.colcon_notification.desktop_notification:Sending desktop notification using 'notify2'
[1.809s] DEBUG:colcon.colcon_notification.desktop_notification.notify2:Failed to initialize notify2: org.freedesktop.DBus.Error.FileNotFound: Failed to connect to socket /run/user/1000/bus: No such file or directory
[1.810s] DEBUG:colcon.colcon_core.event_reactor:joined thread
[1.810s] INFO:colcon.colcon_core.shell:Creating prefix script '/home/sam/g1_humble_ws/install/local_setup.ps1'
[1.813s] INFO:colcon.colcon_core.shell:Creating prefix util module '/home/sam/g1_humble_ws/install/_local_setup_util_ps1.py'
[1.816s] INFO:colcon.colcon_core.shell:Creating prefix chain script '/home/sam/g1_humble_ws/install/setup.ps1'
[1.818s] INFO:colcon.colcon_core.shell:Creating prefix script '/home/sam/g1_humble_ws/install/local_setup.sh'
[1.821s] INFO:colcon.colcon_core.shell:Creating prefix util module '/home/sam/g1_humble_ws/install/_local_setup_util_sh.py'
[1.824s] INFO:colcon.colcon_core.shell:Creating prefix chain script '/home/sam/g1_humble_ws/install/setup.sh'
[1.826s] INFO:colcon.colcon_core.shell:Creating prefix script '/home/sam/g1_humble_ws/install/local_setup.bash'
[1.829s] INFO:colcon.colcon_core.shell:Creating prefix chain script '/home/sam/g1_humble_ws/install/setup.bash'
[1.832s] INFO:colcon.colcon_core.shell:Creating prefix script '/home/sam/g1_humble_ws/install/local_setup.zsh'
[1.833s] INFO:colcon.colcon_core.shell:Creating prefix chain script '/home/sam/g1_humble_ws/install/setup.zsh'
