[0.344s] DEBUG:colcon:Command line arguments: ['/usr/bin/colcon', 'build', '--symlink-install', '--packages-select', 'unitree_g1_description']
[0.344s] DEBUG:colcon:Parsed command line arguments: Namespace(log_base=None, log_level=None, verb_name='build', build_base='build', install_base='install', merge_install=False, symlink_install=True, test_result_base=None, continue_on_error=False, executor='parallel', parallel_workers=12, event_handlers=None, ignore_user_meta=False, metas=['./colcon.meta'], base_paths=['.'], packages_ignore=None, packages_ignore_regex=None, paths=None, packages_up_to=None, packages_up_to_regex=None, packages_above=None, packages_above_and_dependencies=None, packages_above_depth=None, packages_select_by_dep=None, packages_skip_by_dep=None, packages_skip_up_to=None, packages_select_build_failed=False, packages_skip_build_finished=False, packages_select_test_failures=False, packages_skip_test_passed=False, packages_select=['unitree_g1_description'], packages_skip=None, packages_select_regex=None, packages_skip_regex=None, packages_start=None, packages_end=None, allow_overriding=[], cmake_args=None, cmake_target=None, cmake_target_skip_unavailable=False, cmake_clean_cache=False, cmake_clean_first=False, cmake_force_configure=False, ament_cmake_args=None, catkin_cmake_args=None, catkin_skip_building_tests=False, verb_parser=<colcon_defaults.argument_parser.defaults.DefaultArgumentsDecorator object at 0x7ce4b5b14ca0>, verb_extension=<colcon_core.verb.build.BuildVerb object at 0x7ce4b5b148e0>, main=<bound method BuildVerb.main of <colcon_core.verb.build.BuildVerb object at 0x7ce4b5b148e0>>)
[0.494s] Level 1:colcon.colcon_core.package_discovery:discover_packages(colcon_meta) check parameters
[0.494s] Level 1:colcon.colcon_core.package_discovery:discover_packages(recursive) check parameters
[0.494s] Level 1:colcon.colcon_core.package_discovery:discover_packages(ignore) check parameters
[0.494s] Level 1:colcon.colcon_core.package_discovery:discover_packages(path) check parameters
[0.494s] Level 1:colcon.colcon_core.package_discovery:discover_packages(colcon_meta) discover
[0.495s] Level 1:colcon.colcon_core.package_discovery:discover_packages(recursive) discover
[0.495s] INFO:colcon.colcon_core.package_discovery:Crawling recursively for packages in '/home/sam/g1_humble_ws'
[0.495s] Level 1:colcon.colcon_core.package_identification:_identify(.) by extensions ['ignore', 'ignore_ament_install']
[0.495s] Level 1:colcon.colcon_core.package_identification:_identify(.) by extension 'ignore'
[0.495s] Level 1:colcon.colcon_core.package_identification:_identify(.) by extension 'ignore_ament_install'
[0.495s] Level 1:colcon.colcon_core.package_identification:_identify(.) by extensions ['colcon_pkg']
[0.495s] Level 1:colcon.colcon_core.package_identification:_identify(.) by extension 'colcon_pkg'
[0.495s] Level 1:colcon.colcon_core.package_identification:_identify(.) by extensions ['colcon_meta']
[0.495s] Level 1:colcon.colcon_core.package_identification:_identify(.) by extension 'colcon_meta'
[0.495s] Level 1:colcon.colcon_core.package_identification:_identify(.) by extensions ['ros']
[0.495s] Level 1:colcon.colcon_core.package_identification:_identify(.) by extension 'ros'
[0.513s] Level 1:colcon.colcon_core.package_identification:_identify(.) by extensions ['cmake', 'python']
[0.513s] Level 1:colcon.colcon_core.package_identification:_identify(.) by extension 'cmake'
[0.513s] Level 1:colcon.colcon_core.package_identification:_identify(.) by extension 'python'
[0.513s] Level 1:colcon.colcon_core.package_identification:_identify(.) by extensions ['python_setup_py']
[0.513s] Level 1:colcon.colcon_core.package_identification:_identify(.) by extension 'python_setup_py'
[0.514s] Level 1:colcon.colcon_core.package_identification:_identify(build) by extensions ['ignore', 'ignore_ament_install']
[0.514s] Level 1:colcon.colcon_core.package_identification:_identify(build) by extension 'ignore'
[0.514s] Level 1:colcon.colcon_core.package_identification:_identify(build) ignored
[0.514s] Level 1:colcon.colcon_core.package_identification:_identify(install) by extensions ['ignore', 'ignore_ament_install']
[0.514s] Level 1:colcon.colcon_core.package_identification:_identify(install) by extension 'ignore'
[0.514s] Level 1:colcon.colcon_core.package_identification:_identify(install) ignored
[0.514s] Level 1:colcon.colcon_core.package_identification:_identify(log) by extensions ['ignore', 'ignore_ament_install']
[0.515s] Level 1:colcon.colcon_core.package_identification:_identify(log) by extension 'ignore'
[0.515s] Level 1:colcon.colcon_core.package_identification:_identify(log) ignored
[0.515s] Level 1:colcon.colcon_core.package_identification:_identify(src) by extensions ['ignore', 'ignore_ament_install']
[0.515s] Level 1:colcon.colcon_core.package_identification:_identify(src) by extension 'ignore'
[0.515s] Level 1:colcon.colcon_core.package_identification:_identify(src) by extension 'ignore_ament_install'
[0.515s] Level 1:colcon.colcon_core.package_identification:_identify(src) by extensions ['colcon_pkg']
[0.515s] Level 1:colcon.colcon_core.package_identification:_identify(src) by extension 'colcon_pkg'
[0.515s] Level 1:colcon.colcon_core.package_identification:_identify(src) by extensions ['colcon_meta']
[0.515s] Level 1:colcon.colcon_core.package_identification:_identify(src) by extension 'colcon_meta'
[0.515s] Level 1:colcon.colcon_core.package_identification:_identify(src) by extensions ['ros']
[0.515s] Level 1:colcon.colcon_core.package_identification:_identify(src) by extension 'ros'
[0.515s] Level 1:colcon.colcon_core.package_identification:_identify(src) by extensions ['cmake', 'python']
[0.515s] Level 1:colcon.colcon_core.package_identification:_identify(src) by extension 'cmake'
[0.516s] Level 1:colcon.colcon_core.package_identification:_identify(src) by extension 'python'
[0.516s] Level 1:colcon.colcon_core.package_identification:_identify(src) by extensions ['python_setup_py']
[0.516s] Level 1:colcon.colcon_core.package_identification:_identify(src) by extension 'python_setup_py'
[0.516s] Level 1:colcon.colcon_core.package_identification:_identify(src/unitree_g1_description) by extensions ['ignore', 'ignore_ament_install']
[0.516s] Level 1:colcon.colcon_core.package_identification:_identify(src/unitree_g1_description) by extension 'ignore'
[0.516s] Level 1:colcon.colcon_core.package_identification:_identify(src/unitree_g1_description) by extension 'ignore_ament_install'
[0.516s] Level 1:colcon.colcon_core.package_identification:_identify(src/unitree_g1_description) by extensions ['colcon_pkg']
[0.516s] Level 1:colcon.colcon_core.package_identification:_identify(src/unitree_g1_description) by extension 'colcon_pkg'
[0.516s] Level 1:colcon.colcon_core.package_identification:_identify(src/unitree_g1_description) by extensions ['colcon_meta']
[0.516s] Level 1:colcon.colcon_core.package_identification:_identify(src/unitree_g1_description) by extension 'colcon_meta'
[0.516s] Level 1:colcon.colcon_core.package_identification:_identify(src/unitree_g1_description) by extensions ['ros']
[0.516s] Level 1:colcon.colcon_core.package_identification:_identify(src/unitree_g1_description) by extension 'ros'
[0.517s] Level 1:colcon.colcon_core.package_identification:_identify(src/unitree_g1_description) by extensions ['cmake', 'python']
[0.517s] Level 1:colcon.colcon_core.package_identification:_identify(src/unitree_g1_description) by extension 'cmake'
[0.517s] Level 1:colcon.colcon_core.package_identification:_identify(src/unitree_g1_description) by extension 'python'
[0.517s] Level 1:colcon.colcon_core.package_identification:_identify(src/unitree_g1_description) by extensions ['python_setup_py']
[0.517s] Level 1:colcon.colcon_core.package_identification:_identify(src/unitree_g1_description) by extension 'python_setup_py'
[0.517s] Level 1:colcon.colcon_core.package_identification:_identify(src/unitree_g1_description/images) by extensions ['ignore', 'ignore_ament_install']
[0.517s] Level 1:colcon.colcon_core.package_identification:_identify(src/unitree_g1_description/images) by extension 'ignore'
[0.517s] Level 1:colcon.colcon_core.package_identification:_identify(src/unitree_g1_description/images) by extension 'ignore_ament_install'
[0.517s] Level 1:colcon.colcon_core.package_identification:_identify(src/unitree_g1_description/images) by extensions ['colcon_pkg']
[0.517s] Level 1:colcon.colcon_core.package_identification:_identify(src/unitree_g1_description/images) by extension 'colcon_pkg'
[0.517s] Level 1:colcon.colcon_core.package_identification:_identify(src/unitree_g1_description/images) by extensions ['colcon_meta']
[0.517s] Level 1:colcon.colcon_core.package_identification:_identify(src/unitree_g1_description/images) by extension 'colcon_meta'
[0.517s] Level 1:colcon.colcon_core.package_identification:_identify(src/unitree_g1_description/images) by extensions ['ros']
[0.517s] Level 1:colcon.colcon_core.package_identification:_identify(src/unitree_g1_description/images) by extension 'ros'
[0.518s] Level 1:colcon.colcon_core.package_identification:_identify(src/unitree_g1_description/images) by extensions ['cmake', 'python']
[0.518s] Level 1:colcon.colcon_core.package_identification:_identify(src/unitree_g1_description/images) by extension 'cmake'
[0.518s] Level 1:colcon.colcon_core.package_identification:_identify(src/unitree_g1_description/images) by extension 'python'
[0.518s] Level 1:colcon.colcon_core.package_identification:_identify(src/unitree_g1_description/images) by extensions ['python_setup_py']
[0.518s] Level 1:colcon.colcon_core.package_identification:_identify(src/unitree_g1_description/images) by extension 'python_setup_py'
[0.518s] Level 1:colcon.colcon_core.package_identification:_identify(src/unitree_g1_description/inspire_hand) by extensions ['ignore', 'ignore_ament_install']
[0.518s] Level 1:colcon.colcon_core.package_identification:_identify(src/unitree_g1_description/inspire_hand) by extension 'ignore'
[0.518s] Level 1:colcon.colcon_core.package_identification:_identify(src/unitree_g1_description/inspire_hand) by extension 'ignore_ament_install'
[0.518s] Level 1:colcon.colcon_core.package_identification:_identify(src/unitree_g1_description/inspire_hand) by extensions ['colcon_pkg']
[0.518s] Level 1:colcon.colcon_core.package_identification:_identify(src/unitree_g1_description/inspire_hand) by extension 'colcon_pkg'
[0.518s] Level 1:colcon.colcon_core.package_identification:_identify(src/unitree_g1_description/inspire_hand) by extensions ['colcon_meta']
[0.518s] Level 1:colcon.colcon_core.package_identification:_identify(src/unitree_g1_description/inspire_hand) by extension 'colcon_meta'
[0.518s] Level 1:colcon.colcon_core.package_identification:_identify(src/unitree_g1_description/inspire_hand) by extensions ['ros']
[0.518s] Level 1:colcon.colcon_core.package_identification:_identify(src/unitree_g1_description/inspire_hand) by extension 'ros'
[0.518s] Level 1:colcon.colcon_core.package_identification:_identify(src/unitree_g1_description/inspire_hand) by extensions ['cmake', 'python']
[0.518s] Level 1:colcon.colcon_core.package_identification:_identify(src/unitree_g1_description/inspire_hand) by extension 'cmake'
[0.518s] Level 1:colcon.colcon_core.package_identification:_identify(src/unitree_g1_description/inspire_hand) by extension 'python'
[0.518s] Level 1:colcon.colcon_core.package_identification:_identify(src/unitree_g1_description/inspire_hand) by extensions ['python_setup_py']
[0.518s] Level 1:colcon.colcon_core.package_identification:_identify(src/unitree_g1_description/inspire_hand) by extension 'python_setup_py'
[0.519s] Level 1:colcon.colcon_core.package_identification:_identify(src/unitree_g1_description/launch) by extensions ['ignore', 'ignore_ament_install']
[0.519s] Level 1:colcon.colcon_core.package_identification:_identify(src/unitree_g1_description/launch) by extension 'ignore'
[0.519s] Level 1:colcon.colcon_core.package_identification:_identify(src/unitree_g1_description/launch) by extension 'ignore_ament_install'
[0.519s] Level 1:colcon.colcon_core.package_identification:_identify(src/unitree_g1_description/launch) by extensions ['colcon_pkg']
[0.519s] Level 1:colcon.colcon_core.package_identification:_identify(src/unitree_g1_description/launch) by extension 'colcon_pkg'
[0.519s] Level 1:colcon.colcon_core.package_identification:_identify(src/unitree_g1_description/launch) by extensions ['colcon_meta']
[0.519s] Level 1:colcon.colcon_core.package_identification:_identify(src/unitree_g1_description/launch) by extension 'colcon_meta'
[0.519s] Level 1:colcon.colcon_core.package_identification:_identify(src/unitree_g1_description/launch) by extensions ['ros']
[0.519s] Level 1:colcon.colcon_core.package_identification:_identify(src/unitree_g1_description/launch) by extension 'ros'
[0.520s] Level 1:colcon.colcon_core.package_identification:_identify(src/unitree_g1_description/launch) by extensions ['cmake', 'python']
[0.520s] Level 1:colcon.colcon_core.package_identification:_identify(src/unitree_g1_description/launch) by extension 'cmake'
[0.520s] Level 1:colcon.colcon_core.package_identification:_identify(src/unitree_g1_description/launch) by extension 'python'
[0.520s] Level 1:colcon.colcon_core.package_identification:_identify(src/unitree_g1_description/launch) by extensions ['python_setup_py']
[0.520s] Level 1:colcon.colcon_core.package_identification:_identify(src/unitree_g1_description/launch) by extension 'python_setup_py'
[0.520s] Level 1:colcon.colcon_core.package_identification:_identify(src/unitree_g1_description/meshes) by extensions ['ignore', 'ignore_ament_install']
[0.520s] Level 1:colcon.colcon_core.package_identification:_identify(src/unitree_g1_description/meshes) by extension 'ignore'
[0.520s] Level 1:colcon.colcon_core.package_identification:_identify(src/unitree_g1_description/meshes) by extension 'ignore_ament_install'
[0.521s] Level 1:colcon.colcon_core.package_identification:_identify(src/unitree_g1_description/meshes) by extensions ['colcon_pkg']
[0.521s] Level 1:colcon.colcon_core.package_identification:_identify(src/unitree_g1_description/meshes) by extension 'colcon_pkg'
[0.521s] Level 1:colcon.colcon_core.package_identification:_identify(src/unitree_g1_description/meshes) by extensions ['colcon_meta']
[0.521s] Level 1:colcon.colcon_core.package_identification:_identify(src/unitree_g1_description/meshes) by extension 'colcon_meta'
[0.521s] Level 1:colcon.colcon_core.package_identification:_identify(src/unitree_g1_description/meshes) by extensions ['ros']
[0.521s] Level 1:colcon.colcon_core.package_identification:_identify(src/unitree_g1_description/meshes) by extension 'ros'
[0.521s] Level 1:colcon.colcon_core.package_identification:_identify(src/unitree_g1_description/meshes) by extensions ['cmake', 'python']
[0.521s] Level 1:colcon.colcon_core.package_identification:_identify(src/unitree_g1_description/meshes) by extension 'cmake'
[0.521s] Level 1:colcon.colcon_core.package_identification:_identify(src/unitree_g1_description/meshes) by extension 'python'
[0.522s] Level 1:colcon.colcon_core.package_identification:_identify(src/unitree_g1_description/meshes) by extensions ['python_setup_py']
[0.522s] Level 1:colcon.colcon_core.package_identification:_identify(src/unitree_g1_description/meshes) by extension 'python_setup_py'
[0.522s] Level 1:colcon.colcon_core.package_identification:_identify(unitree_g1_description) by extensions ['ignore', 'ignore_ament_install']
[0.522s] Level 1:colcon.colcon_core.package_identification:_identify(unitree_g1_description) by extension 'ignore'
[0.522s] Level 1:colcon.colcon_core.package_identification:_identify(unitree_g1_description) by extension 'ignore_ament_install'
[0.523s] Level 1:colcon.colcon_core.package_identification:_identify(unitree_g1_description) by extensions ['colcon_pkg']
[0.523s] Level 1:colcon.colcon_core.package_identification:_identify(unitree_g1_description) by extension 'colcon_pkg'
[0.523s] Level 1:colcon.colcon_core.package_identification:_identify(unitree_g1_description) by extensions ['colcon_meta']
[0.523s] Level 1:colcon.colcon_core.package_identification:_identify(unitree_g1_description) by extension 'colcon_meta'
[0.523s] Level 1:colcon.colcon_core.package_identification:_identify(unitree_g1_description) by extensions ['ros']
[0.523s] Level 1:colcon.colcon_core.package_identification:_identify(unitree_g1_description) by extension 'ros'
[0.528s] DEBUG:colcon.colcon_core.package_identification:Package 'unitree_g1_description' with type 'ros.ament_cmake' and name 'unitree_g1_description'
[0.528s] Level 1:colcon.colcon_core.package_discovery:discover_packages(recursive) using defaults
[0.528s] Level 1:colcon.colcon_core.package_discovery:discover_packages(ignore) discover
[0.528s] Level 1:colcon.colcon_core.package_discovery:discover_packages(ignore) using defaults
[0.528s] Level 1:colcon.colcon_core.package_discovery:discover_packages(path) discover
[0.528s] Level 1:colcon.colcon_core.package_discovery:discover_packages(path) using defaults
[0.554s] Level 1:colcon.colcon_core.package_discovery:discover_packages(prefix_path) check parameters
[0.555s] Level 1:colcon.colcon_core.package_discovery:discover_packages(prefix_path) discover
[0.558s] DEBUG:colcon.colcon_installed_package_information.package_discovery:Found 257 installed packages in /opt/ros/humble
[0.560s] Level 1:colcon.colcon_core.package_discovery:discover_packages(prefix_path) using defaults
[0.624s] Level 5:colcon.colcon_core.verb:set package 'unitree_g1_description' build argument 'cmake_args' from command line to 'None'
[0.624s] Level 5:colcon.colcon_core.verb:set package 'unitree_g1_description' build argument 'cmake_target' from command line to 'None'
[0.624s] Level 5:colcon.colcon_core.verb:set package 'unitree_g1_description' build argument 'cmake_target_skip_unavailable' from command line to 'False'
[0.624s] Level 5:colcon.colcon_core.verb:set package 'unitree_g1_description' build argument 'cmake_clean_cache' from command line to 'False'
[0.624s] Level 5:colcon.colcon_core.verb:set package 'unitree_g1_description' build argument 'cmake_clean_first' from command line to 'False'
[0.624s] Level 5:colcon.colcon_core.verb:set package 'unitree_g1_description' build argument 'cmake_force_configure' from command line to 'False'
[0.624s] Level 5:colcon.colcon_core.verb:set package 'unitree_g1_description' build argument 'ament_cmake_args' from command line to 'None'
[0.625s] Level 5:colcon.colcon_core.verb:set package 'unitree_g1_description' build argument 'catkin_cmake_args' from command line to 'None'
[0.625s] Level 5:colcon.colcon_core.verb:set package 'unitree_g1_description' build argument 'catkin_skip_building_tests' from command line to 'False'
[0.625s] DEBUG:colcon.colcon_core.verb:Building package 'unitree_g1_description' with the following arguments: {'ament_cmake_args': None, 'build_base': '/home/sam/g1_humble_ws/build/unitree_g1_description', 'catkin_cmake_args': None, 'catkin_skip_building_tests': False, 'cmake_args': None, 'cmake_clean_cache': False, 'cmake_clean_first': False, 'cmake_force_configure': False, 'cmake_target': None, 'cmake_target_skip_unavailable': False, 'install_base': '/home/sam/g1_humble_ws/install/unitree_g1_description', 'merge_install': False, 'path': '/home/sam/g1_humble_ws/unitree_g1_description', 'symlink_install': True, 'test_result_base': None}
[0.625s] INFO:colcon.colcon_core.executor:Executing jobs using 'parallel' executor
[0.627s] DEBUG:colcon.colcon_parallel_executor.executor.parallel:run_until_complete
[0.627s] INFO:colcon.colcon_ros.task.ament_cmake.build:Building ROS package in '/home/sam/g1_humble_ws/unitree_g1_description' with build type 'ament_cmake'
[0.627s] INFO:colcon.colcon_cmake.task.cmake.build:Building CMake package in '/home/sam/g1_humble_ws/unitree_g1_description'
[0.632s] INFO:colcon.colcon_core.plugin_system:Skipping extension 'colcon_core.shell.bat': Not used on non-Windows systems
[0.632s] INFO:colcon.colcon_core.shell:Skip shell extension 'powershell' for command environment: Not usable outside of PowerShell
[0.633s] DEBUG:colcon.colcon_core.shell:Skip shell extension 'dsv' for command environment
[0.667s] DEBUG:colcon.colcon_core.event_handler.log_command:Invoking command in '/home/sam/g1_humble_ws/build/unitree_g1_description': CMAKE_PREFIX_PATH=/opt/ros/humble /usr/bin/cmake --build /home/sam/g1_humble_ws/build/unitree_g1_description -- -j12 -l12
[1.287s] DEBUG:colcon.colcon_core.event_handler.log_command:Invoked command in '/home/sam/g1_humble_ws/build/unitree_g1_description' returned '0': CMAKE_PREFIX_PATH=/opt/ros/humble /usr/bin/cmake --build /home/sam/g1_humble_ws/build/unitree_g1_description -- -j12 -l12
[1.313s] DEBUG:colcon.colcon_core.event_handler.log_command:Invoking command in '/home/sam/g1_humble_ws/build/unitree_g1_description': CMAKE_PREFIX_PATH=/opt/ros/humble /usr/bin/cmake --install /home/sam/g1_humble_ws/build/unitree_g1_description
[1.463s] Level 1:colcon.colcon_core.environment:create_environment_scripts_only(unitree_g1_description)
[1.465s] DEBUG:colcon.colcon_core.event_handler.log_command:Invoked command in '/home/sam/g1_humble_ws/build/unitree_g1_description' returned '0': CMAKE_PREFIX_PATH=/opt/ros/humble /usr/bin/cmake --install /home/sam/g1_humble_ws/build/unitree_g1_description
[1.472s] Level 1:colcon.colcon_core.environment:checking '/home/sam/g1_humble_ws/install/unitree_g1_description' for CMake module files
[1.476s] Level 1:colcon.colcon_core.environment:checking '/home/sam/g1_humble_ws/install/unitree_g1_description' for CMake config files
[1.480s] Level 1:colcon.colcon_core.shell:create_environment_hook('unitree_g1_description', 'cmake_prefix_path')
[1.482s] INFO:colcon.colcon_core.shell:Creating environment hook '/home/sam/g1_humble_ws/install/unitree_g1_description/share/unitree_g1_description/hook/cmake_prefix_path.ps1'
[1.485s] INFO:colcon.colcon_core.shell:Creating environment descriptor '/home/sam/g1_humble_ws/install/unitree_g1_description/share/unitree_g1_description/hook/cmake_prefix_path.dsv'
[1.487s] INFO:colcon.colcon_core.shell:Creating environment hook '/home/sam/g1_humble_ws/install/unitree_g1_description/share/unitree_g1_description/hook/cmake_prefix_path.sh'
[1.493s] Level 1:colcon.colcon_core.environment:checking '/home/sam/g1_humble_ws/install/unitree_g1_description/lib'
[1.494s] Level 1:colcon.colcon_core.environment:checking '/home/sam/g1_humble_ws/install/unitree_g1_description/bin'
[1.494s] Level 1:colcon.colcon_core.environment:checking '/home/sam/g1_humble_ws/install/unitree_g1_description/lib/pkgconfig/unitree_g1_description.pc'
[1.495s] Level 1:colcon.colcon_core.environment:checking '/home/sam/g1_humble_ws/install/unitree_g1_description/lib/python3.10/site-packages'
[1.495s] Level 1:colcon.colcon_core.environment:checking '/home/sam/g1_humble_ws/install/unitree_g1_description/bin'
[1.495s] INFO:colcon.colcon_core.shell:Creating package script '/home/sam/g1_humble_ws/install/unitree_g1_description/share/unitree_g1_description/package.ps1'
[1.497s] INFO:colcon.colcon_core.shell:Creating package descriptor '/home/sam/g1_humble_ws/install/unitree_g1_description/share/unitree_g1_description/package.dsv'
[1.497s] INFO:colcon.colcon_core.shell:Creating package script '/home/sam/g1_humble_ws/install/unitree_g1_description/share/unitree_g1_description/package.sh'
[1.498s] INFO:colcon.colcon_core.shell:Creating package script '/home/sam/g1_humble_ws/install/unitree_g1_description/share/unitree_g1_description/package.bash'
[1.499s] INFO:colcon.colcon_core.shell:Creating package script '/home/sam/g1_humble_ws/install/unitree_g1_description/share/unitree_g1_description/package.zsh'
[1.500s] Level 1:colcon.colcon_core.environment:create_file_with_runtime_dependencies(/home/sam/g1_humble_ws/install/unitree_g1_description/share/colcon-core/packages/unitree_g1_description)
[1.500s] Level 1:colcon.colcon_core.environment:create_environment_scripts_only(unitree_g1_description)
[1.501s] Level 1:colcon.colcon_core.environment:checking '/home/sam/g1_humble_ws/install/unitree_g1_description' for CMake module files
[1.501s] Level 1:colcon.colcon_core.environment:checking '/home/sam/g1_humble_ws/install/unitree_g1_description' for CMake config files
[1.503s] Level 1:colcon.colcon_core.shell:create_environment_hook('unitree_g1_description', 'cmake_prefix_path')
[1.503s] INFO:colcon.colcon_core.shell:Creating environment hook '/home/sam/g1_humble_ws/install/unitree_g1_description/share/unitree_g1_description/hook/cmake_prefix_path.ps1'
[1.506s] INFO:colcon.colcon_core.shell:Creating environment descriptor '/home/sam/g1_humble_ws/install/unitree_g1_description/share/unitree_g1_description/hook/cmake_prefix_path.dsv'
[1.508s] INFO:colcon.colcon_core.shell:Creating environment hook '/home/sam/g1_humble_ws/install/unitree_g1_description/share/unitree_g1_description/hook/cmake_prefix_path.sh'
[1.511s] Level 1:colcon.colcon_core.environment:checking '/home/sam/g1_humble_ws/install/unitree_g1_description/lib'
[1.511s] Level 1:colcon.colcon_core.environment:checking '/home/sam/g1_humble_ws/install/unitree_g1_description/bin'
[1.511s] Level 1:colcon.colcon_core.environment:checking '/home/sam/g1_humble_ws/install/unitree_g1_description/lib/pkgconfig/unitree_g1_description.pc'
[1.512s] Level 1:colcon.colcon_core.environment:checking '/home/sam/g1_humble_ws/install/unitree_g1_description/lib/python3.10/site-packages'
[1.512s] Level 1:colcon.colcon_core.environment:checking '/home/sam/g1_humble_ws/install/unitree_g1_description/bin'
[1.513s] INFO:colcon.colcon_core.shell:Creating package script '/home/sam/g1_humble_ws/install/unitree_g1_description/share/unitree_g1_description/package.ps1'
[1.513s] INFO:colcon.colcon_core.shell:Creating package descriptor '/home/sam/g1_humble_ws/install/unitree_g1_description/share/unitree_g1_description/package.dsv'
[1.514s] INFO:colcon.colcon_core.shell:Creating package script '/home/sam/g1_humble_ws/install/unitree_g1_description/share/unitree_g1_description/package.sh'
[1.515s] INFO:colcon.colcon_core.shell:Creating package script '/home/sam/g1_humble_ws/install/unitree_g1_description/share/unitree_g1_description/package.bash'
[1.516s] INFO:colcon.colcon_core.shell:Creating package script '/home/sam/g1_humble_ws/install/unitree_g1_description/share/unitree_g1_description/package.zsh'
[1.517s] Level 1:colcon.colcon_core.environment:create_file_with_runtime_dependencies(/home/sam/g1_humble_ws/install/unitree_g1_description/share/colcon-core/packages/unitree_g1_description)
[1.518s] DEBUG:colcon.colcon_parallel_executor.executor.parallel:closing loop
[1.520s] DEBUG:colcon.colcon_parallel_executor.executor.parallel:loop closed
[1.520s] DEBUG:colcon.colcon_parallel_executor.executor.parallel:run_until_complete finished with '0'
[1.522s] DEBUG:colcon.colcon_core.event_reactor:joining thread
[1.611s] INFO:colcon.colcon_core.plugin_system:Skipping extension 'colcon_notification.desktop_notification.notify_send': Could not find 'notify-send'
[1.612s] INFO:colcon.colcon_core.plugin_system:Skipping extension 'colcon_notification.desktop_notification.terminal_notifier': Not used on non-Darwin systems
[1.612s] INFO:colcon.colcon_core.plugin_system:Skipping extension 'colcon_notification.desktop_notification.win32': Not used on non-Windows systems
[1.613s] INFO:colcon.colcon_notification.desktop_notification:Sending desktop notification using 'notify2'
[1.613s] DEBUG:colcon.colcon_notification.desktop_notification.notify2:Failed to initialize notify2: org.freedesktop.DBus.Error.FileNotFound: Failed to connect to socket /run/user/1000/bus: No such file or directory
[1.613s] DEBUG:colcon.colcon_core.event_reactor:joined thread
[1.614s] INFO:colcon.colcon_core.shell:Creating prefix script '/home/sam/g1_humble_ws/install/local_setup.ps1'
[1.617s] INFO:colcon.colcon_core.shell:Creating prefix util module '/home/sam/g1_humble_ws/install/_local_setup_util_ps1.py'
[1.620s] INFO:colcon.colcon_core.shell:Creating prefix chain script '/home/sam/g1_humble_ws/install/setup.ps1'
[1.623s] INFO:colcon.colcon_core.shell:Creating prefix script '/home/sam/g1_humble_ws/install/local_setup.sh'
[1.625s] INFO:colcon.colcon_core.shell:Creating prefix util module '/home/sam/g1_humble_ws/install/_local_setup_util_sh.py'
[1.626s] INFO:colcon.colcon_core.shell:Creating prefix chain script '/home/sam/g1_humble_ws/install/setup.sh'
[1.627s] INFO:colcon.colcon_core.shell:Creating prefix script '/home/sam/g1_humble_ws/install/local_setup.bash'
[1.627s] INFO:colcon.colcon_core.shell:Creating prefix chain script '/home/sam/g1_humble_ws/install/setup.bash'
[1.628s] INFO:colcon.colcon_core.shell:Creating prefix script '/home/sam/g1_humble_ws/install/local_setup.zsh'
[1.629s] INFO:colcon.colcon_core.shell:Creating prefix chain script '/home/sam/g1_humble_ws/install/setup.zsh'
