[0.000000] (-) TimerEvent: {}
[0.000588] (unitree_g1_description) JobQueued: {'identifier': 'unitree_g1_description', 'dependencies': OrderedDict()}
[0.000654] (unitree_g1_description) JobStarted: {'identifier': 'unitree_g1_description'}
[0.009594] (unitree_g1_description) JobProgress: {'identifier': 'unitree_g1_description', 'progress': 'cmake'}
[0.011840] (unitree_g1_description) JobProgress: {'identifier': 'unitree_g1_description', 'progress': 'build'}
[0.016836] (unitree_g1_description) Command: {'cmd': ['/usr/bin/cmake', '--build', '/home/sam/g1_humble_ws/build/unitree_g1_description', '--', '-j12', '-l12'], 'cwd': '/home/sam/g1_humble_ws/build/unitree_g1_description', 'env': OrderedDict([('USER', 'sam'), ('SHLVL', '0'), ('LD_LIBRARY_PATH', '/usr/lib/x86_64-linux-gnu/gazebo-11/plugins:/opt/ros/humble/opt/rviz_ogre_vendor/lib:/opt/ros/humble/lib/x86_64-linux-gnu:/opt/ros/humble/lib'), ('HOME', '/home/sam'), ('OLDPWD', '/home/sam/g1_humble_ws'), ('DBUS_SESSION_BUS_ADDRESS', 'unix:path=/run/user/1000/bus'), ('WSL_DISTRO_NAME', 'Ubuntu-22.04'), ('WAYLAND_DISPLAY', 'wayland-0'), ('LOGNAME', 'sam'), ('NAME', 'LIBL-GZTMKY3'), ('WSL_INTEROP', '/run/WSL/186561_interop'), ('PULSE_SERVER', 'unix:/mnt/wslg/PulseServer'), ('_', '/usr/bin/colcon'), ('TERM', 'xterm-256color'), ('PATH', '/opt/ros/humble/bin:/usr/local/sbin:/usr/local/bin:/usr/sbin:/usr/bin:/sbin:/bin:/usr/games:/usr/local/games:/usr/lib/wsl/lib:/mnt/c/Windows/system32:/mnt/c/Windows:/mnt/c/Windows/System32/Wbem:/mnt/c/Windows/System32/WindowsPowerShell/v1.0/:/mnt/c/Windows/System32/OpenSSH/:/mnt/c/Program Files/cursor/resources/app/bin:/mnt/c/Users/sbatra/AppData/Local/Programs/Python/Python312/Scripts/:/mnt/c/Users/sbatra/AppData/Local/Programs/Python/Python312/:/mnt/c/Users/sbatra/AppData/Local/Programs/Python/Launcher/:/mnt/c/Users/sbatra/AppData/Local/Microsoft/WindowsApps:/mnt/c/Users/sbatra/AppData/Local/Programs/Microsoft VS Code/bin'), ('XDG_RUNTIME_DIR', '/run/user/1000/'), ('DISPLAY', ':0'), ('LANG', 'C.UTF-8'), ('AMENT_PREFIX_PATH', '/opt/ros/humble'), ('SHELL', '/bin/bash'), ('PWD', '/home/sam/g1_humble_ws/build/unitree_g1_description'), ('PYTHONPATH', '/opt/ros/humble/lib/python3.10/site-packages:/opt/ros/humble/local/lib/python3.10/dist-packages'), ('COLCON', '1'), ('WSL2_GUI_APPS_ENABLED', '1'), ('HOSTTYPE', 'x86_64'), ('WSLENV', ''), ('CMAKE_PREFIX_PATH', '/opt/ros/humble')]), 'shell': False}
[0.052282] (unitree_g1_description) StdoutLine: {'line': b'-- Found ament_cmake: 1.3.12 (/opt/ros/humble/share/ament_cmake/cmake)\n'}
[0.099279] (-) TimerEvent: {}
[0.200274] (-) TimerEvent: {}
[0.217381] (unitree_g1_description) StdoutLine: {'line': b'-- Override CMake install command with custom implementation using symlinks instead of copying resources\n'}
[0.226605] (unitree_g1_description) StdoutLine: {'line': b'-- Found ament_lint_auto: 0.12.14 (/opt/ros/humble/share/ament_lint_auto/cmake)\n'}
[0.300528] (-) TimerEvent: {}
[0.332530] (unitree_g1_description) StdoutLine: {'line': b"-- Added test 'cppcheck' to perform static code analysis on C / C++ code\n"}
[0.332962] (unitree_g1_description) StdoutLine: {'line': b'-- Configured cppcheck include dirs: \n'}
[0.333055] (unitree_g1_description) StdoutLine: {'line': b'-- Configured cppcheck exclude dirs and/or files: \n'}
[0.335522] (unitree_g1_description) StdoutLine: {'line': b"-- Added test 'flake8' to check Python code syntax and style conventions\n"}
[0.342475] (unitree_g1_description) StdoutLine: {'line': b"-- Added test 'lint_cmake' to check CMake code style\n"}
[0.345165] (unitree_g1_description) StdoutLine: {'line': b"-- Added test 'pep257' to check Python code against some of the docstring style conventions in PEP 257\n"}
[0.373560] (unitree_g1_description) StdoutLine: {'line': b"-- Added test 'uncrustify' to check C / C++ code style\n"}
[0.373946] (unitree_g1_description) StdoutLine: {'line': b'-- Configured uncrustify additional arguments: \n'}
[0.377829] (unitree_g1_description) StdoutLine: {'line': b"-- Added test 'xmllint' to check XML markup files\n"}
[0.379827] (unitree_g1_description) StdoutLine: {'line': b'-- Configuring done\n'}
[0.387060] (unitree_g1_description) StdoutLine: {'line': b'-- Generating done\n'}
[0.388782] (unitree_g1_description) StdoutLine: {'line': b'-- Build files have been written to: /home/sam/g1_humble_ws/build/unitree_g1_description\n'}
[0.400721] (-) TimerEvent: {}
[0.423813] (unitree_g1_description) CommandEnded: {'returncode': 0}
[0.426942] (unitree_g1_description) JobProgress: {'identifier': 'unitree_g1_description', 'progress': 'install'}
[0.449747] (unitree_g1_description) Command: {'cmd': ['/usr/bin/cmake', '--install', '/home/sam/g1_humble_ws/build/unitree_g1_description'], 'cwd': '/home/sam/g1_humble_ws/build/unitree_g1_description', 'env': OrderedDict([('USER', 'sam'), ('SHLVL', '0'), ('LD_LIBRARY_PATH', '/usr/lib/x86_64-linux-gnu/gazebo-11/plugins:/opt/ros/humble/opt/rviz_ogre_vendor/lib:/opt/ros/humble/lib/x86_64-linux-gnu:/opt/ros/humble/lib'), ('HOME', '/home/sam'), ('OLDPWD', '/home/sam/g1_humble_ws'), ('DBUS_SESSION_BUS_ADDRESS', 'unix:path=/run/user/1000/bus'), ('WSL_DISTRO_NAME', 'Ubuntu-22.04'), ('WAYLAND_DISPLAY', 'wayland-0'), ('LOGNAME', 'sam'), ('NAME', 'LIBL-GZTMKY3'), ('WSL_INTEROP', '/run/WSL/186561_interop'), ('PULSE_SERVER', 'unix:/mnt/wslg/PulseServer'), ('_', '/usr/bin/colcon'), ('TERM', 'xterm-256color'), ('PATH', '/opt/ros/humble/bin:/usr/local/sbin:/usr/local/bin:/usr/sbin:/usr/bin:/sbin:/bin:/usr/games:/usr/local/games:/usr/lib/wsl/lib:/mnt/c/Windows/system32:/mnt/c/Windows:/mnt/c/Windows/System32/Wbem:/mnt/c/Windows/System32/WindowsPowerShell/v1.0/:/mnt/c/Windows/System32/OpenSSH/:/mnt/c/Program Files/cursor/resources/app/bin:/mnt/c/Users/sbatra/AppData/Local/Programs/Python/Python312/Scripts/:/mnt/c/Users/sbatra/AppData/Local/Programs/Python/Python312/:/mnt/c/Users/sbatra/AppData/Local/Programs/Python/Launcher/:/mnt/c/Users/sbatra/AppData/Local/Microsoft/WindowsApps:/mnt/c/Users/sbatra/AppData/Local/Programs/Microsoft VS Code/bin'), ('XDG_RUNTIME_DIR', '/run/user/1000/'), ('DISPLAY', ':0'), ('LANG', 'C.UTF-8'), ('AMENT_PREFIX_PATH', '/opt/ros/humble'), ('SHELL', '/bin/bash'), ('PWD', '/home/sam/g1_humble_ws/build/unitree_g1_description'), ('PYTHONPATH', '/opt/ros/humble/lib/python3.10/site-packages:/opt/ros/humble/local/lib/python3.10/dist-packages'), ('COLCON', '1'), ('WSL2_GUI_APPS_ENABLED', '1'), ('HOSTTYPE', 'x86_64'), ('WSLENV', ''), ('CMAKE_PREFIX_PATH', '/opt/ros/humble')]), 'shell': False}
[0.461988] (unitree_g1_description) StdoutLine: {'line': b'-- Install configuration: ""\n'}
[0.462506] (unitree_g1_description) StdoutLine: {'line': b'-- Execute custom install script\n'}
[0.463012] (unitree_g1_description) StdoutLine: {'line': b'-- Up-to-date symlink: /home/sam/g1_humble_ws/install/unitree_g1_description/share/unitree_g1_description/urdf/g1_23dof.urdf\n'}
[0.463495] (unitree_g1_description) StdoutLine: {'line': b'-- Up-to-date symlink: /home/sam/g1_humble_ws/install/unitree_g1_description/share/unitree_g1_description/urdf/g1_23dof.xml\n'}
[0.463749] (unitree_g1_description) StdoutLine: {'line': b'-- Up-to-date symlink: /home/sam/g1_humble_ws/install/unitree_g1_description/share/unitree_g1_description/urdf/g1_23dof_mode_10.urdf\n'}
[0.464121] (unitree_g1_description) StdoutLine: {'line': b'-- Up-to-date symlink: /home/sam/g1_humble_ws/install/unitree_g1_description/share/unitree_g1_description/urdf/g1_23dof_rev_1_0.urdf\n'}
[0.464352] (unitree_g1_description) StdoutLine: {'line': b'-- Up-to-date symlink: /home/sam/g1_humble_ws/install/unitree_g1_description/share/unitree_g1_description/urdf/g1_23dof_rev_1_0.xml\n'}
[0.465117] (unitree_g1_description) StdoutLine: {'line': b'-- Up-to-date symlink: /home/sam/g1_humble_ws/install/unitree_g1_description/share/unitree_g1_description/urdf/g1_29dof.urdf\n'}
[0.465297] (unitree_g1_description) StdoutLine: {'line': b'-- Up-to-date symlink: /home/sam/g1_humble_ws/install/unitree_g1_description/share/unitree_g1_description/urdf/g1_29dof.xml\n'}
[0.465383] (unitree_g1_description) StdoutLine: {'line': b'-- Up-to-date symlink: /home/sam/g1_humble_ws/install/unitree_g1_description/share/unitree_g1_description/urdf/g1_29dof_lock_waist.urdf\n'}
[0.465664] (unitree_g1_description) StdoutLine: {'line': b'-- Up-to-date symlink: /home/sam/g1_humble_ws/install/unitree_g1_description/share/unitree_g1_description/urdf/g1_29dof_lock_waist.xml\n'}
[0.465939] (unitree_g1_description) StdoutLine: {'line': b'-- Up-to-date symlink: /home/sam/g1_humble_ws/install/unitree_g1_description/share/unitree_g1_description/urdf/g1_29dof_lock_waist_rev_1_0.urdf\n'}
[0.466225] (unitree_g1_description) StdoutLine: {'line': b'-- Up-to-date symlink: /home/sam/g1_humble_ws/install/unitree_g1_description/share/unitree_g1_description/urdf/g1_29dof_lock_waist_rev_1_0.xml\n'}
[0.466557] (unitree_g1_description) StdoutLine: {'line': b'-- Up-to-date symlink: /home/sam/g1_humble_ws/install/unitree_g1_description/share/unitree_g1_description/urdf/g1_29dof_lock_waist_with_hand_rev_1_0.urdf\n'}
[0.466857] (unitree_g1_description) StdoutLine: {'line': b'-- Up-to-date symlink: /home/sam/g1_humble_ws/install/unitree_g1_description/share/unitree_g1_description/urdf/g1_29dof_lock_waist_with_hand_rev_1_0.xml\n'}
[0.467076] (unitree_g1_description) StdoutLine: {'line': b'-- Up-to-date symlink: /home/sam/g1_humble_ws/install/unitree_g1_description/share/unitree_g1_description/urdf/g1_29dof_mode_11.urdf\n'}
[0.467139] (unitree_g1_description) StdoutLine: {'line': b'-- Up-to-date symlink: /home/sam/g1_humble_ws/install/unitree_g1_description/share/unitree_g1_description/urdf/g1_29dof_mode_12.urdf\n'}
[0.467207] (unitree_g1_description) StdoutLine: {'line': b'-- Up-to-date symlink: /home/sam/g1_humble_ws/install/unitree_g1_description/share/unitree_g1_description/urdf/g1_29dof_mode_13.urdf\n'}
[0.467305] (unitree_g1_description) StdoutLine: {'line': b'-- Up-to-date symlink: /home/sam/g1_humble_ws/install/unitree_g1_description/share/unitree_g1_description/urdf/g1_29dof_mode_14.urdf\n'}
[0.467404] (unitree_g1_description) StdoutLine: {'line': b'-- Up-to-date symlink: /home/sam/g1_humble_ws/install/unitree_g1_description/share/unitree_g1_description/urdf/g1_29dof_mode_15.urdf\n'}
[0.467587] (unitree_g1_description) StdoutLine: {'line': b'-- Up-to-date symlink: /home/sam/g1_humble_ws/install/unitree_g1_description/share/unitree_g1_description/urdf/g1_29dof_mode_16.urdf\n'}
[0.467847] (unitree_g1_description) StdoutLine: {'line': b'-- Up-to-date symlink: /home/sam/g1_humble_ws/install/unitree_g1_description/share/unitree_g1_description/urdf/g1_29dof_rev_1_0.urdf\n'}
[0.468147] (unitree_g1_description) StdoutLine: {'line': b'-- Up-to-date symlink: /home/sam/g1_humble_ws/install/unitree_g1_description/share/unitree_g1_description/urdf/g1_29dof_rev_1_0.xml\n'}
[0.468636] (unitree_g1_description) StdoutLine: {'line': b'-- Up-to-date symlink: /home/sam/g1_humble_ws/install/unitree_g1_description/share/unitree_g1_description/urdf/g1_29dof_rev_1_0_with_inspire_hand_DFQ.urdf\n'}
[0.468768] (unitree_g1_description) StdoutLine: {'line': b'-- Up-to-date symlink: /home/sam/g1_humble_ws/install/unitree_g1_description/share/unitree_g1_description/urdf/g1_29dof_rev_1_0_with_inspire_hand_FTP.urdf\n'}
[0.469000] (unitree_g1_description) StdoutLine: {'line': b'-- Up-to-date symlink: /home/sam/g1_humble_ws/install/unitree_g1_description/share/unitree_g1_description/urdf/g1_29dof_with_hand.urdf\n'}
[0.469282] (unitree_g1_description) StdoutLine: {'line': b'-- Up-to-date symlink: /home/sam/g1_humble_ws/install/unitree_g1_description/share/unitree_g1_description/urdf/g1_29dof_with_hand.xml\n'}
[0.469723] (unitree_g1_description) StdoutLine: {'line': b'-- Up-to-date symlink: /home/sam/g1_humble_ws/install/unitree_g1_description/share/unitree_g1_description/urdf/g1_29dof_with_hand_rev_1_0.urdf\n'}
[0.469810] (unitree_g1_description) StdoutLine: {'line': b'-- Up-to-date symlink: /home/sam/g1_humble_ws/install/unitree_g1_description/share/unitree_g1_description/urdf/g1_29dof_with_hand_rev_1_0.xml\n'}
[0.469884] (unitree_g1_description) StdoutLine: {'line': b'-- Up-to-date symlink: /home/sam/g1_humble_ws/install/unitree_g1_description/share/unitree_g1_description/urdf/g1_comp.urdf\n'}
[0.469953] (unitree_g1_description) StdoutLine: {'line': b'-- Up-to-date symlink: /home/sam/g1_humble_ws/install/unitree_g1_description/share/unitree_g1_description/urdf/g1_dual_arm.urdf\n'}
[0.470041] (unitree_g1_description) StdoutLine: {'line': b'-- Up-to-date symlink: /home/sam/g1_humble_ws/install/unitree_g1_description/share/unitree_g1_description/urdf/g1_dual_arm.xml\n'}
[0.470568] (unitree_g1_description) StdoutLine: {'line': b'-- Up-to-date symlink: /home/sam/g1_humble_ws/install/unitree_g1_description/share/unitree_g1_description/meshes/L_hand_base_link.STL\n'}
[0.470798] (unitree_g1_description) StdoutLine: {'line': b'-- Up-to-date symlink: /home/sam/g1_humble_ws/install/unitree_g1_description/share/unitree_g1_description/meshes/Link11_L.STL\n'}
[0.471054] (unitree_g1_description) StdoutLine: {'line': b'-- Up-to-date symlink: /home/sam/g1_humble_ws/install/unitree_g1_description/share/unitree_g1_description/meshes/Link11_R.STL\n'}
[0.471417] (unitree_g1_description) StdoutLine: {'line': b'-- Up-to-date symlink: /home/sam/g1_humble_ws/install/unitree_g1_description/share/unitree_g1_description/meshes/Link12_L.STL\n'}
[0.471646] (unitree_g1_description) StdoutLine: {'line': b'-- Up-to-date symlink: /home/sam/g1_humble_ws/install/unitree_g1_description/share/unitree_g1_description/meshes/Link12_R.STL\n'}
[0.472064] (unitree_g1_description) StdoutLine: {'line': b'-- Up-to-date symlink: /home/sam/g1_humble_ws/install/unitree_g1_description/share/unitree_g1_description/meshes/Link13_L.STL\n'}
[0.472305] (unitree_g1_description) StdoutLine: {'line': b'-- Up-to-date symlink: /home/sam/g1_humble_ws/install/unitree_g1_description/share/unitree_g1_description/meshes/Link13_R.STL\n'}
[0.472598] (unitree_g1_description) StdoutLine: {'line': b'-- Up-to-date symlink: /home/sam/g1_humble_ws/install/unitree_g1_description/share/unitree_g1_description/meshes/Link14_L.STL\n'}
[0.472809] (unitree_g1_description) StdoutLine: {'line': b'-- Up-to-date symlink: /home/sam/g1_humble_ws/install/unitree_g1_description/share/unitree_g1_description/meshes/Link14_R.STL\n'}
[0.473052] (unitree_g1_description) StdoutLine: {'line': b'-- Up-to-date symlink: /home/sam/g1_humble_ws/install/unitree_g1_description/share/unitree_g1_description/meshes/Link15_L.STL\n'}
[0.473303] (unitree_g1_description) StdoutLine: {'line': b'-- Up-to-date symlink: /home/sam/g1_humble_ws/install/unitree_g1_description/share/unitree_g1_description/meshes/Link15_R.STL\n'}
[0.473563] (unitree_g1_description) StdoutLine: {'line': b'-- Up-to-date symlink: /home/sam/g1_humble_ws/install/unitree_g1_description/share/unitree_g1_description/meshes/Link16_L.STL\n'}
[0.473831] (unitree_g1_description) StdoutLine: {'line': b'-- Up-to-date symlink: /home/sam/g1_humble_ws/install/unitree_g1_description/share/unitree_g1_description/meshes/Link16_R.STL\n'}
[0.474540] (unitree_g1_description) StdoutLine: {'line': b'-- Up-to-date symlink: /home/sam/g1_humble_ws/install/unitree_g1_description/share/unitree_g1_description/meshes/Link17_L.STL\n'}
[0.474617] (unitree_g1_description) StdoutLine: {'line': b'-- Up-to-date symlink: /home/sam/g1_humble_ws/install/unitree_g1_description/share/unitree_g1_description/meshes/Link17_R.STL\n'}
[0.474648] (unitree_g1_description) StdoutLine: {'line': b'-- Up-to-date symlink: /home/sam/g1_humble_ws/install/unitree_g1_description/share/unitree_g1_description/meshes/Link18_L.STL\n'}
[0.474684] (unitree_g1_description) StdoutLine: {'line': b'-- Up-to-date symlink: /home/sam/g1_humble_ws/install/unitree_g1_description/share/unitree_g1_description/meshes/Link18_R.STL\n'}
[0.474709] (unitree_g1_description) StdoutLine: {'line': b'-- Up-to-date symlink: /home/sam/g1_humble_ws/install/unitree_g1_description/share/unitree_g1_description/meshes/Link19_L.STL\n'}
[0.474734] (unitree_g1_description) StdoutLine: {'line': b'-- Up-to-date symlink: /home/sam/g1_humble_ws/install/unitree_g1_description/share/unitree_g1_description/meshes/Link19_R.STL\n'}
[0.474760] (unitree_g1_description) StdoutLine: {'line': b'-- Up-to-date symlink: /home/sam/g1_humble_ws/install/unitree_g1_description/share/unitree_g1_description/meshes/Link20_L.STL\n'}
[0.474789] (unitree_g1_description) StdoutLine: {'line': b'-- Up-to-date symlink: /home/sam/g1_humble_ws/install/unitree_g1_description/share/unitree_g1_description/meshes/Link20_R.STL\n'}
[0.474815] (unitree_g1_description) StdoutLine: {'line': b'-- Up-to-date symlink: /home/sam/g1_humble_ws/install/unitree_g1_description/share/unitree_g1_description/meshes/Link21_L.STL\n'}
[0.474959] (unitree_g1_description) StdoutLine: {'line': b'-- Up-to-date symlink: /home/sam/g1_humble_ws/install/unitree_g1_description/share/unitree_g1_description/meshes/Link21_R.STL\n'}
[0.475018] (unitree_g1_description) StdoutLine: {'line': b'-- Up-to-date symlink: /home/sam/g1_humble_ws/install/unitree_g1_description/share/unitree_g1_description/meshes/Link22_L.STL\n'}
[0.475047] (unitree_g1_description) StdoutLine: {'line': b'-- Up-to-date symlink: /home/sam/g1_humble_ws/install/unitree_g1_description/share/unitree_g1_description/meshes/Link22_R.STL\n'}
[0.475216] (unitree_g1_description) StdoutLine: {'line': b'-- Up-to-date symlink: /home/sam/g1_humble_ws/install/unitree_g1_description/share/unitree_g1_description/meshes/R_hand_base_link.STL\n'}
[0.475302] (unitree_g1_description) StdoutLine: {'line': b'-- Up-to-date symlink: /home/sam/g1_humble_ws/install/unitree_g1_description/share/unitree_g1_description/meshes/d455_link.STL\n'}
[0.475486] (unitree_g1_description) StdoutLine: {'line': b'-- Up-to-date symlink: /home/sam/g1_humble_ws/install/unitree_g1_description/share/unitree_g1_description/meshes/head_link.STL\n'}
[0.475649] (unitree_g1_description) StdoutLine: {'line': b'-- Up-to-date symlink: /home/sam/g1_humble_ws/install/unitree_g1_description/share/unitree_g1_description/meshes/head_servo_link.STL\n'}
[0.475800] (unitree_g1_description) StdoutLine: {'line': b'-- Up-to-date symlink: /home/sam/g1_humble_ws/install/unitree_g1_description/share/unitree_g1_description/meshes/left_ankle_pitch_link.STL\n'}
[0.475922] (unitree_g1_description) StdoutLine: {'line': b'-- Up-to-date symlink: /home/sam/g1_humble_ws/install/unitree_g1_description/share/unitree_g1_description/meshes/left_ankle_roll_link.STL\n'}
[0.476074] (unitree_g1_description) StdoutLine: {'line': b'-- Up-to-date symlink: /home/sam/g1_humble_ws/install/unitree_g1_description/share/unitree_g1_description/meshes/left_base_link.STL\n'}
[0.476299] (unitree_g1_description) StdoutLine: {'line': b'-- Up-to-date symlink: /home/sam/g1_humble_ws/install/unitree_g1_description/share/unitree_g1_description/meshes/left_elbow_link.STL\n'}
[0.476543] (unitree_g1_description) StdoutLine: {'line': b'-- Up-to-date symlink: /home/sam/g1_humble_ws/install/unitree_g1_description/share/unitree_g1_description/meshes/left_hand_index_0_link.STL\n'}
[0.476802] (unitree_g1_description) StdoutLine: {'line': b'-- Up-to-date symlink: /home/sam/g1_humble_ws/install/unitree_g1_description/share/unitree_g1_description/meshes/left_hand_index_1_link.STL\n'}
[0.477072] (unitree_g1_description) StdoutLine: {'line': b'-- Up-to-date symlink: /home/sam/g1_humble_ws/install/unitree_g1_description/share/unitree_g1_description/meshes/left_hand_middle_0_link.STL\n'}
[0.477313] (unitree_g1_description) StdoutLine: {'line': b'-- Up-to-date symlink: /home/sam/g1_humble_ws/install/unitree_g1_description/share/unitree_g1_description/meshes/left_hand_middle_1_link.STL\n'}
[0.477586] (unitree_g1_description) StdoutLine: {'line': b'-- Up-to-date symlink: /home/sam/g1_humble_ws/install/unitree_g1_description/share/unitree_g1_description/meshes/left_hand_palm_link.STL\n'}
[0.477992] (unitree_g1_description) StdoutLine: {'line': b'-- Up-to-date symlink: /home/sam/g1_humble_ws/install/unitree_g1_description/share/unitree_g1_description/meshes/left_hand_thumb_0_link.STL\n'}
[0.478051] (unitree_g1_description) StdoutLine: {'line': b'-- Up-to-date symlink: /home/sam/g1_humble_ws/install/unitree_g1_description/share/unitree_g1_description/meshes/left_hand_thumb_1_link.STL\n'}
[0.478278] (unitree_g1_description) StdoutLine: {'line': b'-- Up-to-date symlink: /home/sam/g1_humble_ws/install/unitree_g1_description/share/unitree_g1_description/meshes/left_hand_thumb_2_link.STL\n'}
[0.478520] (unitree_g1_description) StdoutLine: {'line': b'-- Up-to-date symlink: /home/sam/g1_humble_ws/install/unitree_g1_description/share/unitree_g1_description/meshes/left_hip_pitch_link.STL\n'}
[0.478593] (unitree_g1_description) StdoutLine: {'line': b'-- Up-to-date symlink: /home/sam/g1_humble_ws/install/unitree_g1_description/share/unitree_g1_description/meshes/left_hip_roll_link.STL\n'}
[0.478742] (unitree_g1_description) StdoutLine: {'line': b'-- Up-to-date symlink: /home/sam/g1_humble_ws/install/unitree_g1_description/share/unitree_g1_description/meshes/left_hip_yaw_link.STL\n'}
[0.479078] (unitree_g1_description) StdoutLine: {'line': b'-- Up-to-date symlink: /home/sam/g1_humble_ws/install/unitree_g1_description/share/unitree_g1_description/meshes/left_index_1.STL\n'}
[0.479285] (unitree_g1_description) StdoutLine: {'line': b'-- Up-to-date symlink: /home/sam/g1_humble_ws/install/unitree_g1_description/share/unitree_g1_description/meshes/left_index_2.STL\n'}
[0.479558] (unitree_g1_description) StdoutLine: {'line': b'-- Up-to-date symlink: /home/sam/g1_humble_ws/install/unitree_g1_description/share/unitree_g1_description/meshes/left_index_force_sensor_1.STL\n'}
[0.479798] (unitree_g1_description) StdoutLine: {'line': b'-- Up-to-date symlink: /home/sam/g1_humble_ws/install/unitree_g1_description/share/unitree_g1_description/meshes/left_index_force_sensor_2.STL\n'}
[0.480161] (unitree_g1_description) StdoutLine: {'line': b'-- Up-to-date symlink: /home/sam/g1_humble_ws/install/unitree_g1_description/share/unitree_g1_description/meshes/left_index_force_sensor_3.STL\n'}
[0.480258] (unitree_g1_description) StdoutLine: {'line': b'-- Up-to-date symlink: /home/sam/g1_humble_ws/install/unitree_g1_description/share/unitree_g1_description/meshes/left_knee_link.STL\n'}
[0.480326] (unitree_g1_description) StdoutLine: {'line': b'-- Up-to-date symlink: /home/sam/g1_humble_ws/install/unitree_g1_description/share/unitree_g1_description/meshes/left_little_1.STL\n'}
[0.480509] (unitree_g1_description) StdoutLine: {'line': b'-- Up-to-date symlink: /home/sam/g1_humble_ws/install/unitree_g1_description/share/unitree_g1_description/meshes/left_little_2.STL\n'}
[0.480596] (unitree_g1_description) StdoutLine: {'line': b'-- Up-to-date symlink: /home/sam/g1_humble_ws/install/unitree_g1_description/share/unitree_g1_description/meshes/left_little_force_sensor_1.STL\n'}
[0.480743] (unitree_g1_description) StdoutLine: {'line': b'-- Up-to-date symlink: /home/sam/g1_humble_ws/install/unitree_g1_description/share/unitree_g1_description/meshes/left_little_force_sensor_2.STL\n'}
[0.480889] (unitree_g1_description) StdoutLine: {'line': b'-- Up-to-date symlink: /home/sam/g1_humble_ws/install/unitree_g1_description/share/unitree_g1_description/meshes/left_little_force_sensor_3.STL\n'}
[0.481058] (unitree_g1_description) StdoutLine: {'line': b'-- Up-to-date symlink: /home/sam/g1_humble_ws/install/unitree_g1_description/share/unitree_g1_description/meshes/left_middle_1.STL\n'}
[0.481270] (unitree_g1_description) StdoutLine: {'line': b'-- Up-to-date symlink: /home/sam/g1_humble_ws/install/unitree_g1_description/share/unitree_g1_description/meshes/left_middle_2.STL\n'}
[0.481580] (unitree_g1_description) StdoutLine: {'line': b'-- Up-to-date symlink: /home/sam/g1_humble_ws/install/unitree_g1_description/share/unitree_g1_description/meshes/left_middle_force_sensor_1.STL\n'}
[0.481755] (unitree_g1_description) StdoutLine: {'line': b'-- Up-to-date symlink: /home/sam/g1_humble_ws/install/unitree_g1_description/share/unitree_g1_description/meshes/left_middle_force_sensor_2.STL\n'}
[0.481933] (unitree_g1_description) StdoutLine: {'line': b'-- Up-to-date symlink: /home/sam/g1_humble_ws/install/unitree_g1_description/share/unitree_g1_description/meshes/left_middle_force_sensor_3.STL\n'}
[0.482278] (unitree_g1_description) StdoutLine: {'line': b'-- Up-to-date symlink: /home/sam/g1_humble_ws/install/unitree_g1_description/share/unitree_g1_description/meshes/left_palm_force_sensor.STL\n'}
[0.482394] (unitree_g1_description) StdoutLine: {'line': b'-- Up-to-date symlink: /home/sam/g1_humble_ws/install/unitree_g1_description/share/unitree_g1_description/meshes/left_ring_1.STL\n'}
[0.482611] (unitree_g1_description) StdoutLine: {'line': b'-- Up-to-date symlink: /home/sam/g1_humble_ws/install/unitree_g1_description/share/unitree_g1_description/meshes/left_ring_2.STL\n'}
[0.482883] (unitree_g1_description) StdoutLine: {'line': b'-- Up-to-date symlink: /home/sam/g1_humble_ws/install/unitree_g1_description/share/unitree_g1_description/meshes/left_ring_force_sensor_1.STL\n'}
[0.483219] (unitree_g1_description) StdoutLine: {'line': b'-- Up-to-date symlink: /home/sam/g1_humble_ws/install/unitree_g1_description/share/unitree_g1_description/meshes/left_ring_force_sensor_2.STL\n'}
[0.483487] (unitree_g1_description) StdoutLine: {'line': b'-- Up-to-date symlink: /home/sam/g1_humble_ws/install/unitree_g1_description/share/unitree_g1_description/meshes/left_ring_force_sensor_3.STL\n'}
[0.483743] (unitree_g1_description) StdoutLine: {'line': b'-- Up-to-date symlink: /home/sam/g1_humble_ws/install/unitree_g1_description/share/unitree_g1_description/meshes/left_rubber_hand.STL\n'}
[0.484563] (unitree_g1_description) StdoutLine: {'line': b'-- Up-to-date symlink: /home/sam/g1_humble_ws/install/unitree_g1_description/share/unitree_g1_description/meshes/left_shoulder_pitch_link.STL\n'}
[0.484731] (unitree_g1_description) StdoutLine: {'line': b'-- Up-to-date symlink: /home/sam/g1_humble_ws/install/unitree_g1_description/share/unitree_g1_description/meshes/left_shoulder_roll_link.STL\n'}
[0.484953] (unitree_g1_description) StdoutLine: {'line': b'-- Up-to-date symlink: /home/sam/g1_humble_ws/install/unitree_g1_description/share/unitree_g1_description/meshes/left_shoulder_yaw_link.STL\n'}
[0.485131] (unitree_g1_description) StdoutLine: {'line': b'-- Up-to-date symlink: /home/sam/g1_humble_ws/install/unitree_g1_description/share/unitree_g1_description/meshes/left_thumb_1.STL\n'}
[0.485203] (unitree_g1_description) StdoutLine: {'line': b'-- Up-to-date symlink: /home/sam/g1_humble_ws/install/unitree_g1_description/share/unitree_g1_description/meshes/left_thumb_2.STL\n'}
[0.485265] (unitree_g1_description) StdoutLine: {'line': b'-- Up-to-date symlink: /home/sam/g1_humble_ws/install/unitree_g1_description/share/unitree_g1_description/meshes/left_thumb_3.STL\n'}
[0.485369] (unitree_g1_description) StdoutLine: {'line': b'-- Up-to-date symlink: /home/sam/g1_humble_ws/install/unitree_g1_description/share/unitree_g1_description/meshes/left_thumb_4.STL\n'}
[0.485401] (unitree_g1_description) StdoutLine: {'line': b'-- Up-to-date symlink: /home/sam/g1_humble_ws/install/unitree_g1_description/share/unitree_g1_description/meshes/left_thumb_force_sensor_1.STL\n'}
[0.485495] (unitree_g1_description) StdoutLine: {'line': b'-- Up-to-date symlink: /home/sam/g1_humble_ws/install/unitree_g1_description/share/unitree_g1_description/meshes/left_thumb_force_sensor_2.STL\n'}
[0.485534] (unitree_g1_description) StdoutLine: {'line': b'-- Up-to-date symlink: /home/sam/g1_humble_ws/install/unitree_g1_description/share/unitree_g1_description/meshes/left_thumb_force_sensor_3.STL\n'}
[0.485566] (unitree_g1_description) StdoutLine: {'line': b'-- Up-to-date symlink: /home/sam/g1_humble_ws/install/unitree_g1_description/share/unitree_g1_description/meshes/left_thumb_force_sensor_4.STL\n'}
[0.485675] (unitree_g1_description) StdoutLine: {'line': b'-- Up-to-date symlink: /home/sam/g1_humble_ws/install/unitree_g1_description/share/unitree_g1_description/meshes/left_thumb_swing.STL\n'}
[0.485745] (unitree_g1_description) StdoutLine: {'line': b'-- Up-to-date symlink: /home/sam/g1_humble_ws/install/unitree_g1_description/share/unitree_g1_description/meshes/left_wrist_pitch_link.STL\n'}
[0.486067] (unitree_g1_description) StdoutLine: {'line': b'-- Up-to-date symlink: /home/sam/g1_humble_ws/install/unitree_g1_description/share/unitree_g1_description/meshes/left_wrist_pitch_link_5010.STL\n'}
[0.486309] (unitree_g1_description) StdoutLine: {'line': b'-- Up-to-date symlink: /home/sam/g1_humble_ws/install/unitree_g1_description/share/unitree_g1_description/meshes/left_wrist_roll_link.STL\n'}
[0.486669] (unitree_g1_description) StdoutLine: {'line': b'-- Up-to-date symlink: /home/sam/g1_humble_ws/install/unitree_g1_description/share/unitree_g1_description/meshes/left_wrist_roll_link_5010.STL\n'}
[0.487034] (unitree_g1_description) StdoutLine: {'line': b'-- Up-to-date symlink: /home/sam/g1_humble_ws/install/unitree_g1_description/share/unitree_g1_description/meshes/left_wrist_roll_rubber_hand.STL\n'}
[0.487123] (unitree_g1_description) StdoutLine: {'line': b'-- Up-to-date symlink: /home/sam/g1_humble_ws/install/unitree_g1_description/share/unitree_g1_description/meshes/left_wrist_yaw_link.STL\n'}
[0.487472] (unitree_g1_description) StdoutLine: {'line': b'-- Up-to-date symlink: /home/sam/g1_humble_ws/install/unitree_g1_description/share/unitree_g1_description/meshes/left_wrist_yaw_link_5010.STL\n'}
[0.487591] (unitree_g1_description) StdoutLine: {'line': b'-- Up-to-date symlink: /home/sam/g1_humble_ws/install/unitree_g1_description/share/unitree_g1_description/meshes/logo_link.STL\n'}
[0.487872] (unitree_g1_description) StdoutLine: {'line': b'-- Up-to-date symlink: /home/sam/g1_humble_ws/install/unitree_g1_description/share/unitree_g1_description/meshes/pelvis.STL\n'}
[0.488244] (unitree_g1_description) StdoutLine: {'line': b'-- Up-to-date symlink: /home/sam/g1_humble_ws/install/unitree_g1_description/share/unitree_g1_description/meshes/pelvis_contour_link.STL\n'}
[0.488380] (unitree_g1_description) StdoutLine: {'line': b'-- Up-to-date symlink: /home/sam/g1_humble_ws/install/unitree_g1_description/share/unitree_g1_description/meshes/right_ankle_pitch_link.STL\n'}
[0.488499] (unitree_g1_description) StdoutLine: {'line': b'-- Up-to-date symlink: /home/sam/g1_humble_ws/install/unitree_g1_description/share/unitree_g1_description/meshes/right_ankle_roll_link.STL\n'}
[0.488591] (unitree_g1_description) StdoutLine: {'line': b'-- Up-to-date symlink: /home/sam/g1_humble_ws/install/unitree_g1_description/share/unitree_g1_description/meshes/right_base_link.STL\n'}
[0.488829] (unitree_g1_description) StdoutLine: {'line': b'-- Up-to-date symlink: /home/sam/g1_humble_ws/install/unitree_g1_description/share/unitree_g1_description/meshes/right_elbow_link.STL\n'}
[0.489207] (unitree_g1_description) StdoutLine: {'line': b'-- Up-to-date symlink: /home/sam/g1_humble_ws/install/unitree_g1_description/share/unitree_g1_description/meshes/right_hand_index_0_link.STL\n'}
[0.489293] (unitree_g1_description) StdoutLine: {'line': b'-- Up-to-date symlink: /home/sam/g1_humble_ws/install/unitree_g1_description/share/unitree_g1_description/meshes/right_hand_index_1_link.STL\n'}
[0.489374] (unitree_g1_description) StdoutLine: {'line': b'-- Up-to-date symlink: /home/sam/g1_humble_ws/install/unitree_g1_description/share/unitree_g1_description/meshes/right_hand_middle_0_link.STL\n'}
[0.489778] (unitree_g1_description) StdoutLine: {'line': b'-- Up-to-date symlink: /home/sam/g1_humble_ws/install/unitree_g1_description/share/unitree_g1_description/meshes/right_hand_middle_1_link.STL\n'}
[0.489977] (unitree_g1_description) StdoutLine: {'line': b'-- Up-to-date symlink: /home/sam/g1_humble_ws/install/unitree_g1_description/share/unitree_g1_description/meshes/right_hand_palm_link.STL\n'}
[0.490182] (unitree_g1_description) StdoutLine: {'line': b'-- Up-to-date symlink: /home/sam/g1_humble_ws/install/unitree_g1_description/share/unitree_g1_description/meshes/right_hand_thumb_0_link.STL\n'}
[0.490426] (unitree_g1_description) StdoutLine: {'line': b'-- Up-to-date symlink: /home/sam/g1_humble_ws/install/unitree_g1_description/share/unitree_g1_description/meshes/right_hand_thumb_1_link.STL\n'}
[0.490771] (unitree_g1_description) StdoutLine: {'line': b'-- Up-to-date symlink: /home/sam/g1_humble_ws/install/unitree_g1_description/share/unitree_g1_description/meshes/right_hand_thumb_2_link.STL\n'}
[0.491243] (unitree_g1_description) StdoutLine: {'line': b'-- Up-to-date symlink: /home/sam/g1_humble_ws/install/unitree_g1_description/share/unitree_g1_description/meshes/right_hip_pitch_link.STL\n'}
[0.491464] (unitree_g1_description) StdoutLine: {'line': b'-- Up-to-date symlink: /home/sam/g1_humble_ws/install/unitree_g1_description/share/unitree_g1_description/meshes/right_hip_roll_link.STL\n'}
[0.491694] (unitree_g1_description) StdoutLine: {'line': b'-- Up-to-date symlink: /home/sam/g1_humble_ws/install/unitree_g1_description/share/unitree_g1_description/meshes/right_hip_yaw_link.STL\n'}
[0.492176] (unitree_g1_description) StdoutLine: {'line': b'-- Up-to-date symlink: /home/sam/g1_humble_ws/install/unitree_g1_description/share/unitree_g1_description/meshes/right_index_1.STL\n'}
[0.492481] (unitree_g1_description) StdoutLine: {'line': b'-- Up-to-date symlink: /home/sam/g1_humble_ws/install/unitree_g1_description/share/unitree_g1_description/meshes/right_index_2.STL\n'}
[0.492536] (unitree_g1_description) StdoutLine: {'line': b'-- Up-to-date symlink: /home/sam/g1_humble_ws/install/unitree_g1_description/share/unitree_g1_description/meshes/right_index_force_sensor_1.STL\n'}
[0.492566] (unitree_g1_description) StdoutLine: {'line': b'-- Up-to-date symlink: /home/sam/g1_humble_ws/install/unitree_g1_description/share/unitree_g1_description/meshes/right_index_force_sensor_2.STL\n'}
[0.492671] (unitree_g1_description) StdoutLine: {'line': b'-- Up-to-date symlink: /home/sam/g1_humble_ws/install/unitree_g1_description/share/unitree_g1_description/meshes/right_index_force_sensor_3.STL\n'}
[0.492712] (unitree_g1_description) StdoutLine: {'line': b'-- Up-to-date symlink: /home/sam/g1_humble_ws/install/unitree_g1_description/share/unitree_g1_description/meshes/right_knee_link.STL\n'}
[0.492741] (unitree_g1_description) StdoutLine: {'line': b'-- Up-to-date symlink: /home/sam/g1_humble_ws/install/unitree_g1_description/share/unitree_g1_description/meshes/right_little_1.STL\n'}
[0.492767] (unitree_g1_description) StdoutLine: {'line': b'-- Up-to-date symlink: /home/sam/g1_humble_ws/install/unitree_g1_description/share/unitree_g1_description/meshes/right_little_2.STL\n'}
[0.492793] (unitree_g1_description) StdoutLine: {'line': b'-- Up-to-date symlink: /home/sam/g1_humble_ws/install/unitree_g1_description/share/unitree_g1_description/meshes/right_little_force_sensor_1.STL\n'}
[0.492819] (unitree_g1_description) StdoutLine: {'line': b'-- Up-to-date symlink: /home/sam/g1_humble_ws/install/unitree_g1_description/share/unitree_g1_description/meshes/right_little_force_sensor_2.STL\n'}
[0.492913] (unitree_g1_description) StdoutLine: {'line': b'-- Up-to-date symlink: /home/sam/g1_humble_ws/install/unitree_g1_description/share/unitree_g1_description/meshes/right_little_force_sensor_3.STL\n'}
[0.492956] (unitree_g1_description) StdoutLine: {'line': b'-- Up-to-date symlink: /home/sam/g1_humble_ws/install/unitree_g1_description/share/unitree_g1_description/meshes/right_middle_1.STL\n'}
[0.492985] (unitree_g1_description) StdoutLine: {'line': b'-- Up-to-date symlink: /home/sam/g1_humble_ws/install/unitree_g1_description/share/unitree_g1_description/meshes/right_middle_2.STL\n'}
[0.493011] (unitree_g1_description) StdoutLine: {'line': b'-- Up-to-date symlink: /home/sam/g1_humble_ws/install/unitree_g1_description/share/unitree_g1_description/meshes/right_middle_force_sensor_1.STL\n'}
[0.493037] (unitree_g1_description) StdoutLine: {'line': b'-- Up-to-date symlink: /home/sam/g1_humble_ws/install/unitree_g1_description/share/unitree_g1_description/meshes/right_middle_force_sensor_2.STL\n'}
[0.493065] (unitree_g1_description) StdoutLine: {'line': b'-- Up-to-date symlink: /home/sam/g1_humble_ws/install/unitree_g1_description/share/unitree_g1_description/meshes/right_middle_force_sensor_3.STL\n'}
[0.493093] (unitree_g1_description) StdoutLine: {'line': b'-- Up-to-date symlink: /home/sam/g1_humble_ws/install/unitree_g1_description/share/unitree_g1_description/meshes/right_palm_force_sensor.STL\n'}
[0.493121] (unitree_g1_description) StdoutLine: {'line': b'-- Up-to-date symlink: /home/sam/g1_humble_ws/install/unitree_g1_description/share/unitree_g1_description/meshes/right_ring_1.STL\n'}
[0.493154] (unitree_g1_description) StdoutLine: {'line': b'-- Up-to-date symlink: /home/sam/g1_humble_ws/install/unitree_g1_description/share/unitree_g1_description/meshes/right_ring_2.STL\n'}
[0.493399] (unitree_g1_description) StdoutLine: {'line': b'-- Up-to-date symlink: /home/sam/g1_humble_ws/install/unitree_g1_description/share/unitree_g1_description/meshes/right_ring_force_sensor_1.STL\n'}
[0.493653] (unitree_g1_description) StdoutLine: {'line': b'-- Up-to-date symlink: /home/sam/g1_humble_ws/install/unitree_g1_description/share/unitree_g1_description/meshes/right_ring_force_sensor_2.STL\n'}
[0.493810] (unitree_g1_description) StdoutLine: {'line': b'-- Up-to-date symlink: /home/sam/g1_humble_ws/install/unitree_g1_description/share/unitree_g1_description/meshes/right_ring_force_sensor_3.STL\n'}
[0.493933] (unitree_g1_description) StdoutLine: {'line': b'-- Up-to-date symlink: /home/sam/g1_humble_ws/install/unitree_g1_description/share/unitree_g1_description/meshes/right_rubber_hand.STL\n'}
[0.494212] (unitree_g1_description) StdoutLine: {'line': b'-- Up-to-date symlink: /home/sam/g1_humble_ws/install/unitree_g1_description/share/unitree_g1_description/meshes/right_shoulder_pitch_link.STL\n'}
[0.494307] (unitree_g1_description) StdoutLine: {'line': b'-- Up-to-date symlink: /home/sam/g1_humble_ws/install/unitree_g1_description/share/unitree_g1_description/meshes/right_shoulder_roll_link.STL\n'}
[0.494460] (unitree_g1_description) StdoutLine: {'line': b'-- Up-to-date symlink: /home/sam/g1_humble_ws/install/unitree_g1_description/share/unitree_g1_description/meshes/right_shoulder_yaw_link.STL\n'}
[0.494627] (unitree_g1_description) StdoutLine: {'line': b'-- Up-to-date symlink: /home/sam/g1_humble_ws/install/unitree_g1_description/share/unitree_g1_description/meshes/right_thumb_1.STL\n'}
[0.494746] (unitree_g1_description) StdoutLine: {'line': b'-- Up-to-date symlink: /home/sam/g1_humble_ws/install/unitree_g1_description/share/unitree_g1_description/meshes/right_thumb_2.STL\n'}
[0.494895] (unitree_g1_description) StdoutLine: {'line': b'-- Up-to-date symlink: /home/sam/g1_humble_ws/install/unitree_g1_description/share/unitree_g1_description/meshes/right_thumb_3.STL\n'}
[0.495030] (unitree_g1_description) StdoutLine: {'line': b'-- Up-to-date symlink: /home/sam/g1_humble_ws/install/unitree_g1_description/share/unitree_g1_description/meshes/right_thumb_4.STL\n'}
[0.495154] (unitree_g1_description) StdoutLine: {'line': b'-- Up-to-date symlink: /home/sam/g1_humble_ws/install/unitree_g1_description/share/unitree_g1_description/meshes/right_thumb_force_sensor_1.STL\n'}
[0.495370] (unitree_g1_description) StdoutLine: {'line': b'-- Up-to-date symlink: /home/sam/g1_humble_ws/install/unitree_g1_description/share/unitree_g1_description/meshes/right_thumb_force_sensor_2.STL\n'}
[0.495615] (unitree_g1_description) StdoutLine: {'line': b'-- Up-to-date symlink: /home/sam/g1_humble_ws/install/unitree_g1_description/share/unitree_g1_description/meshes/right_thumb_force_sensor_3.STL\n'}
[0.495675] (unitree_g1_description) StdoutLine: {'line': b'-- Up-to-date symlink: /home/sam/g1_humble_ws/install/unitree_g1_description/share/unitree_g1_description/meshes/right_thumb_force_sensor_4.STL\n'}
[0.495731] (unitree_g1_description) StdoutLine: {'line': b'-- Up-to-date symlink: /home/sam/g1_humble_ws/install/unitree_g1_description/share/unitree_g1_description/meshes/right_wrist_pitch_link.STL\n'}
[0.496021] (unitree_g1_description) StdoutLine: {'line': b'-- Up-to-date symlink: /home/sam/g1_humble_ws/install/unitree_g1_description/share/unitree_g1_description/meshes/right_wrist_pitch_link_5010.STL\n'}
[0.496082] (unitree_g1_description) StdoutLine: {'line': b'-- Up-to-date symlink: /home/sam/g1_humble_ws/install/unitree_g1_description/share/unitree_g1_description/meshes/right_wrist_roll_link.STL\n'}
[0.496123] (unitree_g1_description) StdoutLine: {'line': b'-- Up-to-date symlink: /home/sam/g1_humble_ws/install/unitree_g1_description/share/unitree_g1_description/meshes/right_wrist_roll_link_5010.STL\n'}
[0.496163] (unitree_g1_description) StdoutLine: {'line': b'-- Up-to-date symlink: /home/sam/g1_humble_ws/install/unitree_g1_description/share/unitree_g1_description/meshes/right_wrist_roll_rubber_hand.STL\n'}
[0.496215] (unitree_g1_description) StdoutLine: {'line': b'-- Up-to-date symlink: /home/sam/g1_humble_ws/install/unitree_g1_description/share/unitree_g1_description/meshes/right_wrist_yaw_link.STL\n'}
[0.496260] (unitree_g1_description) StdoutLine: {'line': b'-- Up-to-date symlink: /home/sam/g1_humble_ws/install/unitree_g1_description/share/unitree_g1_description/meshes/right_wrist_yaw_link_5010.STL\n'}
[0.496299] (unitree_g1_description) StdoutLine: {'line': b'-- Up-to-date symlink: /home/sam/g1_humble_ws/install/unitree_g1_description/share/unitree_g1_description/meshes/torso_constraint_L_link.STL\n'}
[0.496338] (unitree_g1_description) StdoutLine: {'line': b'-- Up-to-date symlink: /home/sam/g1_humble_ws/install/unitree_g1_description/share/unitree_g1_description/meshes/torso_constraint_L_rod_link.STL\n'}
[0.496377] (unitree_g1_description) StdoutLine: {'line': b'-- Up-to-date symlink: /home/sam/g1_humble_ws/install/unitree_g1_description/share/unitree_g1_description/meshes/torso_constraint_R_link.STL\n'}
[0.496417] (unitree_g1_description) StdoutLine: {'line': b'-- Up-to-date symlink: /home/sam/g1_humble_ws/install/unitree_g1_description/share/unitree_g1_description/meshes/torso_constraint_R_rod_link.STL\n'}
[0.496454] (unitree_g1_description) StdoutLine: {'line': b'-- Up-to-date symlink: /home/sam/g1_humble_ws/install/unitree_g1_description/share/unitree_g1_description/meshes/torso_link.STL\n'}
[0.496496] (unitree_g1_description) StdoutLine: {'line': b'-- Up-to-date symlink: /home/sam/g1_humble_ws/install/unitree_g1_description/share/unitree_g1_description/meshes/torso_link_23dof_rev_1_0.STL\n'}
[0.496533] (unitree_g1_description) StdoutLine: {'line': b'-- Up-to-date symlink: /home/sam/g1_humble_ws/install/unitree_g1_description/share/unitree_g1_description/meshes/torso_link_rev_1_0.STL\n'}
[0.496569] (unitree_g1_description) StdoutLine: {'line': b'-- Up-to-date symlink: /home/sam/g1_humble_ws/install/unitree_g1_description/share/unitree_g1_description/meshes/waist_constraint_L.STL\n'}
[0.496607] (unitree_g1_description) StdoutLine: {'line': b'-- Up-to-date symlink: /home/sam/g1_humble_ws/install/unitree_g1_description/share/unitree_g1_description/meshes/waist_constraint_R.STL\n'}
[0.496645] (unitree_g1_description) StdoutLine: {'line': b'-- Up-to-date symlink: /home/sam/g1_humble_ws/install/unitree_g1_description/share/unitree_g1_description/meshes/waist_roll_link.STL\n'}
[0.496683] (unitree_g1_description) StdoutLine: {'line': b'-- Up-to-date symlink: /home/sam/g1_humble_ws/install/unitree_g1_description/share/unitree_g1_description/meshes/waist_roll_link_rev_1_0.STL\n'}
[0.496722] (unitree_g1_description) StdoutLine: {'line': b'-- Up-to-date symlink: /home/sam/g1_humble_ws/install/unitree_g1_description/share/unitree_g1_description/meshes/waist_support_link.STL\n'}
[0.496760] (unitree_g1_description) StdoutLine: {'line': b'-- Up-to-date symlink: /home/sam/g1_humble_ws/install/unitree_g1_description/share/unitree_g1_description/meshes/waist_yaw_link.STL\n'}
[0.496796] (unitree_g1_description) StdoutLine: {'line': b'-- Up-to-date symlink: /home/sam/g1_humble_ws/install/unitree_g1_description/share/unitree_g1_description/meshes/waist_yaw_link_rev_1_0.STL\n'}
[0.496833] (unitree_g1_description) StdoutLine: {'line': b'-- Up-to-date symlink: /home/sam/g1_humble_ws/install/unitree_g1_description/share/unitree_g1_description/meshes/xl330_link.STL\n'}
[0.496870] (unitree_g1_description) StdoutLine: {'line': b'-- Up-to-date symlink: /home/sam/g1_humble_ws/install/unitree_g1_description/share/unitree_g1_description/images/g1_23dof.png\n'}
[0.496908] (unitree_g1_description) StdoutLine: {'line': b'-- Up-to-date symlink: /home/sam/g1_humble_ws/install/unitree_g1_description/share/unitree_g1_description/images/g1_29dof.png\n'}
[0.496945] (unitree_g1_description) StdoutLine: {'line': b'-- Up-to-date symlink: /home/sam/g1_humble_ws/install/unitree_g1_description/share/unitree_g1_description/images/g1_29dof_with_hand.png\n'}
[0.496985] (unitree_g1_description) StdoutLine: {'line': b'-- Up-to-date symlink: /home/sam/g1_humble_ws/install/unitree_g1_description/share/unitree_g1_description/images/g1_dual_arm.png\n'}
[0.497023] (unitree_g1_description) StdoutLine: {'line': b'-- Up-to-date symlink: /home/sam/g1_humble_ws/install/unitree_g1_description/share/unitree_g1_description/inspire_hand/DFQ_left_hand.urdf\n'}
[0.497065] (unitree_g1_description) StdoutLine: {'line': b'-- Up-to-date symlink: /home/sam/g1_humble_ws/install/unitree_g1_description/share/unitree_g1_description/inspire_hand/DFQ_right_hand.urdf\n'}
[0.497104] (unitree_g1_description) StdoutLine: {'line': b'-- Up-to-date symlink: /home/sam/g1_humble_ws/install/unitree_g1_description/share/unitree_g1_description/inspire_hand/FTP_left_hand.urdf\n'}
[0.497143] (unitree_g1_description) StdoutLine: {'line': b'-- Up-to-date symlink: /home/sam/g1_humble_ws/install/unitree_g1_description/share/unitree_g1_description/inspire_hand/FTP_right_hand.urdf\n'}
[0.497185] (unitree_g1_description) StdoutLine: {'line': b'-- Up-to-date symlink: /home/sam/g1_humble_ws/install/unitree_g1_description/share/unitree_g1_description/inspire_hand/config.yaml\n'}
[0.497225] (unitree_g1_description) StdoutLine: {'line': b'-- Up-to-date symlink: /home/sam/g1_humble_ws/install/unitree_g1_description/share/unitree_g1_description/config/g1_controllers.yaml\n'}
[0.497264] (unitree_g1_description) StdoutLine: {'line': b'-- Up-to-date symlink: /home/sam/g1_humble_ws/install/unitree_g1_description/share/unitree_g1_description/launch/__pycache__/spawn_gazebo.launch.cpython-310.pyc\n'}
[0.497307] (unitree_g1_description) StdoutLine: {'line': b'-- Up-to-date symlink: /home/sam/g1_humble_ws/install/unitree_g1_description/share/unitree_g1_description/launch/display.launch.py\n'}
[0.497349] (unitree_g1_description) StdoutLine: {'line': b'-- Up-to-date symlink: /home/sam/g1_humble_ws/install/unitree_g1_description/share/unitree_g1_description/launch/spawn_gazebo.launch.py\n'}
[0.497386] (unitree_g1_description) StdoutLine: {'line': b'-- Up-to-date symlink: /home/sam/g1_humble_ws/install/unitree_g1_description/share/unitree_g1_description/launch/spawn_with_controllers.launch.py\n'}
[0.497429] (unitree_g1_description) StdoutLine: {'line': b'-- Up-to-date symlink: /home/sam/g1_humble_ws/install/unitree_g1_description/lib/unitree_g1_description/send_standing_pose.py\n'}
[0.497468] (unitree_g1_description) StdoutLine: {'line': b'-- Up-to-date symlink: /home/sam/g1_humble_ws/install/unitree_g1_description/share/ament_index/resource_index/package_run_dependencies/unitree_g1_description\n'}
[0.497507] (unitree_g1_description) StdoutLine: {'line': b'-- Up-to-date symlink: /home/sam/g1_humble_ws/install/unitree_g1_description/share/ament_index/resource_index/parent_prefix_path/unitree_g1_description\n'}
[0.497544] (unitree_g1_description) StdoutLine: {'line': b'-- Up-to-date symlink: /home/sam/g1_humble_ws/install/unitree_g1_description/share/unitree_g1_description/environment/ament_prefix_path.sh\n'}
[0.497584] (unitree_g1_description) StdoutLine: {'line': b'-- Up-to-date symlink: /home/sam/g1_humble_ws/install/unitree_g1_description/share/unitree_g1_description/environment/ament_prefix_path.dsv\n'}
[0.497624] (unitree_g1_description) StdoutLine: {'line': b'-- Up-to-date symlink: /home/sam/g1_humble_ws/install/unitree_g1_description/share/unitree_g1_description/environment/path.sh\n'}
[0.497683] (unitree_g1_description) StdoutLine: {'line': b'-- Up-to-date symlink: /home/sam/g1_humble_ws/install/unitree_g1_description/share/unitree_g1_description/environment/path.dsv\n'}
[0.497741] (unitree_g1_description) StdoutLine: {'line': b'-- Up-to-date symlink: /home/sam/g1_humble_ws/install/unitree_g1_description/share/unitree_g1_description/local_setup.bash\n'}
[0.497785] (unitree_g1_description) StdoutLine: {'line': b'-- Up-to-date symlink: /home/sam/g1_humble_ws/install/unitree_g1_description/share/unitree_g1_description/local_setup.sh\n'}
[0.497831] (unitree_g1_description) StdoutLine: {'line': b'-- Up-to-date symlink: /home/sam/g1_humble_ws/install/unitree_g1_description/share/unitree_g1_description/local_setup.zsh\n'}
[0.497880] (unitree_g1_description) StdoutLine: {'line': b'-- Up-to-date symlink: /home/sam/g1_humble_ws/install/unitree_g1_description/share/unitree_g1_description/local_setup.dsv\n'}
[0.497923] (unitree_g1_description) StdoutLine: {'line': b'-- Symlinking: /home/sam/g1_humble_ws/install/unitree_g1_description/share/unitree_g1_description/package.dsv\n'}
[0.501095] (-) TimerEvent: {}
[0.509330] (unitree_g1_description) StdoutLine: {'line': b'-- Up-to-date symlink: /home/sam/g1_humble_ws/install/unitree_g1_description/share/ament_index/resource_index/packages/unitree_g1_description\n'}
[0.510117] (unitree_g1_description) StdoutLine: {'line': b'-- Up-to-date symlink: /home/sam/g1_humble_ws/install/unitree_g1_description/share/unitree_g1_description/cmake/unitree_g1_descriptionConfig.cmake\n'}
[0.510258] (unitree_g1_description) StdoutLine: {'line': b'-- Up-to-date symlink: /home/sam/g1_humble_ws/install/unitree_g1_description/share/unitree_g1_description/cmake/unitree_g1_descriptionConfig-version.cmake\n'}
[0.510292] (unitree_g1_description) StdoutLine: {'line': b'-- Up-to-date symlink: /home/sam/g1_humble_ws/install/unitree_g1_description/share/unitree_g1_description/package.xml\n'}
[0.514161] (unitree_g1_description) CommandEnded: {'returncode': 0}
[0.558263] (unitree_g1_description) JobEnded: {'identifier': 'unitree_g1_description', 'rc': 0}
[0.560162] (-) EventReactorShutdown: {}
