[0.000000] (-) TimerEvent: {}
[0.000759] (unitree_g1_description) JobQueued: {'identifier': 'unitree_g1_description', 'dependencies': OrderedDict()}
[0.000913] (unitree_g1_description) JobStarted: {'identifier': 'unitree_g1_description'}
[0.010143] (unitree_g1_description) JobProgress: {'identifier': 'unitree_g1_description', 'progress': 'cmake'}
[0.014251] (unitree_g1_description) JobProgress: {'identifier': 'unitree_g1_description', 'progress': 'build'}
[0.014880] (unitree_g1_description) Command: {'cmd': ['/usr/bin/cmake', '--build', '/home/sam/g1_humble_ws/build/unitree_g1_description', '--', '-j12', '-l12'], 'cwd': '/home/sam/g1_humble_ws/build/unitree_g1_description', 'env': OrderedDict([('USER', 'sam'), ('SHLVL', '0'), ('LD_LIBRARY_PATH', '/usr/lib/x86_64-linux-gnu/gazebo-11/plugins:/opt/ros/humble/opt/rviz_ogre_vendor/lib:/opt/ros/humble/lib/x86_64-linux-gnu:/opt/ros/humble/lib'), ('HOME', '/home/sam'), ('OLDPWD', '/home/sam/g1_humble_ws'), ('DBUS_SESSION_BUS_ADDRESS', 'unix:path=/run/user/1000/bus'), ('WSL_DISTRO_NAME', 'Ubuntu-22.04'), ('WAYLAND_DISPLAY', 'wayland-0'), ('LOGNAME', 'sam'), ('NAME', 'LIBL-GZTMKY3'), ('WSL_INTEROP', '/run/WSL/197217_interop'), ('PULSE_SERVER', 'unix:/mnt/wslg/PulseServer'), ('_', '/usr/bin/colcon'), ('TERM', 'xterm-256color'), ('PATH', '/opt/ros/humble/bin:/usr/local/sbin:/usr/local/bin:/usr/sbin:/usr/bin:/sbin:/bin:/usr/games:/usr/local/games:/usr/lib/wsl/lib:/mnt/c/Windows/system32:/mnt/c/Windows:/mnt/c/Windows/System32/Wbem:/mnt/c/Windows/System32/WindowsPowerShell/v1.0/:/mnt/c/Windows/System32/OpenSSH/:/mnt/c/Program Files/cursor/resources/app/bin:/mnt/c/Users/sbatra/AppData/Local/Programs/Python/Python312/Scripts/:/mnt/c/Users/sbatra/AppData/Local/Programs/Python/Python312/:/mnt/c/Users/sbatra/AppData/Local/Programs/Python/Launcher/:/mnt/c/Users/sbatra/AppData/Local/Microsoft/WindowsApps:/mnt/c/Users/sbatra/AppData/Local/Programs/Microsoft VS Code/bin'), ('XDG_RUNTIME_DIR', '/run/user/1000/'), ('DISPLAY', ':0'), ('LANG', 'C.UTF-8'), ('AMENT_PREFIX_PATH', '/opt/ros/humble'), ('SHELL', '/bin/bash'), ('PWD', '/home/sam/g1_humble_ws/build/unitree_g1_description'), ('PYTHONPATH', '/opt/ros/humble/lib/python3.10/site-packages:/opt/ros/humble/local/lib/python3.10/dist-packages'), ('COLCON', '1'), ('WSL2_GUI_APPS_ENABLED', '1'), ('HOSTTYPE', 'x86_64'), ('WSLENV', ''), ('CMAKE_PREFIX_PATH', '/opt/ros/humble')]), 'shell': False}
[0.093392] (unitree_g1_description) CommandEnded: {'returncode': 0}
[0.095023] (unitree_g1_description) JobProgress: {'identifier': 'unitree_g1_description', 'progress': 'install'}
[0.098348] (-) TimerEvent: {}
[0.112846] (unitree_g1_description) Command: {'cmd': ['/usr/bin/cmake', '--install', '/home/sam/g1_humble_ws/build/unitree_g1_description'], 'cwd': '/home/sam/g1_humble_ws/build/unitree_g1_description', 'env': OrderedDict([('USER', 'sam'), ('SHLVL', '0'), ('LD_LIBRARY_PATH', '/usr/lib/x86_64-linux-gnu/gazebo-11/plugins:/opt/ros/humble/opt/rviz_ogre_vendor/lib:/opt/ros/humble/lib/x86_64-linux-gnu:/opt/ros/humble/lib'), ('HOME', '/home/sam'), ('OLDPWD', '/home/sam/g1_humble_ws'), ('DBUS_SESSION_BUS_ADDRESS', 'unix:path=/run/user/1000/bus'), ('WSL_DISTRO_NAME', 'Ubuntu-22.04'), ('WAYLAND_DISPLAY', 'wayland-0'), ('LOGNAME', 'sam'), ('NAME', 'LIBL-GZTMKY3'), ('WSL_INTEROP', '/run/WSL/197217_interop'), ('PULSE_SERVER', 'unix:/mnt/wslg/PulseServer'), ('_', '/usr/bin/colcon'), ('TERM', 'xterm-256color'), ('PATH', '/opt/ros/humble/bin:/usr/local/sbin:/usr/local/bin:/usr/sbin:/usr/bin:/sbin:/bin:/usr/games:/usr/local/games:/usr/lib/wsl/lib:/mnt/c/Windows/system32:/mnt/c/Windows:/mnt/c/Windows/System32/Wbem:/mnt/c/Windows/System32/WindowsPowerShell/v1.0/:/mnt/c/Windows/System32/OpenSSH/:/mnt/c/Program Files/cursor/resources/app/bin:/mnt/c/Users/sbatra/AppData/Local/Programs/Python/Python312/Scripts/:/mnt/c/Users/sbatra/AppData/Local/Programs/Python/Python312/:/mnt/c/Users/sbatra/AppData/Local/Programs/Python/Launcher/:/mnt/c/Users/sbatra/AppData/Local/Microsoft/WindowsApps:/mnt/c/Users/sbatra/AppData/Local/Programs/Microsoft VS Code/bin'), ('XDG_RUNTIME_DIR', '/run/user/1000/'), ('DISPLAY', ':0'), ('LANG', 'C.UTF-8'), ('AMENT_PREFIX_PATH', '/opt/ros/humble'), ('SHELL', '/bin/bash'), ('PWD', '/home/sam/g1_humble_ws/build/unitree_g1_description'), ('PYTHONPATH', '/opt/ros/humble/lib/python3.10/site-packages:/opt/ros/humble/local/lib/python3.10/dist-packages'), ('COLCON', '1'), ('WSL2_GUI_APPS_ENABLED', '1'), ('HOSTTYPE', 'x86_64'), ('WSLENV', ''), ('CMAKE_PREFIX_PATH', '/opt/ros/humble')]), 'shell': False}
[0.122487] (unitree_g1_description) StdoutLine: {'line': b'-- Install configuration: ""\n'}
[0.123145] (unitree_g1_description) StdoutLine: {'line': b'-- Execute custom install script\n'}
[0.123620] (unitree_g1_description) StdoutLine: {'line': b'-- Up-to-date symlink: /home/sam/g1_humble_ws/install/unitree_g1_description/share/unitree_g1_description/urdf/g1_23dof.urdf\n'}
[0.123896] (unitree_g1_description) StdoutLine: {'line': b'-- Up-to-date symlink: /home/sam/g1_humble_ws/install/unitree_g1_description/share/unitree_g1_description/urdf/g1_23dof.xml\n'}
[0.124507] (unitree_g1_description) StdoutLine: {'line': b'-- Up-to-date symlink: /home/sam/g1_humble_ws/install/unitree_g1_description/share/unitree_g1_description/urdf/g1_23dof_mode_10.urdf\n'}
[0.124658] (unitree_g1_description) StdoutLine: {'line': b'-- Up-to-date symlink: /home/sam/g1_humble_ws/install/unitree_g1_description/share/unitree_g1_description/urdf/g1_23dof_rev_1_0.urdf\n'}
[0.125211] (unitree_g1_description) StdoutLine: {'line': b'-- Up-to-date symlink: /home/sam/g1_humble_ws/install/unitree_g1_description/share/unitree_g1_description/urdf/g1_23dof_rev_1_0.xml\n'}
[0.125297] (unitree_g1_description) StdoutLine: {'line': b'-- Up-to-date symlink: /home/sam/g1_humble_ws/install/unitree_g1_description/share/unitree_g1_description/urdf/g1_29dof.urdf\n'}
[0.125343] (unitree_g1_description) StdoutLine: {'line': b'-- Up-to-date symlink: /home/sam/g1_humble_ws/install/unitree_g1_description/share/unitree_g1_description/urdf/g1_29dof.xml\n'}
[0.125782] (unitree_g1_description) StdoutLine: {'line': b'-- Up-to-date symlink: /home/sam/g1_humble_ws/install/unitree_g1_description/share/unitree_g1_description/urdf/g1_29dof_lock_waist.urdf\n'}
[0.125853] (unitree_g1_description) StdoutLine: {'line': b'-- Up-to-date symlink: /home/sam/g1_humble_ws/install/unitree_g1_description/share/unitree_g1_description/urdf/g1_29dof_lock_waist.xml\n'}
[0.125893] (unitree_g1_description) StdoutLine: {'line': b'-- Up-to-date symlink: /home/sam/g1_humble_ws/install/unitree_g1_description/share/unitree_g1_description/urdf/g1_29dof_lock_waist_rev_1_0.urdf\n'}
[0.125932] (unitree_g1_description) StdoutLine: {'line': b'-- Up-to-date symlink: /home/sam/g1_humble_ws/install/unitree_g1_description/share/unitree_g1_description/urdf/g1_29dof_lock_waist_rev_1_0.xml\n'}
[0.125968] (unitree_g1_description) StdoutLine: {'line': b'-- Up-to-date symlink: /home/sam/g1_humble_ws/install/unitree_g1_description/share/unitree_g1_description/urdf/g1_29dof_lock_waist_with_hand_rev_1_0.urdf\n'}
[0.126006] (unitree_g1_description) StdoutLine: {'line': b'-- Up-to-date symlink: /home/sam/g1_humble_ws/install/unitree_g1_description/share/unitree_g1_description/urdf/g1_29dof_lock_waist_with_hand_rev_1_0.xml\n'}
[0.126082] (unitree_g1_description) StdoutLine: {'line': b'-- Up-to-date symlink: /home/sam/g1_humble_ws/install/unitree_g1_description/share/unitree_g1_description/urdf/g1_29dof_mode_11.urdf\n'}
[0.126309] (unitree_g1_description) StdoutLine: {'line': b'-- Up-to-date symlink: /home/sam/g1_humble_ws/install/unitree_g1_description/share/unitree_g1_description/urdf/g1_29dof_mode_12.urdf\n'}
[0.126479] (unitree_g1_description) StdoutLine: {'line': b'-- Up-to-date symlink: /home/sam/g1_humble_ws/install/unitree_g1_description/share/unitree_g1_description/urdf/g1_29dof_mode_13.urdf\n'}
[0.126738] (unitree_g1_description) StdoutLine: {'line': b'-- Up-to-date symlink: /home/sam/g1_humble_ws/install/unitree_g1_description/share/unitree_g1_description/urdf/g1_29dof_mode_14.urdf\n'}
[0.126971] (unitree_g1_description) StdoutLine: {'line': b'-- Up-to-date symlink: /home/sam/g1_humble_ws/install/unitree_g1_description/share/unitree_g1_description/urdf/g1_29dof_mode_15.urdf\n'}
[0.127218] (unitree_g1_description) StdoutLine: {'line': b'-- Up-to-date symlink: /home/sam/g1_humble_ws/install/unitree_g1_description/share/unitree_g1_description/urdf/g1_29dof_mode_16.urdf\n'}
[0.127441] (unitree_g1_description) StdoutLine: {'line': b'-- Up-to-date symlink: /home/sam/g1_humble_ws/install/unitree_g1_description/share/unitree_g1_description/urdf/g1_29dof_rev_1_0.urdf\n'}
[0.127979] (unitree_g1_description) StdoutLine: {'line': b'-- Up-to-date symlink: /home/sam/g1_humble_ws/install/unitree_g1_description/share/unitree_g1_description/urdf/g1_29dof_rev_1_0.xml\n'}
[0.128052] (unitree_g1_description) StdoutLine: {'line': b'-- Up-to-date symlink: /home/sam/g1_humble_ws/install/unitree_g1_description/share/unitree_g1_description/urdf/g1_29dof_rev_1_0_with_inspire_hand_DFQ.urdf\n'}
[0.128095] (unitree_g1_description) StdoutLine: {'line': b'-- Up-to-date symlink: /home/sam/g1_humble_ws/install/unitree_g1_description/share/unitree_g1_description/urdf/g1_29dof_rev_1_0_with_inspire_hand_FTP.urdf\n'}
[0.128134] (unitree_g1_description) StdoutLine: {'line': b'-- Up-to-date symlink: /home/sam/g1_humble_ws/install/unitree_g1_description/share/unitree_g1_description/urdf/g1_29dof_with_hand.urdf\n'}
[0.128183] (unitree_g1_description) StdoutLine: {'line': b'-- Up-to-date symlink: /home/sam/g1_humble_ws/install/unitree_g1_description/share/unitree_g1_description/urdf/g1_29dof_with_hand.xml\n'}
[0.128221] (unitree_g1_description) StdoutLine: {'line': b'-- Up-to-date symlink: /home/sam/g1_humble_ws/install/unitree_g1_description/share/unitree_g1_description/urdf/g1_29dof_with_hand_rev_1_0.urdf\n'}
[0.128257] (unitree_g1_description) StdoutLine: {'line': b'-- Up-to-date symlink: /home/sam/g1_humble_ws/install/unitree_g1_description/share/unitree_g1_description/urdf/g1_29dof_with_hand_rev_1_0.xml\n'}
[0.128291] (unitree_g1_description) StdoutLine: {'line': b'-- Up-to-date symlink: /home/sam/g1_humble_ws/install/unitree_g1_description/share/unitree_g1_description/urdf/g1_comp.urdf\n'}
[0.128326] (unitree_g1_description) StdoutLine: {'line': b'-- Up-to-date symlink: /home/sam/g1_humble_ws/install/unitree_g1_description/share/unitree_g1_description/urdf/g1_dual_arm.urdf\n'}
[0.128360] (unitree_g1_description) StdoutLine: {'line': b'-- Up-to-date symlink: /home/sam/g1_humble_ws/install/unitree_g1_description/share/unitree_g1_description/urdf/g1_dual_arm.xml\n'}
[0.129760] (unitree_g1_description) StdoutLine: {'line': b'-- Up-to-date symlink: /home/sam/g1_humble_ws/install/unitree_g1_description/share/unitree_g1_description/meshes/L_hand_base_link.STL\n'}
[0.130181] (unitree_g1_description) StdoutLine: {'line': b'-- Up-to-date symlink: /home/sam/g1_humble_ws/install/unitree_g1_description/share/unitree_g1_description/meshes/Link11_L.STL\n'}
[0.130302] (unitree_g1_description) StdoutLine: {'line': b'-- Up-to-date symlink: /home/sam/g1_humble_ws/install/unitree_g1_description/share/unitree_g1_description/meshes/Link11_R.STL\n'}
[0.130973] (unitree_g1_description) StdoutLine: {'line': b'-- Up-to-date symlink: /home/sam/g1_humble_ws/install/unitree_g1_description/share/unitree_g1_description/meshes/Link12_L.STL\n'}
[0.131248] (unitree_g1_description) StdoutLine: {'line': b'-- Up-to-date symlink: /home/sam/g1_humble_ws/install/unitree_g1_description/share/unitree_g1_description/meshes/Link12_R.STL\n'}
[0.131515] (unitree_g1_description) StdoutLine: {'line': b'-- Up-to-date symlink: /home/sam/g1_humble_ws/install/unitree_g1_description/share/unitree_g1_description/meshes/Link13_L.STL\n'}
[0.131888] (unitree_g1_description) StdoutLine: {'line': b'-- Up-to-date symlink: /home/sam/g1_humble_ws/install/unitree_g1_description/share/unitree_g1_description/meshes/Link13_R.STL\n'}
[0.132261] (unitree_g1_description) StdoutLine: {'line': b'-- Up-to-date symlink: /home/sam/g1_humble_ws/install/unitree_g1_description/share/unitree_g1_description/meshes/Link14_L.STL\n'}
[0.132667] (unitree_g1_description) StdoutLine: {'line': b'-- Up-to-date symlink: /home/sam/g1_humble_ws/install/unitree_g1_description/share/unitree_g1_description/meshes/Link14_R.STL\n'}
[0.133619] (unitree_g1_description) StdoutLine: {'line': b'-- Up-to-date symlink: /home/sam/g1_humble_ws/install/unitree_g1_description/share/unitree_g1_description/meshes/Link15_L.STL\n'}
[0.134022] (unitree_g1_description) StdoutLine: {'line': b'-- Up-to-date symlink: /home/sam/g1_humble_ws/install/unitree_g1_description/share/unitree_g1_description/meshes/Link15_R.STL\n'}
[0.134357] (unitree_g1_description) StdoutLine: {'line': b'-- Up-to-date symlink: /home/sam/g1_humble_ws/install/unitree_g1_description/share/unitree_g1_description/meshes/Link16_L.STL\n'}
[0.134684] (unitree_g1_description) StdoutLine: {'line': b'-- Up-to-date symlink: /home/sam/g1_humble_ws/install/unitree_g1_description/share/unitree_g1_description/meshes/Link16_R.STL\n'}
[0.135312] (unitree_g1_description) StdoutLine: {'line': b'-- Up-to-date symlink: /home/sam/g1_humble_ws/install/unitree_g1_description/share/unitree_g1_description/meshes/Link17_L.STL\n'}
[0.135651] (unitree_g1_description) StdoutLine: {'line': b'-- Up-to-date symlink: /home/sam/g1_humble_ws/install/unitree_g1_description/share/unitree_g1_description/meshes/Link17_R.STL\n'}
[0.135982] (unitree_g1_description) StdoutLine: {'line': b'-- Up-to-date symlink: /home/sam/g1_humble_ws/install/unitree_g1_description/share/unitree_g1_description/meshes/Link18_L.STL\n'}
[0.136310] (unitree_g1_description) StdoutLine: {'line': b'-- Up-to-date symlink: /home/sam/g1_humble_ws/install/unitree_g1_description/share/unitree_g1_description/meshes/Link18_R.STL\n'}
[0.136635] (unitree_g1_description) StdoutLine: {'line': b'-- Up-to-date symlink: /home/sam/g1_humble_ws/install/unitree_g1_description/share/unitree_g1_description/meshes/Link19_L.STL\n'}
[0.136996] (unitree_g1_description) StdoutLine: {'line': b'-- Up-to-date symlink: /home/sam/g1_humble_ws/install/unitree_g1_description/share/unitree_g1_description/meshes/Link19_R.STL\n'}
[0.137323] (unitree_g1_description) StdoutLine: {'line': b'-- Up-to-date symlink: /home/sam/g1_humble_ws/install/unitree_g1_description/share/unitree_g1_description/meshes/Link20_L.STL\n'}
[0.137865] (unitree_g1_description) StdoutLine: {'line': b'-- Up-to-date symlink: /home/sam/g1_humble_ws/install/unitree_g1_description/share/unitree_g1_description/meshes/Link20_R.STL\n'}
[0.137974] (unitree_g1_description) StdoutLine: {'line': b'-- Up-to-date symlink: /home/sam/g1_humble_ws/install/unitree_g1_description/share/unitree_g1_description/meshes/Link21_L.STL\n'}
[0.138054] (unitree_g1_description) StdoutLine: {'line': b'-- Up-to-date symlink: /home/sam/g1_humble_ws/install/unitree_g1_description/share/unitree_g1_description/meshes/Link21_R.STL\n'}
[0.138147] (unitree_g1_description) StdoutLine: {'line': b'-- Up-to-date symlink: /home/sam/g1_humble_ws/install/unitree_g1_description/share/unitree_g1_description/meshes/Link22_L.STL\n'}
[0.138235] (unitree_g1_description) StdoutLine: {'line': b'-- Up-to-date symlink: /home/sam/g1_humble_ws/install/unitree_g1_description/share/unitree_g1_description/meshes/Link22_R.STL\n'}
[0.138307] (unitree_g1_description) StdoutLine: {'line': b'-- Up-to-date symlink: /home/sam/g1_humble_ws/install/unitree_g1_description/share/unitree_g1_description/meshes/R_hand_base_link.STL\n'}
[0.138378] (unitree_g1_description) StdoutLine: {'line': b'-- Up-to-date symlink: /home/sam/g1_humble_ws/install/unitree_g1_description/share/unitree_g1_description/meshes/d455_link.STL\n'}
[0.138453] (unitree_g1_description) StdoutLine: {'line': b'-- Up-to-date symlink: /home/sam/g1_humble_ws/install/unitree_g1_description/share/unitree_g1_description/meshes/head_link.STL\n'}
[0.138526] (unitree_g1_description) StdoutLine: {'line': b'-- Up-to-date symlink: /home/sam/g1_humble_ws/install/unitree_g1_description/share/unitree_g1_description/meshes/head_servo_link.STL\n'}
[0.138595] (unitree_g1_description) StdoutLine: {'line': b'-- Up-to-date symlink: /home/sam/g1_humble_ws/install/unitree_g1_description/share/unitree_g1_description/meshes/left_ankle_pitch_link.STL\n'}
[0.138906] (unitree_g1_description) StdoutLine: {'line': b'-- Up-to-date symlink: /home/sam/g1_humble_ws/install/unitree_g1_description/share/unitree_g1_description/meshes/left_ankle_roll_link.STL\n'}
[0.139270] (unitree_g1_description) StdoutLine: {'line': b'-- Up-to-date symlink: /home/sam/g1_humble_ws/install/unitree_g1_description/share/unitree_g1_description/meshes/left_base_link.STL\n'}
[0.139617] (unitree_g1_description) StdoutLine: {'line': b'-- Up-to-date symlink: /home/sam/g1_humble_ws/install/unitree_g1_description/share/unitree_g1_description/meshes/left_elbow_link.STL\n'}
[0.140149] (unitree_g1_description) StdoutLine: {'line': b'-- Up-to-date symlink: /home/sam/g1_humble_ws/install/unitree_g1_description/share/unitree_g1_description/meshes/left_hand_index_0_link.STL\n'}
[0.140417] (unitree_g1_description) StdoutLine: {'line': b'-- Up-to-date symlink: /home/sam/g1_humble_ws/install/unitree_g1_description/share/unitree_g1_description/meshes/left_hand_index_1_link.STL\n'}
[0.140704] (unitree_g1_description) StdoutLine: {'line': b'-- Up-to-date symlink: /home/sam/g1_humble_ws/install/unitree_g1_description/share/unitree_g1_description/meshes/left_hand_middle_0_link.STL\n'}
[0.140946] (unitree_g1_description) StdoutLine: {'line': b'-- Up-to-date symlink: /home/sam/g1_humble_ws/install/unitree_g1_description/share/unitree_g1_description/meshes/left_hand_middle_1_link.STL\n'}
[0.141175] (unitree_g1_description) StdoutLine: {'line': b'-- Up-to-date symlink: /home/sam/g1_humble_ws/install/unitree_g1_description/share/unitree_g1_description/meshes/left_hand_palm_link.STL\n'}
[0.141696] (unitree_g1_description) StdoutLine: {'line': b'-- Up-to-date symlink: /home/sam/g1_humble_ws/install/unitree_g1_description/share/unitree_g1_description/meshes/left_hand_thumb_0_link.STL\n'}
[0.141979] (unitree_g1_description) StdoutLine: {'line': b'-- Up-to-date symlink: /home/sam/g1_humble_ws/install/unitree_g1_description/share/unitree_g1_description/meshes/left_hand_thumb_1_link.STL\n'}
[0.142223] (unitree_g1_description) StdoutLine: {'line': b'-- Up-to-date symlink: /home/sam/g1_humble_ws/install/unitree_g1_description/share/unitree_g1_description/meshes/left_hand_thumb_2_link.STL\n'}
[0.142444] (unitree_g1_description) StdoutLine: {'line': b'-- Up-to-date symlink: /home/sam/g1_humble_ws/install/unitree_g1_description/share/unitree_g1_description/meshes/left_hip_pitch_link.STL\n'}
[0.142793] (unitree_g1_description) StdoutLine: {'line': b'-- Up-to-date symlink: /home/sam/g1_humble_ws/install/unitree_g1_description/share/unitree_g1_description/meshes/left_hip_roll_link.STL\n'}
[0.143406] (unitree_g1_description) StdoutLine: {'line': b'-- Up-to-date symlink: /home/sam/g1_humble_ws/install/unitree_g1_description/share/unitree_g1_description/meshes/left_hip_yaw_link.STL\n'}
[0.143715] (unitree_g1_description) StdoutLine: {'line': b'-- Up-to-date symlink: /home/sam/g1_humble_ws/install/unitree_g1_description/share/unitree_g1_description/meshes/left_index_1.STL\n'}
[0.143905] (unitree_g1_description) StdoutLine: {'line': b'-- Up-to-date symlink: /home/sam/g1_humble_ws/install/unitree_g1_description/share/unitree_g1_description/meshes/left_index_2.STL\n'}
[0.144150] (unitree_g1_description) StdoutLine: {'line': b'-- Up-to-date symlink: /home/sam/g1_humble_ws/install/unitree_g1_description/share/unitree_g1_description/meshes/left_index_force_sensor_1.STL\n'}
[0.144482] (unitree_g1_description) StdoutLine: {'line': b'-- Up-to-date symlink: /home/sam/g1_humble_ws/install/unitree_g1_description/share/unitree_g1_description/meshes/left_index_force_sensor_2.STL\n'}
[0.144765] (unitree_g1_description) StdoutLine: {'line': b'-- Up-to-date symlink: /home/sam/g1_humble_ws/install/unitree_g1_description/share/unitree_g1_description/meshes/left_index_force_sensor_3.STL\n'}
[0.145210] (unitree_g1_description) StdoutLine: {'line': b'-- Up-to-date symlink: /home/sam/g1_humble_ws/install/unitree_g1_description/share/unitree_g1_description/meshes/left_knee_link.STL\n'}
[0.145509] (unitree_g1_description) StdoutLine: {'line': b'-- Up-to-date symlink: /home/sam/g1_humble_ws/install/unitree_g1_description/share/unitree_g1_description/meshes/left_little_1.STL\n'}
[0.146191] (unitree_g1_description) StdoutLine: {'line': b'-- Up-to-date symlink: /home/sam/g1_humble_ws/install/unitree_g1_description/share/unitree_g1_description/meshes/left_little_2.STL\n'}
[0.146332] (unitree_g1_description) StdoutLine: {'line': b'-- Up-to-date symlink: /home/sam/g1_humble_ws/install/unitree_g1_description/share/unitree_g1_description/meshes/left_little_force_sensor_1.STL\n'}
[0.146445] (unitree_g1_description) StdoutLine: {'line': b'-- Up-to-date symlink: /home/sam/g1_humble_ws/install/unitree_g1_description/share/unitree_g1_description/meshes/left_little_force_sensor_2.STL\n'}
[0.146708] (unitree_g1_description) StdoutLine: {'line': b'-- Up-to-date symlink: /home/sam/g1_humble_ws/install/unitree_g1_description/share/unitree_g1_description/meshes/left_little_force_sensor_3.STL\n'}
[0.146999] (unitree_g1_description) StdoutLine: {'line': b'-- Up-to-date symlink: /home/sam/g1_humble_ws/install/unitree_g1_description/share/unitree_g1_description/meshes/left_middle_1.STL\n'}
[0.147116] (unitree_g1_description) StdoutLine: {'line': b'-- Up-to-date symlink: /home/sam/g1_humble_ws/install/unitree_g1_description/share/unitree_g1_description/meshes/left_middle_2.STL\n'}
[0.147164] (unitree_g1_description) StdoutLine: {'line': b'-- Up-to-date symlink: /home/sam/g1_humble_ws/install/unitree_g1_description/share/unitree_g1_description/meshes/left_middle_force_sensor_1.STL\n'}
[0.147510] (unitree_g1_description) StdoutLine: {'line': b'-- Up-to-date symlink: /home/sam/g1_humble_ws/install/unitree_g1_description/share/unitree_g1_description/meshes/left_middle_force_sensor_2.STL\n'}
[0.147779] (unitree_g1_description) StdoutLine: {'line': b'-- Up-to-date symlink: /home/sam/g1_humble_ws/install/unitree_g1_description/share/unitree_g1_description/meshes/left_middle_force_sensor_3.STL\n'}
[0.148126] (unitree_g1_description) StdoutLine: {'line': b'-- Up-to-date symlink: /home/sam/g1_humble_ws/install/unitree_g1_description/share/unitree_g1_description/meshes/left_palm_force_sensor.STL\n'}
[0.148632] (unitree_g1_description) StdoutLine: {'line': b'-- Up-to-date symlink: /home/sam/g1_humble_ws/install/unitree_g1_description/share/unitree_g1_description/meshes/left_ring_1.STL\n'}
[0.148800] (unitree_g1_description) StdoutLine: {'line': b'-- Up-to-date symlink: /home/sam/g1_humble_ws/install/unitree_g1_description/share/unitree_g1_description/meshes/left_ring_2.STL\n'}
[0.148913] (unitree_g1_description) StdoutLine: {'line': b'-- Up-to-date symlink: /home/sam/g1_humble_ws/install/unitree_g1_description/share/unitree_g1_description/meshes/left_ring_force_sensor_1.STL\n'}
[0.149071] (unitree_g1_description) StdoutLine: {'line': b'-- Up-to-date symlink: /home/sam/g1_humble_ws/install/unitree_g1_description/share/unitree_g1_description/meshes/left_ring_force_sensor_2.STL\n'}
[0.149342] (unitree_g1_description) StdoutLine: {'line': b'-- Up-to-date symlink: /home/sam/g1_humble_ws/install/unitree_g1_description/share/unitree_g1_description/meshes/left_ring_force_sensor_3.STL\n'}
[0.150126] (unitree_g1_description) StdoutLine: {'line': b'-- Up-to-date symlink: /home/sam/g1_humble_ws/install/unitree_g1_description/share/unitree_g1_description/meshes/left_rubber_hand.STL\n'}
[0.150319] (unitree_g1_description) StdoutLine: {'line': b'-- Up-to-date symlink: /home/sam/g1_humble_ws/install/unitree_g1_description/share/unitree_g1_description/meshes/left_shoulder_pitch_link.STL\n'}
[0.150508] (unitree_g1_description) StdoutLine: {'line': b'-- Up-to-date symlink: /home/sam/g1_humble_ws/install/unitree_g1_description/share/unitree_g1_description/meshes/left_shoulder_roll_link.STL\n'}
[0.150652] (unitree_g1_description) StdoutLine: {'line': b'-- Up-to-date symlink: /home/sam/g1_humble_ws/install/unitree_g1_description/share/unitree_g1_description/meshes/left_shoulder_yaw_link.STL\n'}
[0.150699] (unitree_g1_description) StdoutLine: {'line': b'-- Up-to-date symlink: /home/sam/g1_humble_ws/install/unitree_g1_description/share/unitree_g1_description/meshes/left_thumb_1.STL\n'}
[0.150751] (unitree_g1_description) StdoutLine: {'line': b'-- Up-to-date symlink: /home/sam/g1_humble_ws/install/unitree_g1_description/share/unitree_g1_description/meshes/left_thumb_2.STL\n'}
[0.150788] (unitree_g1_description) StdoutLine: {'line': b'-- Up-to-date symlink: /home/sam/g1_humble_ws/install/unitree_g1_description/share/unitree_g1_description/meshes/left_thumb_3.STL\n'}
[0.150824] (unitree_g1_description) StdoutLine: {'line': b'-- Up-to-date symlink: /home/sam/g1_humble_ws/install/unitree_g1_description/share/unitree_g1_description/meshes/left_thumb_4.STL\n'}
[0.150861] (unitree_g1_description) StdoutLine: {'line': b'-- Up-to-date symlink: /home/sam/g1_humble_ws/install/unitree_g1_description/share/unitree_g1_description/meshes/left_thumb_force_sensor_1.STL\n'}
[0.150899] (unitree_g1_description) StdoutLine: {'line': b'-- Up-to-date symlink: /home/sam/g1_humble_ws/install/unitree_g1_description/share/unitree_g1_description/meshes/left_thumb_force_sensor_2.STL\n'}
[0.150935] (unitree_g1_description) StdoutLine: {'line': b'-- Up-to-date symlink: /home/sam/g1_humble_ws/install/unitree_g1_description/share/unitree_g1_description/meshes/left_thumb_force_sensor_3.STL\n'}
[0.150969] (unitree_g1_description) StdoutLine: {'line': b'-- Up-to-date symlink: /home/sam/g1_humble_ws/install/unitree_g1_description/share/unitree_g1_description/meshes/left_thumb_force_sensor_4.STL\n'}
[0.151002] (unitree_g1_description) StdoutLine: {'line': b'-- Up-to-date symlink: /home/sam/g1_humble_ws/install/unitree_g1_description/share/unitree_g1_description/meshes/left_thumb_swing.STL\n'}
[0.151035] (unitree_g1_description) StdoutLine: {'line': b'-- Up-to-date symlink: /home/sam/g1_humble_ws/install/unitree_g1_description/share/unitree_g1_description/meshes/left_wrist_pitch_link.STL\n'}
[0.151071] (unitree_g1_description) StdoutLine: {'line': b'-- Up-to-date symlink: /home/sam/g1_humble_ws/install/unitree_g1_description/share/unitree_g1_description/meshes/left_wrist_pitch_link_5010.STL\n'}
[0.151104] (unitree_g1_description) StdoutLine: {'line': b'-- Up-to-date symlink: /home/sam/g1_humble_ws/install/unitree_g1_description/share/unitree_g1_description/meshes/left_wrist_roll_link.STL\n'}
[0.151137] (unitree_g1_description) StdoutLine: {'line': b'-- Up-to-date symlink: /home/sam/g1_humble_ws/install/unitree_g1_description/share/unitree_g1_description/meshes/left_wrist_roll_link_5010.STL\n'}
[0.151169] (unitree_g1_description) StdoutLine: {'line': b'-- Up-to-date symlink: /home/sam/g1_humble_ws/install/unitree_g1_description/share/unitree_g1_description/meshes/left_wrist_roll_rubber_hand.STL\n'}
[0.151203] (unitree_g1_description) StdoutLine: {'line': b'-- Up-to-date symlink: /home/sam/g1_humble_ws/install/unitree_g1_description/share/unitree_g1_description/meshes/left_wrist_yaw_link.STL\n'}
[0.151235] (unitree_g1_description) StdoutLine: {'line': b'-- Up-to-date symlink: /home/sam/g1_humble_ws/install/unitree_g1_description/share/unitree_g1_description/meshes/left_wrist_yaw_link_5010.STL\n'}
[0.151270] (unitree_g1_description) StdoutLine: {'line': b'-- Up-to-date symlink: /home/sam/g1_humble_ws/install/unitree_g1_description/share/unitree_g1_description/meshes/logo_link.STL\n'}
[0.151306] (unitree_g1_description) StdoutLine: {'line': b'-- Up-to-date symlink: /home/sam/g1_humble_ws/install/unitree_g1_description/share/unitree_g1_description/meshes/pelvis.STL\n'}
[0.151342] (unitree_g1_description) StdoutLine: {'line': b'-- Up-to-date symlink: /home/sam/g1_humble_ws/install/unitree_g1_description/share/unitree_g1_description/meshes/pelvis_contour_link.STL\n'}
[0.151376] (unitree_g1_description) StdoutLine: {'line': b'-- Up-to-date symlink: /home/sam/g1_humble_ws/install/unitree_g1_description/share/unitree_g1_description/meshes/right_ankle_pitch_link.STL\n'}
[0.151408] (unitree_g1_description) StdoutLine: {'line': b'-- Up-to-date symlink: /home/sam/g1_humble_ws/install/unitree_g1_description/share/unitree_g1_description/meshes/right_ankle_roll_link.STL\n'}
[0.151440] (unitree_g1_description) StdoutLine: {'line': b'-- Up-to-date symlink: /home/sam/g1_humble_ws/install/unitree_g1_description/share/unitree_g1_description/meshes/right_base_link.STL\n'}
[0.151478] (unitree_g1_description) StdoutLine: {'line': b'-- Up-to-date symlink: /home/sam/g1_humble_ws/install/unitree_g1_description/share/unitree_g1_description/meshes/right_elbow_link.STL\n'}
[0.151510] (unitree_g1_description) StdoutLine: {'line': b'-- Up-to-date symlink: /home/sam/g1_humble_ws/install/unitree_g1_description/share/unitree_g1_description/meshes/right_hand_index_0_link.STL\n'}
[0.151543] (unitree_g1_description) StdoutLine: {'line': b'-- Up-to-date symlink: /home/sam/g1_humble_ws/install/unitree_g1_description/share/unitree_g1_description/meshes/right_hand_index_1_link.STL\n'}
[0.151576] (unitree_g1_description) StdoutLine: {'line': b'-- Up-to-date symlink: /home/sam/g1_humble_ws/install/unitree_g1_description/share/unitree_g1_description/meshes/right_hand_middle_0_link.STL\n'}
[0.151609] (unitree_g1_description) StdoutLine: {'line': b'-- Up-to-date symlink: /home/sam/g1_humble_ws/install/unitree_g1_description/share/unitree_g1_description/meshes/right_hand_middle_1_link.STL\n'}
[0.151641] (unitree_g1_description) StdoutLine: {'line': b'-- Up-to-date symlink: /home/sam/g1_humble_ws/install/unitree_g1_description/share/unitree_g1_description/meshes/right_hand_palm_link.STL\n'}
[0.151674] (unitree_g1_description) StdoutLine: {'line': b'-- Up-to-date symlink: /home/sam/g1_humble_ws/install/unitree_g1_description/share/unitree_g1_description/meshes/right_hand_thumb_0_link.STL\n'}
[0.151707] (unitree_g1_description) StdoutLine: {'line': b'-- Up-to-date symlink: /home/sam/g1_humble_ws/install/unitree_g1_description/share/unitree_g1_description/meshes/right_hand_thumb_1_link.STL\n'}
[0.151739] (unitree_g1_description) StdoutLine: {'line': b'-- Up-to-date symlink: /home/sam/g1_humble_ws/install/unitree_g1_description/share/unitree_g1_description/meshes/right_hand_thumb_2_link.STL\n'}
[0.151772] (unitree_g1_description) StdoutLine: {'line': b'-- Up-to-date symlink: /home/sam/g1_humble_ws/install/unitree_g1_description/share/unitree_g1_description/meshes/right_hip_pitch_link.STL\n'}
[0.151804] (unitree_g1_description) StdoutLine: {'line': b'-- Up-to-date symlink: /home/sam/g1_humble_ws/install/unitree_g1_description/share/unitree_g1_description/meshes/right_hip_roll_link.STL\n'}
[0.151837] (unitree_g1_description) StdoutLine: {'line': b'-- Up-to-date symlink: /home/sam/g1_humble_ws/install/unitree_g1_description/share/unitree_g1_description/meshes/right_hip_yaw_link.STL\n'}
[0.151870] (unitree_g1_description) StdoutLine: {'line': b'-- Up-to-date symlink: /home/sam/g1_humble_ws/install/unitree_g1_description/share/unitree_g1_description/meshes/right_index_1.STL\n'}
[0.151901] (unitree_g1_description) StdoutLine: {'line': b'-- Up-to-date symlink: /home/sam/g1_humble_ws/install/unitree_g1_description/share/unitree_g1_description/meshes/right_index_2.STL\n'}
[0.151933] (unitree_g1_description) StdoutLine: {'line': b'-- Up-to-date symlink: /home/sam/g1_humble_ws/install/unitree_g1_description/share/unitree_g1_description/meshes/right_index_force_sensor_1.STL\n'}
[0.151965] (unitree_g1_description) StdoutLine: {'line': b'-- Up-to-date symlink: /home/sam/g1_humble_ws/install/unitree_g1_description/share/unitree_g1_description/meshes/right_index_force_sensor_2.STL\n'}
[0.152004] (unitree_g1_description) StdoutLine: {'line': b'-- Up-to-date symlink: /home/sam/g1_humble_ws/install/unitree_g1_description/share/unitree_g1_description/meshes/right_index_force_sensor_3.STL\n'}
[0.152035] (unitree_g1_description) StdoutLine: {'line': b'-- Up-to-date symlink: /home/sam/g1_humble_ws/install/unitree_g1_description/share/unitree_g1_description/meshes/right_knee_link.STL\n'}
[0.152067] (unitree_g1_description) StdoutLine: {'line': b'-- Up-to-date symlink: /home/sam/g1_humble_ws/install/unitree_g1_description/share/unitree_g1_description/meshes/right_little_1.STL\n'}
[0.152098] (unitree_g1_description) StdoutLine: {'line': b'-- Up-to-date symlink: /home/sam/g1_humble_ws/install/unitree_g1_description/share/unitree_g1_description/meshes/right_little_2.STL\n'}
[0.152132] (unitree_g1_description) StdoutLine: {'line': b'-- Up-to-date symlink: /home/sam/g1_humble_ws/install/unitree_g1_description/share/unitree_g1_description/meshes/right_little_force_sensor_1.STL\n'}
[0.152164] (unitree_g1_description) StdoutLine: {'line': b'-- Up-to-date symlink: /home/sam/g1_humble_ws/install/unitree_g1_description/share/unitree_g1_description/meshes/right_little_force_sensor_2.STL\n'}
[0.152195] (unitree_g1_description) StdoutLine: {'line': b'-- Up-to-date symlink: /home/sam/g1_humble_ws/install/unitree_g1_description/share/unitree_g1_description/meshes/right_little_force_sensor_3.STL\n'}
[0.152261] (unitree_g1_description) StdoutLine: {'line': b'-- Up-to-date symlink: /home/sam/g1_humble_ws/install/unitree_g1_description/share/unitree_g1_description/meshes/right_middle_1.STL\n'}
[0.152309] (unitree_g1_description) StdoutLine: {'line': b'-- Up-to-date symlink: /home/sam/g1_humble_ws/install/unitree_g1_description/share/unitree_g1_description/meshes/right_middle_2.STL\n'}
[0.152350] (unitree_g1_description) StdoutLine: {'line': b'-- Up-to-date symlink: /home/sam/g1_humble_ws/install/unitree_g1_description/share/unitree_g1_description/meshes/right_middle_force_sensor_1.STL\n'}
[0.152388] (unitree_g1_description) StdoutLine: {'line': b'-- Up-to-date symlink: /home/sam/g1_humble_ws/install/unitree_g1_description/share/unitree_g1_description/meshes/right_middle_force_sensor_2.STL\n'}
[0.152425] (unitree_g1_description) StdoutLine: {'line': b'-- Up-to-date symlink: /home/sam/g1_humble_ws/install/unitree_g1_description/share/unitree_g1_description/meshes/right_middle_force_sensor_3.STL\n'}
[0.152460] (unitree_g1_description) StdoutLine: {'line': b'-- Up-to-date symlink: /home/sam/g1_humble_ws/install/unitree_g1_description/share/unitree_g1_description/meshes/right_palm_force_sensor.STL\n'}
[0.152498] (unitree_g1_description) StdoutLine: {'line': b'-- Up-to-date symlink: /home/sam/g1_humble_ws/install/unitree_g1_description/share/unitree_g1_description/meshes/right_ring_1.STL\n'}
[0.152531] (unitree_g1_description) StdoutLine: {'line': b'-- Up-to-date symlink: /home/sam/g1_humble_ws/install/unitree_g1_description/share/unitree_g1_description/meshes/right_ring_2.STL\n'}
[0.152564] (unitree_g1_description) StdoutLine: {'line': b'-- Up-to-date symlink: /home/sam/g1_humble_ws/install/unitree_g1_description/share/unitree_g1_description/meshes/right_ring_force_sensor_1.STL\n'}
[0.152598] (unitree_g1_description) StdoutLine: {'line': b'-- Up-to-date symlink: /home/sam/g1_humble_ws/install/unitree_g1_description/share/unitree_g1_description/meshes/right_ring_force_sensor_2.STL\n'}
[0.152630] (unitree_g1_description) StdoutLine: {'line': b'-- Up-to-date symlink: /home/sam/g1_humble_ws/install/unitree_g1_description/share/unitree_g1_description/meshes/right_ring_force_sensor_3.STL\n'}
[0.152662] (unitree_g1_description) StdoutLine: {'line': b'-- Up-to-date symlink: /home/sam/g1_humble_ws/install/unitree_g1_description/share/unitree_g1_description/meshes/right_rubber_hand.STL\n'}
[0.152695] (unitree_g1_description) StdoutLine: {'line': b'-- Up-to-date symlink: /home/sam/g1_humble_ws/install/unitree_g1_description/share/unitree_g1_description/meshes/right_shoulder_pitch_link.STL\n'}
[0.152728] (unitree_g1_description) StdoutLine: {'line': b'-- Up-to-date symlink: /home/sam/g1_humble_ws/install/unitree_g1_description/share/unitree_g1_description/meshes/right_shoulder_roll_link.STL\n'}
[0.152761] (unitree_g1_description) StdoutLine: {'line': b'-- Up-to-date symlink: /home/sam/g1_humble_ws/install/unitree_g1_description/share/unitree_g1_description/meshes/right_shoulder_yaw_link.STL\n'}
[0.152795] (unitree_g1_description) StdoutLine: {'line': b'-- Up-to-date symlink: /home/sam/g1_humble_ws/install/unitree_g1_description/share/unitree_g1_description/meshes/right_thumb_1.STL\n'}
[0.152828] (unitree_g1_description) StdoutLine: {'line': b'-- Up-to-date symlink: /home/sam/g1_humble_ws/install/unitree_g1_description/share/unitree_g1_description/meshes/right_thumb_2.STL\n'}
[0.152863] (unitree_g1_description) StdoutLine: {'line': b'-- Up-to-date symlink: /home/sam/g1_humble_ws/install/unitree_g1_description/share/unitree_g1_description/meshes/right_thumb_3.STL\n'}
[0.152895] (unitree_g1_description) StdoutLine: {'line': b'-- Up-to-date symlink: /home/sam/g1_humble_ws/install/unitree_g1_description/share/unitree_g1_description/meshes/right_thumb_4.STL\n'}
[0.152927] (unitree_g1_description) StdoutLine: {'line': b'-- Up-to-date symlink: /home/sam/g1_humble_ws/install/unitree_g1_description/share/unitree_g1_description/meshes/right_thumb_force_sensor_1.STL\n'}
[0.152960] (unitree_g1_description) StdoutLine: {'line': b'-- Up-to-date symlink: /home/sam/g1_humble_ws/install/unitree_g1_description/share/unitree_g1_description/meshes/right_thumb_force_sensor_2.STL\n'}
[0.152993] (unitree_g1_description) StdoutLine: {'line': b'-- Up-to-date symlink: /home/sam/g1_humble_ws/install/unitree_g1_description/share/unitree_g1_description/meshes/right_thumb_force_sensor_3.STL\n'}
[0.153026] (unitree_g1_description) StdoutLine: {'line': b'-- Up-to-date symlink: /home/sam/g1_humble_ws/install/unitree_g1_description/share/unitree_g1_description/meshes/right_thumb_force_sensor_4.STL\n'}
[0.153059] (unitree_g1_description) StdoutLine: {'line': b'-- Up-to-date symlink: /home/sam/g1_humble_ws/install/unitree_g1_description/share/unitree_g1_description/meshes/right_wrist_pitch_link.STL\n'}
[0.153094] (unitree_g1_description) StdoutLine: {'line': b'-- Up-to-date symlink: /home/sam/g1_humble_ws/install/unitree_g1_description/share/unitree_g1_description/meshes/right_wrist_pitch_link_5010.STL\n'}
[0.153128] (unitree_g1_description) StdoutLine: {'line': b'-- Up-to-date symlink: /home/sam/g1_humble_ws/install/unitree_g1_description/share/unitree_g1_description/meshes/right_wrist_roll_link.STL\n'}
[0.153179] (unitree_g1_description) StdoutLine: {'line': b'-- Up-to-date symlink: /home/sam/g1_humble_ws/install/unitree_g1_description/share/unitree_g1_description/meshes/right_wrist_roll_link_5010.STL\n'}
[0.153238] (unitree_g1_description) StdoutLine: {'line': b'-- Up-to-date symlink: /home/sam/g1_humble_ws/install/unitree_g1_description/share/unitree_g1_description/meshes/right_wrist_roll_rubber_hand.STL\n'}
[0.153277] (unitree_g1_description) StdoutLine: {'line': b'-- Up-to-date symlink: /home/sam/g1_humble_ws/install/unitree_g1_description/share/unitree_g1_description/meshes/right_wrist_yaw_link.STL\n'}
[0.153315] (unitree_g1_description) StdoutLine: {'line': b'-- Up-to-date symlink: /home/sam/g1_humble_ws/install/unitree_g1_description/share/unitree_g1_description/meshes/right_wrist_yaw_link_5010.STL\n'}
[0.153367] (unitree_g1_description) StdoutLine: {'line': b'-- Up-to-date symlink: /home/sam/g1_humble_ws/install/unitree_g1_description/share/unitree_g1_description/meshes/torso_constraint_L_link.STL\n'}
[0.153411] (unitree_g1_description) StdoutLine: {'line': b'-- Up-to-date symlink: /home/sam/g1_humble_ws/install/unitree_g1_description/share/unitree_g1_description/meshes/torso_constraint_L_rod_link.STL\n'}
[0.153456] (unitree_g1_description) StdoutLine: {'line': b'-- Up-to-date symlink: /home/sam/g1_humble_ws/install/unitree_g1_description/share/unitree_g1_description/meshes/torso_constraint_R_link.STL\n'}
[0.153652] (unitree_g1_description) StdoutLine: {'line': b'-- Up-to-date symlink: /home/sam/g1_humble_ws/install/unitree_g1_description/share/unitree_g1_description/meshes/torso_constraint_R_rod_link.STL\n'}
[0.153724] (unitree_g1_description) StdoutLine: {'line': b'-- Up-to-date symlink: /home/sam/g1_humble_ws/install/unitree_g1_description/share/unitree_g1_description/meshes/torso_link.STL\n'}
[0.153773] (unitree_g1_description) StdoutLine: {'line': b'-- Up-to-date symlink: /home/sam/g1_humble_ws/install/unitree_g1_description/share/unitree_g1_description/meshes/torso_link_23dof_rev_1_0.STL\n'}
[0.153869] (unitree_g1_description) StdoutLine: {'line': b'-- Up-to-date symlink: /home/sam/g1_humble_ws/install/unitree_g1_description/share/unitree_g1_description/meshes/torso_link_rev_1_0.STL\n'}
[0.153955] (unitree_g1_description) StdoutLine: {'line': b'-- Up-to-date symlink: /home/sam/g1_humble_ws/install/unitree_g1_description/share/unitree_g1_description/meshes/waist_constraint_L.STL\n'}
[0.154013] (unitree_g1_description) StdoutLine: {'line': b'-- Up-to-date symlink: /home/sam/g1_humble_ws/install/unitree_g1_description/share/unitree_g1_description/meshes/waist_constraint_R.STL\n'}
[0.154068] (unitree_g1_description) StdoutLine: {'line': b'-- Up-to-date symlink: /home/sam/g1_humble_ws/install/unitree_g1_description/share/unitree_g1_description/meshes/waist_roll_link.STL\n'}
[0.154132] (unitree_g1_description) StdoutLine: {'line': b'-- Up-to-date symlink: /home/sam/g1_humble_ws/install/unitree_g1_description/share/unitree_g1_description/meshes/waist_roll_link_rev_1_0.STL\n'}
[0.154189] (unitree_g1_description) StdoutLine: {'line': b'-- Up-to-date symlink: /home/sam/g1_humble_ws/install/unitree_g1_description/share/unitree_g1_description/meshes/waist_support_link.STL\n'}
[0.154253] (unitree_g1_description) StdoutLine: {'line': b'-- Up-to-date symlink: /home/sam/g1_humble_ws/install/unitree_g1_description/share/unitree_g1_description/meshes/waist_yaw_link.STL\n'}
[0.154322] (unitree_g1_description) StdoutLine: {'line': b'-- Up-to-date symlink: /home/sam/g1_humble_ws/install/unitree_g1_description/share/unitree_g1_description/meshes/waist_yaw_link_rev_1_0.STL\n'}
[0.154377] (unitree_g1_description) StdoutLine: {'line': b'-- Up-to-date symlink: /home/sam/g1_humble_ws/install/unitree_g1_description/share/unitree_g1_description/meshes/xl330_link.STL\n'}
[0.154423] (unitree_g1_description) StdoutLine: {'line': b'-- Up-to-date symlink: /home/sam/g1_humble_ws/install/unitree_g1_description/share/unitree_g1_description/images/g1_23dof.png\n'}
[0.154466] (unitree_g1_description) StdoutLine: {'line': b'-- Up-to-date symlink: /home/sam/g1_humble_ws/install/unitree_g1_description/share/unitree_g1_description/images/g1_29dof.png\n'}
[0.154515] (unitree_g1_description) StdoutLine: {'line': b'-- Up-to-date symlink: /home/sam/g1_humble_ws/install/unitree_g1_description/share/unitree_g1_description/images/g1_29dof_with_hand.png\n'}
[0.154558] (unitree_g1_description) StdoutLine: {'line': b'-- Up-to-date symlink: /home/sam/g1_humble_ws/install/unitree_g1_description/share/unitree_g1_description/images/g1_dual_arm.png\n'}
[0.154600] (unitree_g1_description) StdoutLine: {'line': b'-- Symlinking: /home/sam/g1_humble_ws/install/unitree_g1_description/share/unitree_g1_description/rviz/display.rviz\n'}
[0.163277] (unitree_g1_description) StdoutLine: {'line': b'-- Up-to-date symlink: /home/sam/g1_humble_ws/install/unitree_g1_description/share/unitree_g1_description/inspire_hand/DFQ_left_hand.urdf\n'}
[0.164537] (unitree_g1_description) StdoutLine: {'line': b'-- Up-to-date symlink: /home/sam/g1_humble_ws/install/unitree_g1_description/share/unitree_g1_description/inspire_hand/DFQ_right_hand.urdf\n'}
[0.164678] (unitree_g1_description) StdoutLine: {'line': b'-- Up-to-date symlink: /home/sam/g1_humble_ws/install/unitree_g1_description/share/unitree_g1_description/inspire_hand/FTP_left_hand.urdf\n'}
[0.164790] (unitree_g1_description) StdoutLine: {'line': b'-- Up-to-date symlink: /home/sam/g1_humble_ws/install/unitree_g1_description/share/unitree_g1_description/inspire_hand/FTP_right_hand.urdf\n'}
[0.164896] (unitree_g1_description) StdoutLine: {'line': b'-- Up-to-date symlink: /home/sam/g1_humble_ws/install/unitree_g1_description/share/unitree_g1_description/inspire_hand/config.yaml\n'}
[0.165000] (unitree_g1_description) StdoutLine: {'line': b'-- Up-to-date symlink: /home/sam/g1_humble_ws/install/unitree_g1_description/share/unitree_g1_description/config/g1_controllers.yaml\n'}
[0.173577] (unitree_g1_description) StdoutLine: {'line': b'-- Up-to-date symlink: /home/sam/g1_humble_ws/install/unitree_g1_description/share/unitree_g1_description/launch/__pycache__/spawn_gazebo.launch.cpython-310.pyc\n'}
[0.174010] (unitree_g1_description) StdoutLine: {'line': b'-- Up-to-date symlink: /home/sam/g1_humble_ws/install/unitree_g1_description/share/unitree_g1_description/launch/display.launch.py\n'}
[0.174095] (unitree_g1_description) StdoutLine: {'line': b'-- Up-to-date symlink: /home/sam/g1_humble_ws/install/unitree_g1_description/share/unitree_g1_description/launch/spawn_gazebo.launch.py\n'}
[0.174154] (unitree_g1_description) StdoutLine: {'line': b'-- Up-to-date symlink: /home/sam/g1_humble_ws/install/unitree_g1_description/share/unitree_g1_description/launch/spawn_with_controllers.launch.py\n'}
[0.174209] (unitree_g1_description) StdoutLine: {'line': b'-- Up-to-date symlink: /home/sam/g1_humble_ws/install/unitree_g1_description/lib/unitree_g1_description/send_standing_pose.py\n'}
[0.174264] (unitree_g1_description) StdoutLine: {'line': b'-- Up-to-date symlink: /home/sam/g1_humble_ws/install/unitree_g1_description/share/ament_index/resource_index/package_run_dependencies/unitree_g1_description\n'}
[0.174319] (unitree_g1_description) StdoutLine: {'line': b'-- Up-to-date symlink: /home/sam/g1_humble_ws/install/unitree_g1_description/share/ament_index/resource_index/parent_prefix_path/unitree_g1_description\n'}
[0.174375] (unitree_g1_description) StdoutLine: {'line': b'-- Up-to-date symlink: /home/sam/g1_humble_ws/install/unitree_g1_description/share/unitree_g1_description/environment/ament_prefix_path.sh\n'}
[0.174428] (unitree_g1_description) StdoutLine: {'line': b'-- Up-to-date symlink: /home/sam/g1_humble_ws/install/unitree_g1_description/share/unitree_g1_description/environment/ament_prefix_path.dsv\n'}
[0.174482] (unitree_g1_description) StdoutLine: {'line': b'-- Up-to-date symlink: /home/sam/g1_humble_ws/install/unitree_g1_description/share/unitree_g1_description/environment/path.sh\n'}
[0.174544] (unitree_g1_description) StdoutLine: {'line': b'-- Up-to-date symlink: /home/sam/g1_humble_ws/install/unitree_g1_description/share/unitree_g1_description/environment/path.dsv\n'}
[0.174603] (unitree_g1_description) StdoutLine: {'line': b'-- Up-to-date symlink: /home/sam/g1_humble_ws/install/unitree_g1_description/share/unitree_g1_description/local_setup.bash\n'}
[0.174663] (unitree_g1_description) StdoutLine: {'line': b'-- Up-to-date symlink: /home/sam/g1_humble_ws/install/unitree_g1_description/share/unitree_g1_description/local_setup.sh\n'}
[0.174722] (unitree_g1_description) StdoutLine: {'line': b'-- Up-to-date symlink: /home/sam/g1_humble_ws/install/unitree_g1_description/share/unitree_g1_description/local_setup.zsh\n'}
[0.174776] (unitree_g1_description) StdoutLine: {'line': b'-- Up-to-date symlink: /home/sam/g1_humble_ws/install/unitree_g1_description/share/unitree_g1_description/local_setup.dsv\n'}
[0.174830] (unitree_g1_description) StdoutLine: {'line': b'-- Symlinking: /home/sam/g1_humble_ws/install/unitree_g1_description/share/unitree_g1_description/package.dsv\n'}
[0.183440] (unitree_g1_description) StdoutLine: {'line': b'-- Up-to-date symlink: /home/sam/g1_humble_ws/install/unitree_g1_description/share/ament_index/resource_index/packages/unitree_g1_description\n'}
[0.184086] (unitree_g1_description) StdoutLine: {'line': b'-- Up-to-date symlink: /home/sam/g1_humble_ws/install/unitree_g1_description/share/unitree_g1_description/cmake/unitree_g1_descriptionConfig.cmake\n'}
[0.184233] (unitree_g1_description) StdoutLine: {'line': b'-- Up-to-date symlink: /home/sam/g1_humble_ws/install/unitree_g1_description/share/unitree_g1_description/cmake/unitree_g1_descriptionConfig-version.cmake\n'}
[0.184450] (unitree_g1_description) StdoutLine: {'line': b'-- Up-to-date symlink: /home/sam/g1_humble_ws/install/unitree_g1_description/share/unitree_g1_description/package.xml\n'}
[0.188559] (unitree_g1_description) CommandEnded: {'returncode': 0}
[0.199001] (-) TimerEvent: {}
[0.212668] (unitree_g1_description) JobEnded: {'identifier': 'unitree_g1_description', 'rc': 0}
[0.216712] (-) EventReactorShutdown: {}
