[0.263s] DEBUG:colcon:Command line arguments: ['/usr/bin/colcon', 'build', '--symlink-install', '--packages-select', 'unitree_g1_description']
[0.263s] DEBUG:colcon:Parsed command line arguments: Namespace(log_base=None, log_level=None, verb_name='build', build_base='build', install_base='install', merge_install=False, symlink_install=True, test_result_base=None, continue_on_error=False, executor='parallel', parallel_workers=12, event_handlers=None, ignore_user_meta=False, metas=['./colcon.meta'], base_paths=['.'], packages_ignore=None, packages_ignore_regex=None, paths=None, packages_up_to=None, packages_up_to_regex=None, packages_above=None, packages_above_and_dependencies=None, packages_above_depth=None, packages_select_by_dep=None, packages_skip_by_dep=None, packages_skip_up_to=None, packages_select_build_failed=False, packages_skip_build_finished=False, packages_select_test_failures=False, packages_skip_test_passed=False, packages_select=['unitree_g1_description'], packages_skip=None, packages_select_regex=None, packages_skip_regex=None, packages_start=None, packages_end=None, allow_overriding=[], cmake_args=None, cmake_target=None, cmake_target_skip_unavailable=False, cmake_clean_cache=False, cmake_clean_first=False, cmake_force_configure=False, ament_cmake_args=None, catkin_cmake_args=None, catkin_skip_building_tests=False, verb_parser=<colcon_defaults.argument_parser.defaults.DefaultArgumentsDecorator object at 0x775bd462cca0>, verb_extension=<colcon_core.verb.build.BuildVerb object at 0x775bd462c8e0>, main=<bound method BuildVerb.main of <colcon_core.verb.build.BuildVerb object at 0x775bd462c8e0>>)
[0.475s] Level 1:colcon.colcon_core.package_discovery:discover_packages(colcon_meta) check parameters
[0.475s] Level 1:colcon.colcon_core.package_discovery:discover_packages(recursive) check parameters
[0.475s] Level 1:colcon.colcon_core.package_discovery:discover_packages(ignore) check parameters
[0.475s] Level 1:colcon.colcon_core.package_discovery:discover_packages(path) check parameters
[0.475s] Level 1:colcon.colcon_core.package_discovery:discover_packages(colcon_meta) discover
[0.475s] Level 1:colcon.colcon_core.package_discovery:discover_packages(recursive) discover
[0.475s] INFO:colcon.colcon_core.package_discovery:Crawling recursively for packages in '/home/sam/g1_humble_ws'
[0.475s] Level 1:colcon.colcon_core.package_identification:_identify(.) by extensions ['ignore', 'ignore_ament_install']
[0.475s] Level 1:colcon.colcon_core.package_identification:_identify(.) by extension 'ignore'
[0.475s] Level 1:colcon.colcon_core.package_identification:_identify(.) by extension 'ignore_ament_install'
[0.476s] Level 1:colcon.colcon_core.package_identification:_identify(.) by extensions ['colcon_pkg']
[0.476s] Level 1:colcon.colcon_core.package_identification:_identify(.) by extension 'colcon_pkg'
[0.476s] Level 1:colcon.colcon_core.package_identification:_identify(.) by extensions ['colcon_meta']
[0.476s] Level 1:colcon.colcon_core.package_identification:_identify(.) by extension 'colcon_meta'
[0.476s] Level 1:colcon.colcon_core.package_identification:_identify(.) by extensions ['ros']
[0.476s] Level 1:colcon.colcon_core.package_identification:_identify(.) by extension 'ros'
[0.491s] Level 1:colcon.colcon_core.package_identification:_identify(.) by extensions ['cmake', 'python']
[0.491s] Level 1:colcon.colcon_core.package_identification:_identify(.) by extension 'cmake'
[0.491s] Level 1:colcon.colcon_core.package_identification:_identify(.) by extension 'python'
[0.491s] Level 1:colcon.colcon_core.package_identification:_identify(.) by extensions ['python_setup_py']
[0.491s] Level 1:colcon.colcon_core.package_identification:_identify(.) by extension 'python_setup_py'
[0.491s] Level 1:colcon.colcon_core.package_identification:_identify(build) by extensions ['ignore', 'ignore_ament_install']
[0.492s] Level 1:colcon.colcon_core.package_identification:_identify(build) by extension 'ignore'
[0.492s] Level 1:colcon.colcon_core.package_identification:_identify(build) ignored
[0.492s] Level 1:colcon.colcon_core.package_identification:_identify(install) by extensions ['ignore', 'ignore_ament_install']
[0.492s] Level 1:colcon.colcon_core.package_identification:_identify(install) by extension 'ignore'
[0.492s] Level 1:colcon.colcon_core.package_identification:_identify(install) ignored
[0.492s] Level 1:colcon.colcon_core.package_identification:_identify(log) by extensions ['ignore', 'ignore_ament_install']
[0.492s] Level 1:colcon.colcon_core.package_identification:_identify(log) by extension 'ignore'
[0.492s] Level 1:colcon.colcon_core.package_identification:_identify(log) ignored
[0.492s] Level 1:colcon.colcon_core.package_identification:_identify(src) by extensions ['ignore', 'ignore_ament_install']
[0.492s] Level 1:colcon.colcon_core.package_identification:_identify(src) by extension 'ignore'
[0.492s] Level 1:colcon.colcon_core.package_identification:_identify(src) by extension 'ignore_ament_install'
[0.492s] Level 1:colcon.colcon_core.package_identification:_identify(src) by extensions ['colcon_pkg']
[0.492s] Level 1:colcon.colcon_core.package_identification:_identify(src) by extension 'colcon_pkg'
[0.492s] Level 1:colcon.colcon_core.package_identification:_identify(src) by extensions ['colcon_meta']
[0.492s] Level 1:colcon.colcon_core.package_identification:_identify(src) by extension 'colcon_meta'
[0.492s] Level 1:colcon.colcon_core.package_identification:_identify(src) by extensions ['ros']
[0.492s] Level 1:colcon.colcon_core.package_identification:_identify(src) by extension 'ros'
[0.493s] Level 1:colcon.colcon_core.package_identification:_identify(src) by extensions ['cmake', 'python']
[0.493s] Level 1:colcon.colcon_core.package_identification:_identify(src) by extension 'cmake'
[0.493s] Level 1:colcon.colcon_core.package_identification:_identify(src) by extension 'python'
[0.493s] Level 1:colcon.colcon_core.package_identification:_identify(src) by extensions ['python_setup_py']
[0.493s] Level 1:colcon.colcon_core.package_identification:_identify(src) by extension 'python_setup_py'
[0.493s] Level 1:colcon.colcon_core.package_identification:_identify(src/unitree_g1_description) by extensions ['ignore', 'ignore_ament_install']
[0.493s] Level 1:colcon.colcon_core.package_identification:_identify(src/unitree_g1_description) by extension 'ignore'
[0.493s] Level 1:colcon.colcon_core.package_identification:_identify(src/unitree_g1_description) by extension 'ignore_ament_install'
[0.493s] Level 1:colcon.colcon_core.package_identification:_identify(src/unitree_g1_description) by extensions ['colcon_pkg']
[0.493s] Level 1:colcon.colcon_core.package_identification:_identify(src/unitree_g1_description) by extension 'colcon_pkg'
[0.493s] Level 1:colcon.colcon_core.package_identification:_identify(src/unitree_g1_description) by extensions ['colcon_meta']
[0.493s] Level 1:colcon.colcon_core.package_identification:_identify(src/unitree_g1_description) by extension 'colcon_meta'
[0.493s] Level 1:colcon.colcon_core.package_identification:_identify(src/unitree_g1_description) by extensions ['ros']
[0.493s] Level 1:colcon.colcon_core.package_identification:_identify(src/unitree_g1_description) by extension 'ros'
[0.494s] Level 1:colcon.colcon_core.package_identification:_identify(src/unitree_g1_description) by extensions ['cmake', 'python']
[0.494s] Level 1:colcon.colcon_core.package_identification:_identify(src/unitree_g1_description) by extension 'cmake'
[0.494s] Level 1:colcon.colcon_core.package_identification:_identify(src/unitree_g1_description) by extension 'python'
[0.494s] Level 1:colcon.colcon_core.package_identification:_identify(src/unitree_g1_description) by extensions ['python_setup_py']
[0.494s] Level 1:colcon.colcon_core.package_identification:_identify(src/unitree_g1_description) by extension 'python_setup_py'
[0.494s] Level 1:colcon.colcon_core.package_identification:_identify(src/unitree_g1_description/images) by extensions ['ignore', 'ignore_ament_install']
[0.494s] Level 1:colcon.colcon_core.package_identification:_identify(src/unitree_g1_description/images) by extension 'ignore'
[0.494s] Level 1:colcon.colcon_core.package_identification:_identify(src/unitree_g1_description/images) by extension 'ignore_ament_install'
[0.494s] Level 1:colcon.colcon_core.package_identification:_identify(src/unitree_g1_description/images) by extensions ['colcon_pkg']
[0.494s] Level 1:colcon.colcon_core.package_identification:_identify(src/unitree_g1_description/images) by extension 'colcon_pkg'
[0.494s] Level 1:colcon.colcon_core.package_identification:_identify(src/unitree_g1_description/images) by extensions ['colcon_meta']
[0.494s] Level 1:colcon.colcon_core.package_identification:_identify(src/unitree_g1_description/images) by extension 'colcon_meta'
[0.494s] Level 1:colcon.colcon_core.package_identification:_identify(src/unitree_g1_description/images) by extensions ['ros']
[0.494s] Level 1:colcon.colcon_core.package_identification:_identify(src/unitree_g1_description/images) by extension 'ros'
[0.494s] Level 1:colcon.colcon_core.package_identification:_identify(src/unitree_g1_description/images) by extensions ['cmake', 'python']
[0.494s] Level 1:colcon.colcon_core.package_identification:_identify(src/unitree_g1_description/images) by extension 'cmake'
[0.494s] Level 1:colcon.colcon_core.package_identification:_identify(src/unitree_g1_description/images) by extension 'python'
[0.494s] Level 1:colcon.colcon_core.package_identification:_identify(src/unitree_g1_description/images) by extensions ['python_setup_py']
[0.495s] Level 1:colcon.colcon_core.package_identification:_identify(src/unitree_g1_description/images) by extension 'python_setup_py'
[0.495s] Level 1:colcon.colcon_core.package_identification:_identify(src/unitree_g1_description/inspire_hand) by extensions ['ignore', 'ignore_ament_install']
[0.495s] Level 1:colcon.colcon_core.package_identification:_identify(src/unitree_g1_description/inspire_hand) by extension 'ignore'
[0.495s] Level 1:colcon.colcon_core.package_identification:_identify(src/unitree_g1_description/inspire_hand) by extension 'ignore_ament_install'
[0.495s] Level 1:colcon.colcon_core.package_identification:_identify(src/unitree_g1_description/inspire_hand) by extensions ['colcon_pkg']
[0.495s] Level 1:colcon.colcon_core.package_identification:_identify(src/unitree_g1_description/inspire_hand) by extension 'colcon_pkg'
[0.495s] Level 1:colcon.colcon_core.package_identification:_identify(src/unitree_g1_description/inspire_hand) by extensions ['colcon_meta']
[0.495s] Level 1:colcon.colcon_core.package_identification:_identify(src/unitree_g1_description/inspire_hand) by extension 'colcon_meta'
[0.495s] Level 1:colcon.colcon_core.package_identification:_identify(src/unitree_g1_description/inspire_hand) by extensions ['ros']
[0.495s] Level 1:colcon.colcon_core.package_identification:_identify(src/unitree_g1_description/inspire_hand) by extension 'ros'
[0.495s] Level 1:colcon.colcon_core.package_identification:_identify(src/unitree_g1_description/inspire_hand) by extensions ['cmake', 'python']
[0.495s] Level 1:colcon.colcon_core.package_identification:_identify(src/unitree_g1_description/inspire_hand) by extension 'cmake'
[0.495s] Level 1:colcon.colcon_core.package_identification:_identify(src/unitree_g1_description/inspire_hand) by extension 'python'
[0.495s] Level 1:colcon.colcon_core.package_identification:_identify(src/unitree_g1_description/inspire_hand) by extensions ['python_setup_py']
[0.495s] Level 1:colcon.colcon_core.package_identification:_identify(src/unitree_g1_description/inspire_hand) by extension 'python_setup_py'
[0.495s] Level 1:colcon.colcon_core.package_identification:_identify(src/unitree_g1_description/launch) by extensions ['ignore', 'ignore_ament_install']
[0.495s] Level 1:colcon.colcon_core.package_identification:_identify(src/unitree_g1_description/launch) by extension 'ignore'
[0.496s] Level 1:colcon.colcon_core.package_identification:_identify(src/unitree_g1_description/launch) by extension 'ignore_ament_install'
[0.496s] Level 1:colcon.colcon_core.package_identification:_identify(src/unitree_g1_description/launch) by extensions ['colcon_pkg']
[0.496s] Level 1:colcon.colcon_core.package_identification:_identify(src/unitree_g1_description/launch) by extension 'colcon_pkg'
[0.496s] Level 1:colcon.colcon_core.package_identification:_identify(src/unitree_g1_description/launch) by extensions ['colcon_meta']
[0.496s] Level 1:colcon.colcon_core.package_identification:_identify(src/unitree_g1_description/launch) by extension 'colcon_meta'
[0.497s] Level 1:colcon.colcon_core.package_identification:_identify(src/unitree_g1_description/launch) by extensions ['ros']
[0.497s] Level 1:colcon.colcon_core.package_identification:_identify(src/unitree_g1_description/launch) by extension 'ros'
[0.497s] Level 1:colcon.colcon_core.package_identification:_identify(src/unitree_g1_description/launch) by extensions ['cmake', 'python']
[0.497s] Level 1:colcon.colcon_core.package_identification:_identify(src/unitree_g1_description/launch) by extension 'cmake'
[0.497s] Level 1:colcon.colcon_core.package_identification:_identify(src/unitree_g1_description/launch) by extension 'python'
[0.497s] Level 1:colcon.colcon_core.package_identification:_identify(src/unitree_g1_description/launch) by extensions ['python_setup_py']
[0.497s] Level 1:colcon.colcon_core.package_identification:_identify(src/unitree_g1_description/launch) by extension 'python_setup_py'
[0.498s] Level 1:colcon.colcon_core.package_identification:_identify(src/unitree_g1_description/meshes) by extensions ['ignore', 'ignore_ament_install']
[0.498s] Level 1:colcon.colcon_core.package_identification:_identify(src/unitree_g1_description/meshes) by extension 'ignore'
[0.498s] Level 1:colcon.colcon_core.package_identification:_identify(src/unitree_g1_description/meshes) by extension 'ignore_ament_install'
[0.498s] Level 1:colcon.colcon_core.package_identification:_identify(src/unitree_g1_description/meshes) by extensions ['colcon_pkg']
[0.498s] Level 1:colcon.colcon_core.package_identification:_identify(src/unitree_g1_description/meshes) by extension 'colcon_pkg'
[0.498s] Level 1:colcon.colcon_core.package_identification:_identify(src/unitree_g1_description/meshes) by extensions ['colcon_meta']
[0.498s] Level 1:colcon.colcon_core.package_identification:_identify(src/unitree_g1_description/meshes) by extension 'colcon_meta'
[0.498s] Level 1:colcon.colcon_core.package_identification:_identify(src/unitree_g1_description/meshes) by extensions ['ros']
[0.498s] Level 1:colcon.colcon_core.package_identification:_identify(src/unitree_g1_description/meshes) by extension 'ros'
[0.498s] Level 1:colcon.colcon_core.package_identification:_identify(src/unitree_g1_description/meshes) by extensions ['cmake', 'python']
[0.498s] Level 1:colcon.colcon_core.package_identification:_identify(src/unitree_g1_description/meshes) by extension 'cmake'
[0.498s] Level 1:colcon.colcon_core.package_identification:_identify(src/unitree_g1_description/meshes) by extension 'python'
[0.498s] Level 1:colcon.colcon_core.package_identification:_identify(src/unitree_g1_description/meshes) by extensions ['python_setup_py']
[0.498s] Level 1:colcon.colcon_core.package_identification:_identify(src/unitree_g1_description/meshes) by extension 'python_setup_py'
[0.498s] Level 1:colcon.colcon_core.package_identification:_identify(unitree_g1_description) by extensions ['ignore', 'ignore_ament_install']
[0.498s] Level 1:colcon.colcon_core.package_identification:_identify(unitree_g1_description) by extension 'ignore'
[0.498s] Level 1:colcon.colcon_core.package_identification:_identify(unitree_g1_description) by extension 'ignore_ament_install'
[0.499s] Level 1:colcon.colcon_core.package_identification:_identify(unitree_g1_description) by extensions ['colcon_pkg']
[0.499s] Level 1:colcon.colcon_core.package_identification:_identify(unitree_g1_description) by extension 'colcon_pkg'
[0.499s] Level 1:colcon.colcon_core.package_identification:_identify(unitree_g1_description) by extensions ['colcon_meta']
[0.499s] Level 1:colcon.colcon_core.package_identification:_identify(unitree_g1_description) by extension 'colcon_meta'
[0.499s] Level 1:colcon.colcon_core.package_identification:_identify(unitree_g1_description) by extensions ['ros']
[0.499s] Level 1:colcon.colcon_core.package_identification:_identify(unitree_g1_description) by extension 'ros'
[0.504s] DEBUG:colcon.colcon_core.package_identification:Package 'unitree_g1_description' with type 'ros.ament_cmake' and name 'unitree_g1_description'
[0.504s] Level 1:colcon.colcon_core.package_discovery:discover_packages(recursive) using defaults
[0.505s] Level 1:colcon.colcon_core.package_discovery:discover_packages(ignore) discover
[0.505s] Level 1:colcon.colcon_core.package_discovery:discover_packages(ignore) using defaults
[0.505s] Level 1:colcon.colcon_core.package_discovery:discover_packages(path) discover
[0.505s] Level 1:colcon.colcon_core.package_discovery:discover_packages(path) using defaults
[0.541s] Level 1:colcon.colcon_core.package_discovery:discover_packages(prefix_path) check parameters
[0.541s] Level 1:colcon.colcon_core.package_discovery:discover_packages(prefix_path) discover
[0.547s] DEBUG:colcon.colcon_installed_package_information.package_discovery:Found 257 installed packages in /opt/ros/humble
[0.551s] Level 1:colcon.colcon_core.package_discovery:discover_packages(prefix_path) using defaults
[0.608s] Level 5:colcon.colcon_core.verb:set package 'unitree_g1_description' build argument 'cmake_args' from command line to 'None'
[0.608s] Level 5:colcon.colcon_core.verb:set package 'unitree_g1_description' build argument 'cmake_target' from command line to 'None'
[0.608s] Level 5:colcon.colcon_core.verb:set package 'unitree_g1_description' build argument 'cmake_target_skip_unavailable' from command line to 'False'
[0.608s] Level 5:colcon.colcon_core.verb:set package 'unitree_g1_description' build argument 'cmake_clean_cache' from command line to 'False'
[0.608s] Level 5:colcon.colcon_core.verb:set package 'unitree_g1_description' build argument 'cmake_clean_first' from command line to 'False'
[0.608s] Level 5:colcon.colcon_core.verb:set package 'unitree_g1_description' build argument 'cmake_force_configure' from command line to 'False'
[0.608s] Level 5:colcon.colcon_core.verb:set package 'unitree_g1_description' build argument 'ament_cmake_args' from command line to 'None'
[0.608s] Level 5:colcon.colcon_core.verb:set package 'unitree_g1_description' build argument 'catkin_cmake_args' from command line to 'None'
[0.608s] Level 5:colcon.colcon_core.verb:set package 'unitree_g1_description' build argument 'catkin_skip_building_tests' from command line to 'False'
[0.608s] DEBUG:colcon.colcon_core.verb:Building package 'unitree_g1_description' with the following arguments: {'ament_cmake_args': None, 'build_base': '/home/sam/g1_humble_ws/build/unitree_g1_description', 'catkin_cmake_args': None, 'catkin_skip_building_tests': False, 'cmake_args': None, 'cmake_clean_cache': False, 'cmake_clean_first': False, 'cmake_force_configure': False, 'cmake_target': None, 'cmake_target_skip_unavailable': False, 'install_base': '/home/sam/g1_humble_ws/install/unitree_g1_description', 'merge_install': False, 'path': '/home/sam/g1_humble_ws/unitree_g1_description', 'symlink_install': True, 'test_result_base': None}
[0.608s] INFO:colcon.colcon_core.executor:Executing jobs using 'parallel' executor
[0.610s] DEBUG:colcon.colcon_parallel_executor.executor.parallel:run_until_complete
[0.611s] INFO:colcon.colcon_ros.task.ament_cmake.build:Building ROS package in '/home/sam/g1_humble_ws/unitree_g1_description' with build type 'ament_cmake'
[0.612s] INFO:colcon.colcon_cmake.task.cmake.build:Building CMake package in '/home/sam/g1_humble_ws/unitree_g1_description'
[0.614s] INFO:colcon.colcon_core.plugin_system:Skipping extension 'colcon_core.shell.bat': Not used on non-Windows systems
[0.615s] INFO:colcon.colcon_core.shell:Skip shell extension 'powershell' for command environment: Not usable outside of PowerShell
[0.615s] DEBUG:colcon.colcon_core.shell:Skip shell extension 'dsv' for command environment
[0.637s] DEBUG:colcon.colcon_core.event_handler.log_command:Invoking command in '/home/sam/g1_humble_ws/build/unitree_g1_description': CMAKE_PREFIX_PATH=/opt/ros/humble /usr/bin/cmake --build /home/sam/g1_humble_ws/build/unitree_g1_description -- -j12 -l12
[0.715s] DEBUG:colcon.colcon_core.event_handler.log_command:Invoked command in '/home/sam/g1_humble_ws/build/unitree_g1_description' returned '0': CMAKE_PREFIX_PATH=/opt/ros/humble /usr/bin/cmake --build /home/sam/g1_humble_ws/build/unitree_g1_description -- -j12 -l12
[0.750s] DEBUG:colcon.colcon_core.event_handler.log_command:Invoking command in '/home/sam/g1_humble_ws/build/unitree_g1_description': CMAKE_PREFIX_PATH=/opt/ros/humble /usr/bin/cmake --install /home/sam/g1_humble_ws/build/unitree_g1_description
[0.835s] Level 1:colcon.colcon_core.environment:create_environment_scripts_only(unitree_g1_description)
[0.838s] DEBUG:colcon.colcon_core.event_handler.log_command:Invoked command in '/home/sam/g1_humble_ws/build/unitree_g1_description' returned '0': CMAKE_PREFIX_PATH=/opt/ros/humble /usr/bin/cmake --install /home/sam/g1_humble_ws/build/unitree_g1_description
[0.841s] Level 1:colcon.colcon_core.environment:checking '/home/sam/g1_humble_ws/install/unitree_g1_description' for CMake module files
[0.842s] Level 1:colcon.colcon_core.environment:checking '/home/sam/g1_humble_ws/install/unitree_g1_description' for CMake config files
[0.843s] Level 1:colcon.colcon_core.shell:create_environment_hook('unitree_g1_description', 'cmake_prefix_path')
[0.844s] INFO:colcon.colcon_core.shell:Creating environment hook '/home/sam/g1_humble_ws/install/unitree_g1_description/share/unitree_g1_description/hook/cmake_prefix_path.ps1'
[0.845s] INFO:colcon.colcon_core.shell:Creating environment descriptor '/home/sam/g1_humble_ws/install/unitree_g1_description/share/unitree_g1_description/hook/cmake_prefix_path.dsv'
[0.846s] INFO:colcon.colcon_core.shell:Creating environment hook '/home/sam/g1_humble_ws/install/unitree_g1_description/share/unitree_g1_description/hook/cmake_prefix_path.sh'
[0.849s] Level 1:colcon.colcon_core.environment:checking '/home/sam/g1_humble_ws/install/unitree_g1_description/lib'
[0.850s] Level 1:colcon.colcon_core.environment:checking '/home/sam/g1_humble_ws/install/unitree_g1_description/bin'
[0.851s] Level 1:colcon.colcon_core.environment:checking '/home/sam/g1_humble_ws/install/unitree_g1_description/lib/pkgconfig/unitree_g1_description.pc'
[0.851s] Level 1:colcon.colcon_core.environment:checking '/home/sam/g1_humble_ws/install/unitree_g1_description/lib/python3.10/site-packages'
[0.852s] Level 1:colcon.colcon_core.environment:checking '/home/sam/g1_humble_ws/install/unitree_g1_description/bin'
[0.852s] INFO:colcon.colcon_core.shell:Creating package script '/home/sam/g1_humble_ws/install/unitree_g1_description/share/unitree_g1_description/package.ps1'
[0.855s] INFO:colcon.colcon_core.shell:Creating package descriptor '/home/sam/g1_humble_ws/install/unitree_g1_description/share/unitree_g1_description/package.dsv'
[0.857s] INFO:colcon.colcon_core.shell:Creating package script '/home/sam/g1_humble_ws/install/unitree_g1_description/share/unitree_g1_description/package.sh'
[0.859s] INFO:colcon.colcon_core.shell:Creating package script '/home/sam/g1_humble_ws/install/unitree_g1_description/share/unitree_g1_description/package.bash'
[0.860s] INFO:colcon.colcon_core.shell:Creating package script '/home/sam/g1_humble_ws/install/unitree_g1_description/share/unitree_g1_description/package.zsh'
[0.861s] Level 1:colcon.colcon_core.environment:create_file_with_runtime_dependencies(/home/sam/g1_humble_ws/install/unitree_g1_description/share/colcon-core/packages/unitree_g1_description)
[0.861s] Level 1:colcon.colcon_core.environment:create_environment_scripts_only(unitree_g1_description)
[0.862s] Level 1:colcon.colcon_core.environment:checking '/home/sam/g1_humble_ws/install/unitree_g1_description' for CMake module files
[0.862s] Level 1:colcon.colcon_core.environment:checking '/home/sam/g1_humble_ws/install/unitree_g1_description' for CMake config files
[0.863s] Level 1:colcon.colcon_core.shell:create_environment_hook('unitree_g1_description', 'cmake_prefix_path')
[0.864s] INFO:colcon.colcon_core.shell:Creating environment hook '/home/sam/g1_humble_ws/install/unitree_g1_description/share/unitree_g1_description/hook/cmake_prefix_path.ps1'
[0.865s] INFO:colcon.colcon_core.shell:Creating environment descriptor '/home/sam/g1_humble_ws/install/unitree_g1_description/share/unitree_g1_description/hook/cmake_prefix_path.dsv'
[0.867s] INFO:colcon.colcon_core.shell:Creating environment hook '/home/sam/g1_humble_ws/install/unitree_g1_description/share/unitree_g1_description/hook/cmake_prefix_path.sh'
[0.869s] Level 1:colcon.colcon_core.environment:checking '/home/sam/g1_humble_ws/install/unitree_g1_description/lib'
[0.870s] Level 1:colcon.colcon_core.environment:checking '/home/sam/g1_humble_ws/install/unitree_g1_description/bin'
[0.870s] Level 1:colcon.colcon_core.environment:checking '/home/sam/g1_humble_ws/install/unitree_g1_description/lib/pkgconfig/unitree_g1_description.pc'
[0.870s] Level 1:colcon.colcon_core.environment:checking '/home/sam/g1_humble_ws/install/unitree_g1_description/lib/python3.10/site-packages'
[0.871s] Level 1:colcon.colcon_core.environment:checking '/home/sam/g1_humble_ws/install/unitree_g1_description/bin'
[0.872s] INFO:colcon.colcon_core.shell:Creating package script '/home/sam/g1_humble_ws/install/unitree_g1_description/share/unitree_g1_description/package.ps1'
[0.874s] INFO:colcon.colcon_core.shell:Creating package descriptor '/home/sam/g1_humble_ws/install/unitree_g1_description/share/unitree_g1_description/package.dsv'
[0.875s] INFO:colcon.colcon_core.shell:Creating package script '/home/sam/g1_humble_ws/install/unitree_g1_description/share/unitree_g1_description/package.sh'
[0.876s] INFO:colcon.colcon_core.shell:Creating package script '/home/sam/g1_humble_ws/install/unitree_g1_description/share/unitree_g1_description/package.bash'
[0.877s] INFO:colcon.colcon_core.shell:Creating package script '/home/sam/g1_humble_ws/install/unitree_g1_description/share/unitree_g1_description/package.zsh'
[0.878s] Level 1:colcon.colcon_core.environment:create_file_with_runtime_dependencies(/home/sam/g1_humble_ws/install/unitree_g1_description/share/colcon-core/packages/unitree_g1_description)
[0.878s] DEBUG:colcon.colcon_parallel_executor.executor.parallel:closing loop
[0.878s] DEBUG:colcon.colcon_parallel_executor.executor.parallel:loop closed
[0.878s] DEBUG:colcon.colcon_parallel_executor.executor.parallel:run_until_complete finished with '0'
[0.878s] DEBUG:colcon.colcon_core.event_reactor:joining thread
[0.945s] INFO:colcon.colcon_core.plugin_system:Skipping extension 'colcon_notification.desktop_notification.notify_send': Could not find 'notify-send'
[0.945s] INFO:colcon.colcon_core.plugin_system:Skipping extension 'colcon_notification.desktop_notification.terminal_notifier': Not used on non-Darwin systems
[0.945s] INFO:colcon.colcon_core.plugin_system:Skipping extension 'colcon_notification.desktop_notification.win32': Not used on non-Windows systems
[0.945s] INFO:colcon.colcon_notification.desktop_notification:Sending desktop notification using 'notify2'
[0.945s] DEBUG:colcon.colcon_notification.desktop_notification.notify2:Failed to initialize notify2: org.freedesktop.DBus.Error.FileNotFound: Failed to connect to socket /run/user/1000/bus: No such file or directory
[0.946s] DEBUG:colcon.colcon_core.event_reactor:joined thread
[0.946s] INFO:colcon.colcon_core.shell:Creating prefix script '/home/sam/g1_humble_ws/install/local_setup.ps1'
[0.947s] INFO:colcon.colcon_core.shell:Creating prefix util module '/home/sam/g1_humble_ws/install/_local_setup_util_ps1.py'
[0.949s] INFO:colcon.colcon_core.shell:Creating prefix chain script '/home/sam/g1_humble_ws/install/setup.ps1'
[0.951s] INFO:colcon.colcon_core.shell:Creating prefix script '/home/sam/g1_humble_ws/install/local_setup.sh'
[0.952s] INFO:colcon.colcon_core.shell:Creating prefix util module '/home/sam/g1_humble_ws/install/_local_setup_util_sh.py'
[0.953s] INFO:colcon.colcon_core.shell:Creating prefix chain script '/home/sam/g1_humble_ws/install/setup.sh'
[0.954s] INFO:colcon.colcon_core.shell:Creating prefix script '/home/sam/g1_humble_ws/install/local_setup.bash'
[0.955s] INFO:colcon.colcon_core.shell:Creating prefix chain script '/home/sam/g1_humble_ws/install/setup.bash'
[0.956s] INFO:colcon.colcon_core.shell:Creating prefix script '/home/sam/g1_humble_ws/install/local_setup.zsh'
[0.957s] INFO:colcon.colcon_core.shell:Creating prefix chain script '/home/sam/g1_humble_ws/install/setup.zsh'
