[0.000000] (-) TimerEvent: {}
[0.000867] (unitree_g1_description) JobQueued: {'identifier': 'unitree_g1_description', 'dependencies': OrderedDict()}
[0.007168] (unitree_g1_description) JobStarted: {'identifier': 'unitree_g1_description'}
[0.043239] (unitree_g1_description) JobProgress: {'identifier': 'unitree_g1_description', 'progress': 'cmake'}
[0.043505] (unitree_g1_description) JobProgress: {'identifier': 'unitree_g1_description', 'progress': 'build'}
[0.043550] (unitree_g1_description) Command: {'cmd': ['/usr/bin/cmake', '--build', '/home/sam/g1_humble_ws/build/unitree_g1_description', '--', '-j12', '-l12'], 'cwd': '/home/sam/g1_humble_ws/build/unitree_g1_description', 'env': OrderedDict([('USER', 'sam'), ('SHLVL', '0'), ('LD_LIBRARY_PATH', '/usr/lib/x86_64-linux-gnu/gazebo-11/plugins:/opt/ros/humble/opt/rviz_ogre_vendor/lib:/opt/ros/humble/lib/x86_64-linux-gnu:/opt/ros/humble/lib'), ('HOME', '/home/sam'), ('OLDPWD', '/home/sam/g1_humble_ws'), ('DBUS_SESSION_BUS_ADDRESS', 'unix:path=/run/user/1000/bus'), ('WSL_DISTRO_NAME', 'Ubuntu-22.04'), ('WAYLAND_DISPLAY', 'wayland-0'), ('LOGNAME', 'sam'), ('NAME', 'LIBL-GZTMKY3'), ('WSL_INTEROP', '/run/WSL/199240_interop'), ('PULSE_SERVER', 'unix:/mnt/wslg/PulseServer'), ('_', '/usr/bin/colcon'), ('TERM', 'xterm-256color'), ('PATH', '/opt/ros/humble/bin:/usr/local/sbin:/usr/local/bin:/usr/sbin:/usr/bin:/sbin:/bin:/usr/games:/usr/local/games:/usr/lib/wsl/lib:/mnt/c/Windows/system32:/mnt/c/Windows:/mnt/c/Windows/System32/Wbem:/mnt/c/Windows/System32/WindowsPowerShell/v1.0/:/mnt/c/Windows/System32/OpenSSH/:/mnt/c/Program Files/cursor/resources/app/bin:/mnt/c/Users/sbatra/AppData/Local/Programs/Python/Python312/Scripts/:/mnt/c/Users/sbatra/AppData/Local/Programs/Python/Python312/:/mnt/c/Users/sbatra/AppData/Local/Programs/Python/Launcher/:/mnt/c/Users/sbatra/AppData/Local/Microsoft/WindowsApps:/mnt/c/Users/sbatra/AppData/Local/Programs/Microsoft VS Code/bin'), ('XDG_RUNTIME_DIR', '/run/user/1000/'), ('DISPLAY', ':0'), ('LANG', 'C.UTF-8'), ('AMENT_PREFIX_PATH', '/opt/ros/humble'), ('SHELL', '/bin/bash'), ('PWD', '/home/sam/g1_humble_ws/build/unitree_g1_description'), ('PYTHONPATH', '/opt/ros/humble/lib/python3.10/site-packages:/opt/ros/humble/local/lib/python3.10/dist-packages'), ('COLCON', '1'), ('WSL2_GUI_APPS_ENABLED', '1'), ('HOSTTYPE', 'x86_64'), ('WSLENV', ''), ('CMAKE_PREFIX_PATH', '/opt/ros/humble')]), 'shell': False}
[0.097306] (-) TimerEvent: {}
[0.201234] (unitree_g1_description) CommandEnded: {'returncode': 0}
[0.202910] (-) TimerEvent: {}
[0.205909] (unitree_g1_description) JobProgress: {'identifier': 'unitree_g1_description', 'progress': 'install'}
[0.258924] (unitree_g1_description) Command: {'cmd': ['/usr/bin/cmake', '--install', '/home/sam/g1_humble_ws/build/unitree_g1_description'], 'cwd': '/home/sam/g1_humble_ws/build/unitree_g1_description', 'env': OrderedDict([('USER', 'sam'), ('SHLVL', '0'), ('LD_LIBRARY_PATH', '/usr/lib/x86_64-linux-gnu/gazebo-11/plugins:/opt/ros/humble/opt/rviz_ogre_vendor/lib:/opt/ros/humble/lib/x86_64-linux-gnu:/opt/ros/humble/lib'), ('HOME', '/home/sam'), ('OLDPWD', '/home/sam/g1_humble_ws'), ('DBUS_SESSION_BUS_ADDRESS', 'unix:path=/run/user/1000/bus'), ('WSL_DISTRO_NAME', 'Ubuntu-22.04'), ('WAYLAND_DISPLAY', 'wayland-0'), ('LOGNAME', 'sam'), ('NAME', 'LIBL-GZTMKY3'), ('WSL_INTEROP', '/run/WSL/199240_interop'), ('PULSE_SERVER', 'unix:/mnt/wslg/PulseServer'), ('_', '/usr/bin/colcon'), ('TERM', 'xterm-256color'), ('PATH', '/opt/ros/humble/bin:/usr/local/sbin:/usr/local/bin:/usr/sbin:/usr/bin:/sbin:/bin:/usr/games:/usr/local/games:/usr/lib/wsl/lib:/mnt/c/Windows/system32:/mnt/c/Windows:/mnt/c/Windows/System32/Wbem:/mnt/c/Windows/System32/WindowsPowerShell/v1.0/:/mnt/c/Windows/System32/OpenSSH/:/mnt/c/Program Files/cursor/resources/app/bin:/mnt/c/Users/sbatra/AppData/Local/Programs/Python/Python312/Scripts/:/mnt/c/Users/sbatra/AppData/Local/Programs/Python/Python312/:/mnt/c/Users/sbatra/AppData/Local/Programs/Python/Launcher/:/mnt/c/Users/sbatra/AppData/Local/Microsoft/WindowsApps:/mnt/c/Users/sbatra/AppData/Local/Programs/Microsoft VS Code/bin'), ('XDG_RUNTIME_DIR', '/run/user/1000/'), ('DISPLAY', ':0'), ('LANG', 'C.UTF-8'), ('AMENT_PREFIX_PATH', '/opt/ros/humble'), ('SHELL', '/bin/bash'), ('PWD', '/home/sam/g1_humble_ws/build/unitree_g1_description'), ('PYTHONPATH', '/opt/ros/humble/lib/python3.10/site-packages:/opt/ros/humble/local/lib/python3.10/dist-packages'), ('COLCON', '1'), ('WSL2_GUI_APPS_ENABLED', '1'), ('HOSTTYPE', 'x86_64'), ('WSLENV', ''), ('CMAKE_PREFIX_PATH', '/opt/ros/humble')]), 'shell': False}
[0.293098] (unitree_g1_description) StdoutLine: {'line': b'-- Install configuration: ""\n'}
[0.293526] (unitree_g1_description) StdoutLine: {'line': b'-- Execute custom install script\n'}
[0.293684] (unitree_g1_description) StdoutLine: {'line': b'-- Up-to-date symlink: /home/sam/g1_humble_ws/install/unitree_g1_description/share/unitree_g1_description/urdf/g1_23dof.urdf\n'}
[0.293822] (unitree_g1_description) StdoutLine: {'line': b'-- Up-to-date symlink: /home/sam/g1_humble_ws/install/unitree_g1_description/share/unitree_g1_description/urdf/g1_23dof.xml\n'}
[0.294402] (unitree_g1_description) StdoutLine: {'line': b'-- Up-to-date symlink: /home/sam/g1_humble_ws/install/unitree_g1_description/share/unitree_g1_description/urdf/g1_23dof_mode_10.urdf\n'}
[0.294719] (unitree_g1_description) StdoutLine: {'line': b'-- Up-to-date symlink: /home/sam/g1_humble_ws/install/unitree_g1_description/share/unitree_g1_description/urdf/g1_23dof_rev_1_0.urdf\n'}
[0.295125] (unitree_g1_description) StdoutLine: {'line': b'-- Up-to-date symlink: /home/sam/g1_humble_ws/install/unitree_g1_description/share/unitree_g1_description/urdf/g1_23dof_rev_1_0.xml\n'}
[0.296236] (unitree_g1_description) StdoutLine: {'line': b'-- Up-to-date symlink: /home/sam/g1_humble_ws/install/unitree_g1_description/share/unitree_g1_description/urdf/g1_29dof.urdf\n'}
[0.296478] (unitree_g1_description) StdoutLine: {'line': b'-- Up-to-date symlink: /home/sam/g1_humble_ws/install/unitree_g1_description/share/unitree_g1_description/urdf/g1_29dof.xml\n'}
[0.296540] (unitree_g1_description) StdoutLine: {'line': b'-- Up-to-date symlink: /home/sam/g1_humble_ws/install/unitree_g1_description/share/unitree_g1_description/urdf/g1_29dof_lock_waist.urdf\n'}
[0.296597] (unitree_g1_description) StdoutLine: {'line': b'-- Up-to-date symlink: /home/sam/g1_humble_ws/install/unitree_g1_description/share/unitree_g1_description/urdf/g1_29dof_lock_waist.xml\n'}
[0.296685] (unitree_g1_description) StdoutLine: {'line': b'-- Up-to-date symlink: /home/sam/g1_humble_ws/install/unitree_g1_description/share/unitree_g1_description/urdf/g1_29dof_lock_waist_rev_1_0.urdf\n'}
[0.297119] (unitree_g1_description) StdoutLine: {'line': b'-- Up-to-date symlink: /home/sam/g1_humble_ws/install/unitree_g1_description/share/unitree_g1_description/urdf/g1_29dof_lock_waist_rev_1_0.xml\n'}
[0.297367] (unitree_g1_description) StdoutLine: {'line': b'-- Up-to-date symlink: /home/sam/g1_humble_ws/install/unitree_g1_description/share/unitree_g1_description/urdf/g1_29dof_lock_waist_with_hand_rev_1_0.urdf\n'}
[0.297513] (unitree_g1_description) StdoutLine: {'line': b'-- Up-to-date symlink: /home/sam/g1_humble_ws/install/unitree_g1_description/share/unitree_g1_description/urdf/g1_29dof_lock_waist_with_hand_rev_1_0.xml\n'}
[0.297885] (unitree_g1_description) StdoutLine: {'line': b'-- Up-to-date symlink: /home/sam/g1_humble_ws/install/unitree_g1_description/share/unitree_g1_description/urdf/g1_29dof_mode_11.urdf\n'}
[0.298048] (unitree_g1_description) StdoutLine: {'line': b'-- Up-to-date symlink: /home/sam/g1_humble_ws/install/unitree_g1_description/share/unitree_g1_description/urdf/g1_29dof_mode_12.urdf\n'}
[0.298178] (unitree_g1_description) StdoutLine: {'line': b'-- Up-to-date symlink: /home/sam/g1_humble_ws/install/unitree_g1_description/share/unitree_g1_description/urdf/g1_29dof_mode_13.urdf\n'}
[0.298302] (unitree_g1_description) StdoutLine: {'line': b'-- Up-to-date symlink: /home/sam/g1_humble_ws/install/unitree_g1_description/share/unitree_g1_description/urdf/g1_29dof_mode_14.urdf\n'}
[0.298421] (unitree_g1_description) StdoutLine: {'line': b'-- Up-to-date symlink: /home/sam/g1_humble_ws/install/unitree_g1_description/share/unitree_g1_description/urdf/g1_29dof_mode_15.urdf\n'}
[0.298558] (unitree_g1_description) StdoutLine: {'line': b'-- Up-to-date symlink: /home/sam/g1_humble_ws/install/unitree_g1_description/share/unitree_g1_description/urdf/g1_29dof_mode_16.urdf\n'}
[0.298789] (unitree_g1_description) StdoutLine: {'line': b'-- Up-to-date symlink: /home/sam/g1_humble_ws/install/unitree_g1_description/share/unitree_g1_description/urdf/g1_29dof_rev_1_0.urdf\n'}
[0.298915] (unitree_g1_description) StdoutLine: {'line': b'-- Up-to-date symlink: /home/sam/g1_humble_ws/install/unitree_g1_description/share/unitree_g1_description/urdf/g1_29dof_rev_1_0.xml\n'}
[0.299040] (unitree_g1_description) StdoutLine: {'line': b'-- Up-to-date symlink: /home/sam/g1_humble_ws/install/unitree_g1_description/share/unitree_g1_description/urdf/g1_29dof_rev_1_0_with_inspire_hand_DFQ.urdf\n'}
[0.299258] (unitree_g1_description) StdoutLine: {'line': b'-- Up-to-date symlink: /home/sam/g1_humble_ws/install/unitree_g1_description/share/unitree_g1_description/urdf/g1_29dof_rev_1_0_with_inspire_hand_FTP.urdf\n'}
[0.312646] (unitree_g1_description) StdoutLine: {'line': b'-- Up-to-date symlink: /home/sam/g1_humble_ws/install/unitree_g1_description/share/unitree_g1_description/urdf/g1_29dof_with_hand.urdf\n'}
[0.314214] (-) TimerEvent: {}
[0.315010] (unitree_g1_description) StdoutLine: {'line': b'-- Up-to-date symlink: /home/sam/g1_humble_ws/install/unitree_g1_description/share/unitree_g1_description/urdf/g1_29dof_with_hand.xml\n'}
[0.317066] (unitree_g1_description) StdoutLine: {'line': b'-- Up-to-date symlink: /home/sam/g1_humble_ws/install/unitree_g1_description/share/unitree_g1_description/urdf/g1_29dof_with_hand_rev_1_0.urdf\n'}
[0.318189] (unitree_g1_description) StdoutLine: {'line': b'-- Up-to-date symlink: /home/sam/g1_humble_ws/install/unitree_g1_description/share/unitree_g1_description/urdf/g1_29dof_with_hand_rev_1_0.xml\n'}
[0.318577] (unitree_g1_description) StdoutLine: {'line': b'-- Up-to-date symlink: /home/sam/g1_humble_ws/install/unitree_g1_description/share/unitree_g1_description/urdf/g1_comp.urdf\n'}
[0.318974] (unitree_g1_description) StdoutLine: {'line': b'-- Up-to-date symlink: /home/sam/g1_humble_ws/install/unitree_g1_description/share/unitree_g1_description/urdf/g1_dual_arm.urdf\n'}
[0.319471] (unitree_g1_description) StdoutLine: {'line': b'-- Up-to-date symlink: /home/sam/g1_humble_ws/install/unitree_g1_description/share/unitree_g1_description/urdf/g1_dual_arm.xml\n'}
[0.320262] (unitree_g1_description) StdoutLine: {'line': b'-- Up-to-date symlink: /home/sam/g1_humble_ws/install/unitree_g1_description/share/unitree_g1_description/meshes/L_hand_base_link.STL\n'}
[0.343342] (unitree_g1_description) StdoutLine: {'line': b'-- Up-to-date symlink: /home/sam/g1_humble_ws/install/unitree_g1_description/share/unitree_g1_description/meshes/Link11_L.STL\n'}
[0.346039] (unitree_g1_description) StdoutLine: {'line': b'-- Up-to-date symlink: /home/sam/g1_humble_ws/install/unitree_g1_description/share/unitree_g1_description/meshes/Link11_R.STL\n'}
[0.346602] (unitree_g1_description) StdoutLine: {'line': b'-- Up-to-date symlink: /home/sam/g1_humble_ws/install/unitree_g1_description/share/unitree_g1_description/meshes/Link12_L.STL\n'}
[0.346802] (unitree_g1_description) StdoutLine: {'line': b'-- Up-to-date symlink: /home/sam/g1_humble_ws/install/unitree_g1_description/share/unitree_g1_description/meshes/Link12_R.STL\n'}
[0.346940] (unitree_g1_description) StdoutLine: {'line': b'-- Up-to-date symlink: /home/sam/g1_humble_ws/install/unitree_g1_description/share/unitree_g1_description/meshes/Link13_L.STL\n'}
[0.347063] (unitree_g1_description) StdoutLine: {'line': b'-- Up-to-date symlink: /home/sam/g1_humble_ws/install/unitree_g1_description/share/unitree_g1_description/meshes/Link13_R.STL\n'}
[0.347193] (unitree_g1_description) StdoutLine: {'line': b'-- Up-to-date symlink: /home/sam/g1_humble_ws/install/unitree_g1_description/share/unitree_g1_description/meshes/Link14_L.STL\n'}
[0.347315] (unitree_g1_description) StdoutLine: {'line': b'-- Up-to-date symlink: /home/sam/g1_humble_ws/install/unitree_g1_description/share/unitree_g1_description/meshes/Link14_R.STL\n'}
[0.351288] (unitree_g1_description) StdoutLine: {'line': b'-- Up-to-date symlink: /home/sam/g1_humble_ws/install/unitree_g1_description/share/unitree_g1_description/meshes/Link15_L.STL\n'}
[0.351699] (unitree_g1_description) StdoutLine: {'line': b'-- Up-to-date symlink: /home/sam/g1_humble_ws/install/unitree_g1_description/share/unitree_g1_description/meshes/Link15_R.STL\n'}
[0.356962] (unitree_g1_description) CommandEnded: {'returncode': -2}
[0.380624] (unitree_g1_description) JobEnded: {'identifier': 'unitree_g1_description', 'rc': 'SIGINT'}
[0.382906] (-) EventReactorShutdown: {}
